Archive member included to satisfy reference by file (symbol)

c:/altera/15.0.0.139/nios2eds/bin/gnu/h-x86_64-mingw32/bin/../lib/gcc/nios2-elf/4.9.1/mno-hw-mul\libgcc.a(mulsf3.o)
                              obj/default/lm71.o (__mulsf3)
c:/altera/15.0.0.139/nios2eds/bin/gnu/h-x86_64-mingw32/bin/../lib/gcc/nios2-elf/4.9.1/mno-hw-mul\libgcc.a(floatunsisf.o)
                              obj/default/lm71.o (__floatunsisf)
c:/altera/15.0.0.139/nios2eds/bin/gnu/h-x86_64-mingw32/bin/../lib/gcc/nios2-elf/4.9.1/mno-hw-mul\libgcc.a(extendsfdf2.o)
                              obj/default/lm71.o (__extendsfdf2)
c:/altera/15.0.0.139/nios2eds/bin/gnu/h-x86_64-mingw32/bin/../lib/gcc/nios2-elf/4.9.1/mno-hw-mul\libgcc.a(_clzsi2.o)
                              c:/altera/15.0.0.139/nios2eds/bin/gnu/h-x86_64-mingw32/bin/../lib/gcc/nios2-elf/4.9.1/mno-hw-mul\libgcc.a(mulsf3.o) (__clzsi2)
c:/altera/15.0.0.139/nios2eds/bin/gnu/h-x86_64-mingw32/bin/../lib/gcc/nios2-elf/4.9.1/mno-hw-mul\libgcc.a(lib2-mul.o)
                              c:/altera/15.0.0.139/nios2eds/bin/gnu/h-x86_64-mingw32/bin/../lib/gcc/nios2-elf/4.9.1/mno-hw-mul\libgcc.a(mulsf3.o) (__mulsi3)
c:/altera/15.0.0.139/nios2eds/bin/gnu/h-x86_64-mingw32/bin/../lib/gcc/nios2-elf/4.9.1/mno-hw-mul\libgcc.a(_clz.o)
                              c:/altera/15.0.0.139/nios2eds/bin/gnu/h-x86_64-mingw32/bin/../lib/gcc/nios2-elf/4.9.1/mno-hw-mul\libgcc.a(_clzsi2.o) (__clz_tab)
c:/altera/15.0.0.139/nios2eds/bin/gnu/h-x86_64-mingw32/bin/../lib/gcc/nios2-elf/4.9.1/../../../../../H-x86_64-mingw32/nios2-elf/lib/mno-hw-mul\libc.a(lib_a-printf.o)
                              obj/default/lm71.o (printf)
c:/altera/15.0.0.139/nios2eds/bin/gnu/h-x86_64-mingw32/bin/../lib/gcc/nios2-elf/4.9.1/../../../../../H-x86_64-mingw32/nios2-elf/lib/mno-hw-mul\libc.a(lib_a-puts.o)
                              obj/default/lm71.o (puts)
c:/altera/15.0.0.139/nios2eds/bin/gnu/h-x86_64-mingw32/bin/../lib/gcc/nios2-elf/4.9.1/../../../../../H-x86_64-mingw32/nios2-elf/lib/mno-hw-mul\libc.a(lib_a-strlen.o)
                              c:/altera/15.0.0.139/nios2eds/bin/gnu/h-x86_64-mingw32/bin/../lib/gcc/nios2-elf/4.9.1/../../../../../H-x86_64-mingw32/nios2-elf/lib/mno-hw-mul\libc.a(lib_a-puts.o) (strlen)
c:/altera/15.0.0.139/nios2eds/bin/gnu/h-x86_64-mingw32/bin/../lib/gcc/nios2-elf/4.9.1/../../../../../H-x86_64-mingw32/nios2-elf/lib/mno-hw-mul\libc.a(lib_a-vfprintf.o)
                              c:/altera/15.0.0.139/nios2eds/bin/gnu/h-x86_64-mingw32/bin/../lib/gcc/nios2-elf/4.9.1/../../../../../H-x86_64-mingw32/nios2-elf/lib/mno-hw-mul\libc.a(lib_a-printf.o) (___vfprintf_internal_r)
c:/altera/15.0.0.139/nios2eds/bin/gnu/h-x86_64-mingw32/bin/../lib/gcc/nios2-elf/4.9.1/../../../../../H-x86_64-mingw32/nios2-elf/lib/mno-hw-mul\libc.a(lib_a-wsetup.o)
                              c:/altera/15.0.0.139/nios2eds/bin/gnu/h-x86_64-mingw32/bin/../lib/gcc/nios2-elf/4.9.1/../../../../../H-x86_64-mingw32/nios2-elf/lib/mno-hw-mul\libc.a(lib_a-vfprintf.o) (__swsetup_r)
c:/altera/15.0.0.139/nios2eds/bin/gnu/h-x86_64-mingw32/bin/../lib/gcc/nios2-elf/4.9.1/../../../../../H-x86_64-mingw32/nios2-elf/lib/mno-hw-mul\libc.a(lib_a-dtoa.o)
                              c:/altera/15.0.0.139/nios2eds/bin/gnu/h-x86_64-mingw32/bin/../lib/gcc/nios2-elf/4.9.1/../../../../../H-x86_64-mingw32/nios2-elf/lib/mno-hw-mul\libc.a(lib_a-vfprintf.o) (_dtoa_r)
c:/altera/15.0.0.139/nios2eds/bin/gnu/h-x86_64-mingw32/bin/../lib/gcc/nios2-elf/4.9.1/../../../../../H-x86_64-mingw32/nios2-elf/lib/mno-hw-mul\libc.a(lib_a-fflush.o)
                              c:/altera/15.0.0.139/nios2eds/bin/gnu/h-x86_64-mingw32/bin/../lib/gcc/nios2-elf/4.9.1/../../../../../H-x86_64-mingw32/nios2-elf/lib/mno-hw-mul\libc.a(lib_a-vfprintf.o) (_fflush_r)
c:/altera/15.0.0.139/nios2eds/bin/gnu/h-x86_64-mingw32/bin/../lib/gcc/nios2-elf/4.9.1/../../../../../H-x86_64-mingw32/nios2-elf/lib/mno-hw-mul\libc.a(lib_a-findfp.o)
                              c:/altera/15.0.0.139/nios2eds/bin/gnu/h-x86_64-mingw32/bin/../lib/gcc/nios2-elf/4.9.1/../../../../../H-x86_64-mingw32/nios2-elf/lib/mno-hw-mul\libc.a(lib_a-vfprintf.o) (__sinit)
c:/altera/15.0.0.139/nios2eds/bin/gnu/h-x86_64-mingw32/bin/../lib/gcc/nios2-elf/4.9.1/../../../../../H-x86_64-mingw32/nios2-elf/lib/mno-hw-mul\libc.a(lib_a-freer.o)
                              c:/altera/15.0.0.139/nios2eds/bin/gnu/h-x86_64-mingw32/bin/../lib/gcc/nios2-elf/4.9.1/../../../../../H-x86_64-mingw32/nios2-elf/lib/mno-hw-mul\libc.a(lib_a-wsetup.o) (_free_r)
c:/altera/15.0.0.139/nios2eds/bin/gnu/h-x86_64-mingw32/bin/../lib/gcc/nios2-elf/4.9.1/../../../../../H-x86_64-mingw32/nios2-elf/lib/mno-hw-mul\libc.a(lib_a-fvwrite.o)
                              c:/altera/15.0.0.139/nios2eds/bin/gnu/h-x86_64-mingw32/bin/../lib/gcc/nios2-elf/4.9.1/../../../../../H-x86_64-mingw32/nios2-elf/lib/mno-hw-mul\libc.a(lib_a-puts.o) (__sfvwrite_r)
[...]
Memory Configuration

Name             Origin             Length             Attributes
ufm_flash_data   0x0000000001200000 0x0000000000160000
reset            0x0000000001440000 0x0000000000000020
onchip_ram       0x0000000001440020 0x00000000000257e0
*default*        0x0000000000000000 0xffffffffffffffff

Linker script and memory map

LOAD ../lm71_temp_bsp//obj/HAL/src/crt0.o
LOAD obj/default/lm71.o
LOAD c:/altera/15.0.0.139/nios2eds/bin/gnu/h-x86_64-mingw32/bin/../lib/gcc/nios2-elf/4.9.1/../../../../../H-x86_64-mingw32/nios2-elf/lib/mno-hw-mul\libstdc++.a
LOAD c:/altera/15.0.0.139/nios2eds/bin/gnu/h-x86_64-mingw32/bin/../lib/gcc/nios2-elf/4.9.1/../../../../../H-x86_64-mingw32/nios2-elf/lib/mno-hw-mul\libm.a
LOAD c:/altera/15.0.0.139/nios2eds/bin/gnu/h-x86_64-mingw32/bin/../lib/gcc/nios2-elf/4.9.1/mno-hw-mul\libgcc.a
START GROUP
LOAD c:/altera/15.0.0.139/nios2eds/bin/gnu/h-x86_64-mingw32/bin/../lib/gcc/nios2-elf/4.9.1/../../../../../H-x86_64-mingw32/nios2-elf/lib/mno-hw-mul\libc.a
LOAD c:/altera/15.0.0.139/nios2eds/bin/gnu/h-x86_64-mingw32/bin/../lib/gcc/nios2-elf/4.9.1/mno-hw-mul\libgcc.a
LOAD ../lm71_temp_bsp/\libhal_bsp.a
LOAD c:/altera/15.0.0.139/nios2eds/bin/gnu/h-x86_64-mingw32/bin/../lib/gcc/nios2-elf/4.9.1/../../../../../H-x86_64-mingw32/nios2-elf/lib/mno-hw-mul\libm.a
END GROUP
LOAD c:/altera/15.0.0.139/nios2eds/bin/gnu/h-x86_64-mingw32/bin/../lib/gcc/nios2-elf/4.9.1/mno-hw-mul\libgcc.a
                0x0000000001200000                __alt_mem_ufm_flash_data = 0x1200000
                0x0000000001440000                __alt_mem_onchip_ram = 0x1440000

.entry          0x0000000001440000       0x20
 *(.entry)
 .entry         0x0000000001440000       0x20 ../lm71_temp_bsp//obj/HAL/src/crt0.o
                0x0000000001440000                __reset

.exceptions     0x0000000001440020      0x20c
                0x0000000001440020                PROVIDE (__ram_exceptions_start, ABSOLUTE (.))
                0x0000000001440020                . = ALIGN (0x20)
 *(.irq)
 *(.exceptions.entry.label)
 .exceptions.entry.label
                0x0000000001440020        0x0 ../lm71_temp_bsp/\libhal_bsp.a(alt_irq_entry.o)
                0x0000000001440020                alt_irq_entry
 .exceptions.entry.label
                0x0000000001440020        0x0 ../lm71_temp_bsp/\libhal_bsp.a(alt_exception_entry.o)
                0x0000000001440020                alt_exception
 *(.exceptions.entry.user)
 *(.exceptions.entry.ecc_fatal)
 *(.exceptions.entry)
 .exceptions.entry
                0x0000000001440020       0x54 ../lm71_temp_bsp/\libhal_bsp.a(alt_exception_entry.o)
 *(.exceptions.irqtest.user)
 *(.exceptions.irqtest)
 .exceptions.irqtest
                0x0000000001440074       0x10 ../lm71_temp_bsp/\libhal_bsp.a(alt_irq_entry.o)
 *(.exceptions.irqhandler.user)
 *(.exceptions.irqhandler)
 .exceptions.irqhandler
                0x0000000001440084        0x4 ../lm71_temp_bsp/\libhal_bsp.a(alt_irq_entry.o)
 *(.exceptions.irqreturn.user)
 *(.exceptions.irqreturn)
 .exceptions.irqreturn
                0x0000000001440088        0x4 ../lm71_temp_bsp/\libhal_bsp.a(alt_irq_entry.o)
 *(.exceptions.notirq.label)
 .exceptions.notirq.label
                0x000000000144008c        0x0 ../lm71_temp_bsp/\libhal_bsp.a(alt_irq_entry.o)
 *(.exceptions.notirq.user)
 *(.exceptions.notirq)
 .exceptions.notirq
                0x000000000144008c        0x8 ../lm71_temp_bsp/\libhal_bsp.a(alt_exception_entry.o)
 *(.exceptions.soft.user)
 *(.exceptions.soft)
 *(.exceptions.unknown.user)
 *(.exceptions.unknown)
 .exceptions.unknown
                0x0000000001440094       0x14 ../lm71_temp_bsp/\libhal_bsp.a(alt_exception_entry.o)
 *(.exceptions.exit.label)
 .exceptions.exit.label
                0x00000000014400a8        0x0 ../lm71_temp_bsp/\libhal_bsp.a(alt_irq_entry.o)
 .exceptions.exit.label
                0x00000000014400a8        0x0 ../lm71_temp_bsp/\libhal_bsp.a(alt_exception_entry.o)
 *(.exceptions.exit.user)
 *(.exceptions.exit)
 .exceptions.exit
                0x00000000014400a8       0x54 ../lm71_temp_bsp/\libhal_bsp.a(alt_exception_entry.o)
 *(.exceptions)
 .exceptions    0x00000000014400fc       0xd0 ../lm71_temp_bsp/\libhal_bsp.a(alt_irq_handler.o)
                0x00000000014400fc                alt_irq_handler
 .exceptions    0x00000000014401cc       0x60 ../lm71_temp_bsp/\libhal_bsp.a(alt_instruction_exception_entry.o)
                0x00000000014401cc                alt_instruction_exception_entry
                0x000000000144022c                PROVIDE (__ram_exceptions_end, ABSOLUTE (.))
                0x0000000001440020                PROVIDE (__flash_exceptions_start, LOADADDR (.exceptions))

.text           0x000000000144022c    0x104f4
                0x000000000144022c                PROVIDE (stext, ABSOLUTE (.))
 *(.interp)
 *(.hash)
 *(.dynsym)
 *(.dynstr)
 *(.gnu.version)
 *(.gnu.version_d)
 *(.gnu.version_r)
 *(.rel.init)
 *(.rela.init)
 *(.rel.text .rel.text.* .rel.gnu.linkonce.t.*)
 *(.rela.text .rela.text.* .rela.gnu.linkonce.t.*)
 *(.rel.fini)
 *(.rela.fini)
 *(.rel.rodata .rel.rodata.* .rel.gnu.linkonce.r.*)
 *(.rela.rodata .rela.rodata.* .rela.gnu.linkonce.r.*)
 *(.rel.data .rel.data.* .rel.gnu.linkonce.d.*)
 *(.rela.data .rela.data.* .rela.gnu.linkonce.d.*)
 *(.rel.tdata .rel.tdata.* .rel.gnu.linkonce.td.*)
 *(.rela.tdata .rela.tdata.* .rela.gnu.linkonce.td.*)
 *(.rel.tbss .rel.tbss.* .rel.gnu.linkonce.tb.*)
 *(.rela.tbss .rela.tbss.* .rela.gnu.linkonce.tb.*)
 *(.rel.ctors)
 *(.rela.ctors)
 *(.rel.dtors)
 *(.rela.dtors)
 *(.rel.got)
 *(.rela.got)
 *(.rel.sdata .rel.sdata.* .rel.gnu.linkonce.s.*)
 *(.rela.sdata .rela.sdata.* .rela.gnu.linkonce.s.*)
 *(.rel.sbss .rel.sbss.* .rel.gnu.linkonce.sb.*)
 *(.rela.sbss .rela.sbss.* .rela.gnu.linkonce.sb.*)
 *(.rel.sdata2 .rel.sdata2.* .rel.gnu.linkonce.s2.*)
 *(.rela.sdata2 .rela.sdata2.* .rela.gnu.linkonce.s2.*)
 *(.rel.sbss2 .rel.sbss2.* .rel.gnu.linkonce.sb2.*)
 *(.rela.sbss2 .rela.sbss2.* .rela.gnu.linkonce.sb2.*)
 *(.rel.bss .rel.bss.* .rel.gnu.linkonce.b.*)
 *(.rela.bss .rela.bss.* .rela.gnu.linkonce.b.*)
 *(.rel.plt)
 *(.rela.plt)
 *(.rel.dyn)
 *(.init)
 *(.plt)
 *(.text .stub .text.* .gnu.linkonce.t.*)
 .text          0x000000000144022c       0x3c ../lm71_temp_bsp//obj/HAL/src/crt0.o
                0x000000000144022c                _start
 .text          0x0000000001440268      0x10c obj/default/lm71.o
                0x0000000001440268                main
 .text          0x0000000001440374      0x450 c:/altera/15.0.0.139/nios2eds/bin/gnu/h-x86_64-mingw32/bin/../lib/gcc/nios2-elf/4.9.1/mno-hw-mul\libgcc.a(mulsf3.o)
                0x0000000001440374                __mulsf3
 .text          0x00000000014407c4      0x110 c:/altera/15.0.0.139/nios2eds/bin/gnu/h-x86_64-mingw32/bin/../lib/gcc/nios2-elf/4.9.1/mno-hw-mul\libgcc.a(floatunsisf.o)
                0x00000000014407c4                __floatunsisf
 .text          0x00000000014408d4      0x110 c:/altera/15.0.0.139/nios2eds/bin/gnu/h-x86_64-mingw32/bin/../lib/gcc/nios2-elf/4.9.1/mno-hw-mul\libgcc.a(extendsfdf2.o)
                0x00000000014408d4                __extendsfdf2
 .text          0x00000000014409e4       0x64 c:/altera/15.0.0.139/nios2eds/bin/gnu/h-x86_64-mingw32/bin/../lib/gcc/nios2-elf/4.9.1/mno-hw-mul\libgcc.a(_clzsi2.o)
                0x00000000014409e4                __clzsi2
 .text          0x0000000001440a48       0x28 c:/altera/15.0.0.139/nios2eds/bin/gnu/h-x86_64-mingw32/bin/../lib/gcc/nios2-elf/4.9.1/mno-hw-mul\libgcc.a(lib2-mul.o)
                0x0000000001440a48                __mulsi3
 .text          0x0000000001440a70        0x0 c:/altera/15.0.0.139/nios2eds/bin/gnu/h-x86_64-mingw32/bin/../lib/gcc/nios2-elf/4.9.1/mno-hw-mul\libgcc.a(_clz.o)
 .text          0x0000000001440a70       0x68 c:/altera/15.0.0.139/nios2eds/bin/gnu/h-x86_64-mingw32/bin/../lib/gcc/nios2-elf/4.9.1/../../../../../H-x86_64-mingw32/nios2-elf/lib/mno-hw-mul\libc.a(lib_a-printf.o)
                0x0000000001440a70                _printf_r
                0x0000000001440a9c                printf
 .text          0x0000000001440ad8       0xcc c:/altera/15.0.0.139/nios2eds/bin/gnu/h-x86_64-mingw32/bin/../lib/gcc/nios2-elf/4.9.1/../../../../../H-x86_64-mingw32/nios2-elf/lib/mno-hw-mul\libc.a(lib_a-puts.o)
                0x0000000001440ad8                _puts_r
                0x0000000001440b90                puts
 .text          0x0000000001440ba4       0x98 c:/altera/15.0.0.139/nios2eds/bin/gnu/h-x86_64-mingw32/bin/../lib/gcc/nios2-elf/4.9.1/../../../../../H-x86_64-mingw32/nios2-elf/lib/mno-hw-mul\libc.a(lib_a-strlen.o)
                0x0000000001440ba4                strlen
 .text          0x0000000001440c3c     0x2120 c:/altera/15.0.0.139/nios2eds/bin/gnu/h-x86_64-mingw32/bin/../lib/gcc/nios2-elf/4.9.1/../../../../../H-x86_64-mingw32/nios2-elf/lib/mno-hw-mul\libc.a(lib_a-vfprintf.o)
                0x0000000001440c3c                ___vfprintf_internal_r
                0x0000000001442d38                __vfprintf_internal
 .text          0x0000000001442d5c      0x130 c:/altera/15.0.0.139/nios2eds/bin/gnu/h-x86_64-mingw32/bin/../lib/gcc/nios2-elf/4.9.1/../../../../../H-x86_64-mingw32/nios2-elf/lib/mno-hw-mul\libc.a(lib_a-wsetup.o)
                0x0000000001442d5c                __swsetup_r
 .text          0x0000000001442e8c     0x1950 c:/altera/15.0.0.139/nios2eds/bin/gnu/h-x86_64-mingw32/bin/../lib/gcc/nios2-elf/4.9.1/../../../../../H-x86_64-mingw32/nios2-elf/lib/mno-hw-mul\libc.a(lib_a-dtoa.o)
                0x00000000014430b4                _dtoa_r
 .text          0x00000000014447dc      0x258 c:/altera/15.0.0.139/nios2eds/bin/gnu/h-x86_64-mingw32/bin/../lib/gcc/nios2-elf/4.9.1/../../../../../H-x86_64-mingw32/nios2-elf/lib/mno-hw-mul\libc.a(lib_a-fflush.o)
                0x00000000014447dc                _fflush_r
                0x0000000001444a04                fflush
 .text          0x0000000001444a34      0x3b4 c:/altera/15.0.0.139/nios2eds/bin/gnu/h-x86_64-mingw32/bin/../lib/gcc/nios2-elf/4.9.1/../../../../../H-x86_64-mingw32/nios2-elf/lib/mno-hw-mul\libc.a(lib_a-findfp.o)
                0x0000000001444a44                _cleanup_r
                0x0000000001444bf0                __sfmoreglue
                0x0000000001444c68                __sfp
                0x0000000001444d80                _cleanup
                0x0000000001444d98                __sinit
                0x0000000001444da8                __sfp_lock_acquire
                0x0000000001444dac                __sfp_lock_release
                0x0000000001444db0                __sinit_lock_acquire
                0x0000000001444db4                __sinit_lock_release
                0x0000000001444db8                __fp_lock_all
                0x0000000001444dd0                __fp_unlock_all
 .text          0x0000000001444de8      0x414 c:/altera/15.0.0.139/nios2eds/bin/gnu/h-x86_64-mingw32/bin/../lib/gcc/nios2-elf/4.9.1/../../../../../H-x86_64-mingw32/nios2-elf/lib/mno-hw-mul\libc.a(lib_a-freer.o)
                0x0000000001444de8                _malloc_trim_r
                0x0000000001444f0c                _free_r
 .text          0x00000000014451fc      0x4a4 c:/altera/15.0.0.139/nios2eds/bin/gnu/h-x86_64-mingw32/bin/../lib/gcc/nios2-elf/4.9.1/../../../../../H-x86_64-mingw32/nios2-elf/lib/mno-hw-mul\libc.a(lib_a-fvwrite.o)
                0x00000000014451fc                __sfvwrite_r
 .text          0x00000000014456a0      0x170 c:/altera/15.0.0.139/nios2eds/bin/gnu/h-x86_64-mingw32/bin/../lib/gcc/nios2-elf/4.9.1/../../../../../H-x86_64-mingw32/nios2-elf/lib/mno-hw-mul\libc.a(lib_a-fwalk.o)
                0x00000000014456a0                _fwalk
                0x0000000001445758                _fwalk_reent
 .text          0x0000000001445810        0x0 c:/altera/15.0.0.139/nios2eds/bin/gnu/h-x86_64-mingw32/bin/../lib/gcc/nios2-elf/4.9.1/../../../../../H-x86_64-mingw32/nios2-elf/lib/mno-hw-mul\libc.a(lib_a-impure.o)
 .text          0x0000000001445810       0xe0 c:/altera/15.0.0.139/nios2eds/bin/gnu/h-x86_64-mingw32/bin/../lib/gcc/nios2-elf/4.9.1/../../../../../H-x86_64-mingw32/nios2-elf/lib/mno-hw-mul\libc.a(lib_a-locale.o)
                0x0000000001445810                _setlocale_r
                0x000000000144588c                __locale_charset
                0x0000000001445898                __locale_mb_cur_max
                0x00000000014458a8                __locale_msgcharset
                0x00000000014458b4                __locale_cjk_lang
                0x00000000014458bc                _localeconv_r
                0x00000000014458c8                setlocale
                0x00000000014458e4                localeconv
 .text          0x00000000014458f0      0x1b8 c:/altera/15.0.0.139/nios2eds/bin/gnu/h-x86_64-mingw32/bin/../lib/gcc/nios2-elf/4.9.1/../../../../../H-x86_64-mingw32/nios2-elf/lib/mno-hw-mul\libc.a(lib_a-makebuf.o)
                0x00000000014458f0                __smakebuf_r
 .text          0x0000000001445aa8      0x7a8 c:/altera/15.0.0.139/nios2eds/bin/gnu/h-x86_64-mingw32/bin/../lib/gcc/nios2-elf/4.9.1/../../../../../H-x86_64-mingw32/nios2-elf/lib/mno-hw-mul\libc.a(lib_a-mallocr.o)
                0x0000000001445aa8                _malloc_r
 .text          0x0000000001446250       0xe8 c:/altera/15.0.0.139/nios2eds/bin/gnu/h-x86_64-mingw32/bin/../lib/gcc/nios2-elf/4.9.1/../../../../../H-x86_64-mingw32/nios2-elf/lib/mno-hw-mul\libc.a(lib_a-memchr.o)
                0x0000000001446250                memchr
 .text          0x0000000001446338      0x138 c:/altera/15.0.0.139/nios2eds/bin/gnu/h-x86_64-mingw32/bin/../lib/gcc/nios2-elf/4.9.1/../../../../../H-x86_64-mingw32/nios2-elf/lib/mno-hw-mul\libc.a(lib_a-memcpy.o)
                0x0000000001446338                memcpy
 .text          0x0000000001446470      0x15c c:/altera/15.0.0.139/nios2eds/bin/gnu/h-x86_64-mingw32/bin/../lib/gcc/nios2-elf/4.9.1/../../../../../H-x86_64-mingw32/nios2-elf/lib/mno-hw-mul\libc.a(lib_a-memmove.o)
                0x0000000001446470                memmove
 .text          0x00000000014465cc      0x124 c:/altera/15.0.0.139/nios2eds/bin/gnu/h-x86_64-mingw32/bin/../lib/gcc/nios2-elf/4.9.1/../../../../../H-x86_64-mingw32/nios2-elf/lib/mno-hw-mul\libc.a(lib_a-memset.o)
                0x00000000014465cc                memset
 .text          0x00000000014466f0     0x1048 c:/altera/15.0.0.139/nios2eds/bin/gnu/h-x86_64-mingw32/bin/../lib/gcc/nios2-elf/4.9.1/../../../../../H-x86_64-mingw32/nios2-elf/lib/mno-hw-mul\libc.a(lib_a-mprec.o)
                0x00000000014466f0                _Balloc
                0x0000000001446798                _Bfree
                0x00000000014467c0                __multadd
                0x00000000014468fc                __s2b
                0x0000000001446a00                __hi0bits
                0x0000000001446a68                __lo0bits
                0x0000000001446b18                __i2b
                0x0000000001446b54                __multiply
                0x0000000001446de4                __pow5mult
                0x0000000001446f24                __lshift
                0x000000000144706c                __mcmp
                0x00000000014470cc                __mdiff
                0x0000000001447264                __ulp
                0x00000000014472c4                __b2d
                0x00000000014473e0                __d2b
                0x000000000144751c                __ratio
                0x00000000014475c0                _mprec_log10
                0x0000000001447634                __copybits
                0x00000000014476ac                __any_on
 .text          0x0000000001447738      0x5a0 c:/altera/15.0.0.139/nios2eds/bin/gnu/h-x86_64-mingw32/bin/../lib/gcc/nios2-elf/4.9.1/../../../../../H-x86_64-mingw32/nios2-elf/lib/mno-hw-mul\libc.a(lib_a-reallocr.o)
                0x0000000001447738                _realloc_r
 .text          0x0000000001447cd8       0x74 c:/altera/15.0.0.139/nios2eds/bin/gnu/h-x86_64-mingw32/bin/../lib/gcc/nios2-elf/4.9.1/../../../../../H-x86_64-mingw32/nios2-elf/lib/mno-hw-mul\libc.a(lib_a-s_fpclassify.o)
                0x0000000001447cd8                __fpclassifyd
 .text          0x0000000001447d4c       0x54 c:/altera/15.0.0.139/nios2eds/bin/gnu/h-x86_64-mingw32/bin/../lib/gcc/nios2-elf/4.9.1/../../../../../H-x86_64-mingw32/nios2-elf/lib/mno-hw-mul\libc.a(lib_a-sbrkr.o)
                0x0000000001447d4c                _sbrk_r
 .text          0x0000000001447da0      0x13c c:/altera/15.0.0.139/nios2eds/bin/gnu/h-x86_64-mingw32/bin/../lib/gcc/nios2-elf/4.9.1/../../../../../H-x86_64-mingw32/nios2-elf/lib/mno-hw-mul\libc.a(lib_a-stdio.o)
                0x0000000001447da0                __sread
                0x0000000001447df4                __seofread
                0x0000000001447dfc                __swrite
                0x0000000001447e78                __sseek
                0x0000000001447ed4                __sclose
 .text          0x0000000001447edc       0xa4 c:/altera/15.0.0.139/nios2eds/bin/gnu/h-x86_64-mingw32/bin/../lib/gcc/nios2-elf/4.9.1/../../../../../H-x86_64-mingw32/nios2-elf/lib/mno-hw-mul\libc.a(lib_a-strcmp.o)
                0x0000000001447edc                strcmp
 .text          0x0000000001447f80     0x155c c:/altera/15.0.0.139/nios2eds/bin/gnu/h-x86_64-mingw32/bin/../lib/gcc/nios2-elf/4.9.1/../../../../../H-x86_64-mingw32/nios2-elf/lib/mno-hw-mul\libc.a(lib_a-vfiprintf.o)
                0x000000000144807c                __sprint_r
                0x0000000001448094                ___vfiprintf_internal_r
                0x00000000014494b8                __vfiprintf_internal
 .text          0x00000000014494dc       0x5c c:/altera/15.0.0.139/nios2eds/bin/gnu/h-x86_64-mingw32/bin/../lib/gcc/nios2-elf/4.9.1/../../../../../H-x86_64-mingw32/nios2-elf/lib/mno-hw-mul\libc.a(lib_a-writer.o)
                0x00000000014494dc                _write_r
 .text          0x0000000001449538       0x54 c:/altera/15.0.0.139/nios2eds/bin/gnu/h-x86_64-mingw32/bin/../lib/gcc/nios2-elf/4.9.1/../../../../../H-x86_64-mingw32/nios2-elf/lib/mno-hw-mul\libc.a(closer.o)
                0x0000000001449538                _close_r
 .text          0x000000000144958c       0xd8 c:/altera/15.0.0.139/nios2eds/bin/gnu/h-x86_64-mingw32/bin/../lib/gcc/nios2-elf/4.9.1/../../../../../H-x86_64-mingw32/nios2-elf/lib/mno-hw-mul\libc.a(lib_a-callocr.o)
                0x000000000144958c                _calloc_r
 .text          0x0000000001449664      0x114 c:/altera/15.0.0.139/nios2eds/bin/gnu/h-x86_64-mingw32/bin/../lib/gcc/nios2-elf/4.9.1/../../../../../H-x86_64-mingw32/nios2-elf/lib/mno-hw-mul\libc.a(lib_a-fclose.o)
                0x0000000001449664                _fclose_r
                0x0000000001449764                fclose
 .text          0x0000000001449778      0x1dc c:/altera/15.0.0.139/nios2eds/bin/gnu/h-x86_64-mingw32/bin/../lib/gcc/nios2-elf/4.9.1/../../../../../H-x86_64-mingw32/nios2-elf/lib/mno-hw-mul\libc.a(lib_a-fputwc.o)
                0x0000000001449778                _fputwc_r
                0x00000000014498fc                fputwc
 .text          0x0000000001449954       0x58 c:/altera/15.0.0.139/nios2eds/bin/gnu/h-x86_64-mingw32/bin/../lib/gcc/nios2-elf/4.9.1/../../../../../H-x86_64-mingw32/nios2-elf/lib/mno-hw-mul\libc.a(lib_a-fstatr.o)
                0x0000000001449954                _fstat_r
 .text          0x00000000014499ac        0x0 c:/altera/15.0.0.139/nios2eds/bin/gnu/h-x86_64-mingw32/bin/../lib/gcc/nios2-elf/4.9.1/../../../../../H-x86_64-mingw32/nios2-elf/lib/mno-hw-mul\libc.a(lib_a-int_errno.o)
 .text          0x00000000014499ac       0x54 c:/altera/15.0.0.139/nios2eds/bin/gnu/h-x86_64-mingw32/bin/../lib/gcc/nios2-elf/4.9.1/../../../../../H-x86_64-mingw32/nios2-elf/lib/mno-hw-mul\libc.a(lib_a-isattyr.o)
                0x00000000014499ac                _isatty_r
 .text          0x0000000001449a00       0x5c c:/altera/15.0.0.139/nios2eds/bin/gnu/h-x86_64-mingw32/bin/../lib/gcc/nios2-elf/4.9.1/../../../../../H-x86_64-mingw32/nios2-elf/lib/mno-hw-mul\libc.a(lib_a-lseekr.o)
                0x0000000001449a00                _lseek_r
 .text          0x0000000001449a5c       0x5c c:/altera/15.0.0.139/nios2eds/bin/gnu/h-x86_64-mingw32/bin/../lib/gcc/nios2-elf/4.9.1/../../../../../H-x86_64-mingw32/nios2-elf/lib/mno-hw-mul\libc.a(lib_a-readr.o)
                0x0000000001449a5c                _read_r
 .text          0x0000000001449ab8      0x170 c:/altera/15.0.0.139/nios2eds/bin/gnu/h-x86_64-mingw32/bin/../lib/gcc/nios2-elf/4.9.1/../../../../../H-x86_64-mingw32/nios2-elf/lib/mno-hw-mul\libc.a(lib_a-wbuf.o)
                0x0000000001449ab8                __swbuf_r
                0x0000000001449c0c                __swbuf
 .text          0x0000000001449c28      0x174 c:/altera/15.0.0.139/nios2eds/bin/gnu/h-x86_64-mingw32/bin/../lib/gcc/nios2-elf/4.9.1/../../../../../H-x86_64-mingw32/nios2-elf/lib/mno-hw-mul\libc.a(lib_a-wcrtomb.o)
                0x0000000001449c28                _wcrtomb_r
                0x0000000001449cc4                wcrtomb
 .text          0x0000000001449d9c       0x8c c:/altera/15.0.0.139/nios2eds/bin/gnu/h-x86_64-mingw32/bin/../lib/gcc/nios2-elf/4.9.1/../../../../../H-x86_64-mingw32/nios2-elf/lib/mno-hw-mul\libc.a(lib_a-wctomb_r.o)
                0x0000000001449d9c                __ascii_wctomb
                0x0000000001449dcc                _wctomb_r
 .text          0x0000000001449e28      0x640 c:/altera/15.0.0.139/nios2eds/bin/gnu/h-x86_64-mingw32/bin/../lib/gcc/nios2-elf/4.9.1/mno-hw-mul\libgcc.a(_udivdi3.o)
                0x0000000001449e28                __udivdi3
 .text          0x000000000144a468      0x61c c:/altera/15.0.0.139/nios2eds/bin/gnu/h-x86_64-mingw32/bin/../lib/gcc/nios2-elf/4.9.1/mno-hw-mul\libgcc.a(_umoddi3.o)
                0x000000000144a468                __umoddi3
 .text          0x000000000144aa84      0x12c c:/altera/15.0.0.139/nios2eds/bin/gnu/h-x86_64-mingw32/bin/../lib/gcc/nios2-elf/4.9.1/mno-hw-mul\libgcc.a(lib2-divmod.o)
                0x000000000144aaf0                __divsi3
                0x000000000144ab44                __modsi3
                0x000000000144aba0                __udivsi3
                0x000000000144aba8                __umodsi3
 .text          0x000000000144abb0      0x89c c:/altera/15.0.0.139/nios2eds/bin/gnu/h-x86_64-mingw32/bin/../lib/gcc/nios2-elf/4.9.1/mno-hw-mul\libgcc.a(adddf3.o)
                0x000000000144abb0                __adddf3
 .text          0x000000000144b44c      0x980 c:/altera/15.0.0.139/nios2eds/bin/gnu/h-x86_64-mingw32/bin/../lib/gcc/nios2-elf/4.9.1/mno-hw-mul\libgcc.a(divdf3.o)
                0x000000000144b44c                __divdf3
 .text          0x000000000144bdcc       0x84 c:/altera/15.0.0.139/nios2eds/bin/gnu/h-x86_64-mingw32/bin/../lib/gcc/nios2-elf/4.9.1/mno-hw-mul\libgcc.a(eqdf2.o)
                0x000000000144bdcc                __nedf2
                0x000000000144bdcc                __eqdf2
 .text          0x000000000144be50       0xe0 c:/altera/15.0.0.139/nios2eds/bin/gnu/h-x86_64-mingw32/bin/../lib/gcc/nios2-elf/4.9.1/mno-hw-mul\libgcc.a(gedf2.o)
                0x000000000144be50                __gedf2
                0x000000000144be50                __gtdf2
 .text          0x000000000144bf30       0xe0 c:/altera/15.0.0.139/nios2eds/bin/gnu/h-x86_64-mingw32/bin/../lib/gcc/nios2-elf/4.9.1/mno-hw-mul\libgcc.a(ledf2.o)
                0x000000000144bf30                __ledf2
                0x000000000144bf30                __ltdf2
 .text          0x000000000144c010      0x86c c:/altera/15.0.0.139/nios2eds/bin/gnu/h-x86_64-mingw32/bin/../lib/gcc/nios2-elf/4.9.1/mno-hw-mul\libgcc.a(muldf3.o)
                0x000000000144c010                __muldf3
 .text          0x000000000144c87c      0x8d0 c:/altera/15.0.0.139/nios2eds/bin/gnu/h-x86_64-mingw32/bin/../lib/gcc/nios2-elf/4.9.1/mno-hw-mul\libgcc.a(subdf3.o)
                0x000000000144c87c                __subdf3
 .text          0x000000000144d14c       0x88 c:/altera/15.0.0.139/nios2eds/bin/gnu/h-x86_64-mingw32/bin/../lib/gcc/nios2-elf/4.9.1/mno-hw-mul\libgcc.a(fixdfsi.o)
                0x000000000144d14c                __fixdfsi
 .text          0x000000000144d1d4       0xd0 c:/altera/15.0.0.139/nios2eds/bin/gnu/h-x86_64-mingw32/bin/../lib/gcc/nios2-elf/4.9.1/mno-hw-mul\libgcc.a(floatsidf.o)
                0x000000000144d1d4                __floatsidf
 .text          0x000000000144d2a4       0xa4 c:/altera/15.0.0.139/nios2eds/bin/gnu/h-x86_64-mingw32/bin/../lib/gcc/nios2-elf/4.9.1/mno-hw-mul\libgcc.a(floatunsidf.o)
                0x000000000144d2a4                __floatunsidf
 .text          0x000000000144d348      0x128 ../lm71_temp_bsp/\libhal_bsp.a(alt_close.o)
                0x000000000144d398                close
 .text          0x000000000144d470       0x2c ../lm71_temp_bsp/\libhal_bsp.a(alt_dev.o)
 .text          0x000000000144d49c        0x0 ../lm71_temp_bsp/\libhal_bsp.a(alt_errno.o)
 .text          0x000000000144d49c      0x108 ../lm71_temp_bsp/\libhal_bsp.a(alt_fstat.o)
                0x000000000144d4ec                fstat
 .text          0x000000000144d5a4       0xfc ../lm71_temp_bsp/\libhal_bsp.a(alt_isatty.o)
                0x000000000144d5f4                isatty
 .text          0x000000000144d6a0       0xe4 ../lm71_temp_bsp/\libhal_bsp.a(alt_load.o)
                0x000000000144d704                alt_load
 .text          0x000000000144d784      0x12c ../lm71_temp_bsp/\libhal_bsp.a(alt_lseek.o)
                0x000000000144d7d4                lseek
 .text          0x000000000144d8b0       0x68 ../lm71_temp_bsp/\libhal_bsp.a(alt_main.o)
                0x000000000144d8b0                alt_main
 .text          0x000000000144d918       0x40 ../lm71_temp_bsp/\libhal_bsp.a(alt_malloc_lock.o)
                0x000000000144d918                __malloc_lock
                0x000000000144d938                __malloc_unlock
 .text          0x000000000144d958      0x154 ../lm71_temp_bsp/\libhal_bsp.a(alt_read.o)
                0x000000000144d9a8                read
 .text          0x000000000144daac       0x80 ../lm71_temp_bsp/\libhal_bsp.a(alt_release_fd.o)
                0x000000000144daac                alt_release_fd
 .text          0x000000000144db2c       0xb0 ../lm71_temp_bsp/\libhal_bsp.a(alt_sbrk.o)
                0x000000000144db2c                sbrk
 .text          0x000000000144dbdc       0x30 ../lm71_temp_bsp/\libhal_bsp.a(alt_usleep.o)
                0x000000000144dbdc                usleep
 .text          0x000000000144dc0c      0x150 ../lm71_temp_bsp/\libhal_bsp.a(alt_write.o)
                0x000000000144dc5c                write
 .text          0x000000000144dd5c       0xdc ../lm71_temp_bsp/\libhal_bsp.a(alt_sys_init.o)
                0x000000000144dd94                alt_irq_init
                0x000000000144ddc8                alt_sys_init
 .text          0x000000000144de38       0xc0 ../lm71_temp_bsp/\libhal_bsp.a(altera_avalon_jtag_uart_fd.o)
                0x000000000144de38                altera_avalon_jtag_uart_read_fd
                0x000000000144de98                altera_avalon_jtag_uart_write_fd
 .text          0x000000000144def8       0xe4 ../lm71_temp_bsp/\libhal_bsp.a(altera_avalon_jtag_uart_read.o)
                0x000000000144def8                altera_avalon_jtag_uart_read
 .text          0x000000000144dfdc       0x94 ../lm71_temp_bsp/\libhal_bsp.a(altera_avalon_jtag_uart_write.o)
                0x000000000144dfdc                altera_avalon_jtag_uart_write
 .text          0x000000000144e070       0xfc ../lm71_temp_bsp/\libhal_bsp.a(altera_avalon_timer_sc.o)
                0x000000000144e0e4                alt_avalon_timer_sc_init
 .text          0x000000000144e16c      0x540 ../lm71_temp_bsp/\libhal_bsp.a(altera_modular_adc.o)
                0x000000000144e210                alt_adc_word_read
                0x000000000144e2bc                altera_modular_adc_init
                0x000000000144e32c                alt_adc_register_callback
                0x000000000144e3c4                altera_modular_adc_open
                0x000000000144e404                adc_stop
                0x000000000144e450                adc_start
                0x000000000144e484                adc_set_mode_run_once
                0x000000000144e4c0                adc_set_mode_run_continuously
                0x000000000144e4f8                adc_recalibrate
                0x000000000144e570                adc_interrupt_enable
                0x000000000144e5b0                adc_interrupt_disable
                0x000000000144e5f4                adc_clear_interrupt_status
                0x000000000144e634                adc_interrupt_asserted
                0x000000000144e674                adc_wait_for_interrupt
 .text          0x000000000144e6ac      0xefc ../lm71_temp_bsp/\libhal_bsp.a(altera_onchip_flash.o)
                0x000000000144e6e4                alt_onchip_flash_read
                0x000000000144e7b0                alt_onchip_flash_get_info
                0x000000000144e84c                alt_onchip_flash_erase_block
                0x000000000144e9b4                alt_onchip_flash_write_block
                0x000000000144ec78                alt_onchip_flash_write
                0x000000000144ef50                altera_onchip_flash_init
                0x000000000144f428                alt_onchip_flash_poll_for_status_to_go_idle
                0x000000000144f4a8                alt_onchip_flash_poll_for_status_erase_passed
                0x000000000144f528                alt_onchip_flash_poll_for_status_write_passed
 .text          0x000000000144f5a8      0x158 ../lm71_temp_bsp/\libhal_bsp.a(alt_busy_sleep.o)
                0x000000000144f5a8                alt_busy_sleep
 .text          0x000000000144f700       0x24 ../lm71_temp_bsp/\libhal_bsp.a(alt_dcache_flush.o)
                0x000000000144f700                alt_dcache_flush
 .text          0x000000000144f724       0x1c ../lm71_temp_bsp/\libhal_bsp.a(alt_dcache_flush_all.o)
                0x000000000144f724                alt_dcache_flush_all
 .text          0x000000000144f740       0xf4 ../lm71_temp_bsp/\libhal_bsp.a(alt_dev_llist_insert.o)
                0x000000000144f790                alt_dev_llist_insert
 .text          0x000000000144f834       0x90 ../lm71_temp_bsp/\libhal_bsp.a(alt_find_dev.o)
                0x000000000144f834                alt_find_dev
 .text          0x000000000144f8c4       0xb8 ../lm71_temp_bsp/\libhal_bsp.a(alt_flash_dev.o)
                0x000000000144f8c4                alt_flash_open_dev
                0x000000000144f92c                alt_flash_close_dev
 .text          0x000000000144f97c       0x1c ../lm71_temp_bsp/\libhal_bsp.a(alt_icache_flush_all.o)
                0x000000000144f97c                alt_icache_flush_all
 .text          0x000000000144f998      0x1e0 ../lm71_temp_bsp/\libhal_bsp.a(alt_iic.o)
                0x000000000144f998                alt_ic_isr_register
                0x000000000144f9e8                alt_ic_irq_enable
                0x000000000144fa88                alt_ic_irq_disable
                0x000000000144fb2c                alt_ic_irq_enabled
 .text          0x000000000144fb78       0xf0 ../lm71_temp_bsp/\libhal_bsp.a(alt_iic_isr_register.o)
                0x000000000144fb78                alt_iic_isr_register
 .text          0x000000000144fc68      0x158 ../lm71_temp_bsp/\libhal_bsp.a(alt_io_redirect.o)
                0x000000000144fd48                alt_io_redirect
 .text          0x000000000144fdc0        0x0 ../lm71_temp_bsp/\libhal_bsp.a(alt_irq_entry.o)
 .text          0x000000000144fdc0        0x0 ../lm71_temp_bsp/\libhal_bsp.a(alt_irq_handler.o)
 .text          0x000000000144fdc0        0x0 ../lm71_temp_bsp/\libhal_bsp.a(alt_irq_vars.o)
 .text          0x000000000144fdc0      0x2a4 ../lm71_temp_bsp/\libhal_bsp.a(alt_open.o)
                0x000000000144ff04                open
 .text          0x0000000001450064      0x19c ../lm71_temp_bsp/\libhal_bsp.a(alt_tick.o)
                0x0000000001450064                alt_alarm_stop
                0x00000000014500fc                alt_tick
 .text          0x0000000001450200       0x20 ../lm71_temp_bsp/\libhal_bsp.a(altera_nios2_gen2_irq.o)
                0x0000000001450200                altera_nios2_gen2_irq_init
 .text          0x0000000001450220        0x0 ../lm71_temp_bsp/\libhal_bsp.a(alt_exception_entry.o)
 .text          0x0000000001450220      0x114 ../lm71_temp_bsp/\libhal_bsp.a(alt_find_file.o)
                0x0000000001450220                alt_find_file
 .text          0x0000000001450334       0xd4 ../lm71_temp_bsp/\libhal_bsp.a(alt_get_fd.o)
                0x0000000001450334                alt_get_fd
 .text          0x0000000001450408       0x9c ../lm71_temp_bsp/\libhal_bsp.a(alt_instruction_exception_entry.o)
                0x0000000001450408                alt_exception_cause_generated_bad_addr
 .text          0x00000000014504a4       0x38 c:/altera/15.0.0.139/nios2eds/bin/gnu/h-x86_64-mingw32/bin/../lib/gcc/nios2-elf/4.9.1/../../../../../H-x86_64-mingw32/nios2-elf/lib/mno-hw-mul\libc.a(lib_a-exit.o)
                0x00000000014504a4                exit
 .text          0x00000000014504dc       0x7c c:/altera/15.0.0.139/nios2eds/bin/gnu/h-x86_64-mingw32/bin/../lib/gcc/nios2-elf/4.9.1/../../../../../H-x86_64-mingw32/nios2-elf/lib/mno-hw-mul\libc.a(lib_a-memcmp.o)
                0x00000000014504dc                memcmp
 .text          0x0000000001450558      0x194 c:/altera/15.0.0.139/nios2eds/bin/gnu/h-x86_64-mingw32/bin/../lib/gcc/nios2-elf/4.9.1/../../../../../H-x86_64-mingw32/nios2-elf/lib/mno-hw-mul\libc.a(lib_a-__call_atexit.o)
                0x0000000001450558                __call_exitprocs
 .text          0x00000000014506ec       0x34 ../lm71_temp_bsp/\libhal_bsp.a(alt_exit.o)
                0x00000000014506ec                _exit
 *(.gnu.warning.*)
 *(.fini)
                0x0000000001450720                PROVIDE (__etext, ABSOLUTE (.))
                0x0000000001450720                PROVIDE (_etext, ABSOLUTE (.))
                0x0000000001450720                PROVIDE (etext, ABSOLUTE (.))
 *(.eh_frame_hdr)
                0x0000000001450720                . = ALIGN (0x4)
                0x0000000001450720                PROVIDE (__preinit_array_start, ABSOLUTE (.))
 *(.preinit_array)
                0x0000000001450720                PROVIDE (__preinit_array_end, ABSOLUTE (.))
                0x0000000001450720                PROVIDE (__init_array_start, ABSOLUTE (.))
 *(.init_array)
                0x0000000001450720                PROVIDE (__init_array_end, ABSOLUTE (.))
                0x0000000001450720                PROVIDE (__fini_array_start, ABSOLUTE (.))
 *(.fini_array)
                0x0000000001450720                PROVIDE (__fini_array_end, ABSOLUTE (.))
 *(.eh_frame)
 *(.gcc_except_table .gcc_except_table.*)
 *(.dynamic)
                0x0000000001450720                PROVIDE (__CTOR_LIST__, ABSOLUTE (.))
 *(.ctors)
 *(SORT(.ctors.*))
                0x0000000001450720                PROVIDE (__CTOR_END__, ABSOLUTE (.))
                0x0000000001450720                PROVIDE (__DTOR_LIST__, ABSOLUTE (.))
 *(.dtors)
 *(SORT(.dtors.*))
                0x0000000001450720                PROVIDE (__DTOR_END__, ABSOLUTE (.))
 *(.jcr)
                0x0000000001450720                . = ALIGN (0x4)

.rodata         0x0000000001450720      0x390
                0x0000000001450720                PROVIDE (__ram_rodata_start, ABSOLUTE (.))
                0x0000000001450720                . = ALIGN (0x4)
 *(.rodata .rodata.* .gnu.linkonce.r.*)
 .rodata        0x0000000001450720       0x64 obj/default/lm71.o
 .rodata        0x0000000001450784      0x100 c:/altera/15.0.0.139/nios2eds/bin/gnu/h-x86_64-mingw32/bin/../lib/gcc/nios2-elf/4.9.1/mno-hw-mul\libgcc.a(_clz.o)
                0x0000000001450784                __clz_tab
 .rodata.str1.4
                0x0000000001450884        0x2 c:/altera/15.0.0.139/nios2eds/bin/gnu/h-x86_64-mingw32/bin/../lib/gcc/nios2-elf/4.9.1/../../../../../H-x86_64-mingw32/nios2-elf/lib/mno-hw-mul\libc.a(lib_a-puts.o)
                                          0x4 (size before relaxing)
 *fill*         0x0000000001450886        0x2 
 .rodata.str1.4
                0x0000000001450888       0x42 c:/altera/15.0.0.139/nios2eds/bin/gnu/h-x86_64-mingw32/bin/../lib/gcc/nios2-elf/4.9.1/../../../../../H-x86_64-mingw32/nios2-elf/lib/mno-hw-mul\libc.a(lib_a-vfprintf.o)
                                         0x44 (size before relaxing)
 .rodata        0x00000000014508ca       0x20 c:/altera/15.0.0.139/nios2eds/bin/gnu/h-x86_64-mingw32/bin/../lib/gcc/nios2-elf/4.9.1/../../../../../H-x86_64-mingw32/nios2-elf/lib/mno-hw-mul\libc.a(lib_a-vfprintf.o)
 *fill*         0x00000000014508ea        0x2 
 .rodata.str1.4
                0x00000000014508ec       0x10 c:/altera/15.0.0.139/nios2eds/bin/gnu/h-x86_64-mingw32/bin/../lib/gcc/nios2-elf/4.9.1/../../../../../H-x86_64-mingw32/nios2-elf/lib/mno-hw-mul\libc.a(lib_a-dtoa.o)
                                         0x14 (size before relaxing)
 .rodata.str1.4
                0x00000000014508fc        0x2 c:/altera/15.0.0.139/nios2eds/bin/gnu/h-x86_64-mingw32/bin/../lib/gcc/nios2-elf/4.9.1/../../../../../H-x86_64-mingw32/nios2-elf/lib/mno-hw-mul\libc.a(lib_a-impure.o)
                                          0x4 (size before relaxing)
 *fill*         0x00000000014508fe        0x2 
 .rodata.str1.4
                0x0000000001450900        0xc c:/altera/15.0.0.139/nios2eds/bin/gnu/h-x86_64-mingw32/bin/../lib/gcc/nios2-elf/4.9.1/../../../../../H-x86_64-mingw32/nios2-elf/lib/mno-hw-mul\libc.a(lib_a-locale.o)
                                         0x14 (size before relaxing)
 .rodata        0x000000000145090c      0x124 c:/altera/15.0.0.139/nios2eds/bin/gnu/h-x86_64-mingw32/bin/../lib/gcc/nios2-elf/4.9.1/../../../../../H-x86_64-mingw32/nios2-elf/lib/mno-hw-mul\libc.a(lib_a-mprec.o)
                0x0000000001450918                __mprec_tinytens
                0x0000000001450940                __mprec_bigtens
                0x0000000001450968                __mprec_tens
 .rodata.str1.4
                0x0000000000000000       0x30 c:/altera/15.0.0.139/nios2eds/bin/gnu/h-x86_64-mingw32/bin/../lib/gcc/nios2-elf/4.9.1/../../../../../H-x86_64-mingw32/nios2-elf/lib/mno-hw-mul\libc.a(lib_a-vfiprintf.o)
 .rodata        0x0000000001450a30       0x20 c:/altera/15.0.0.139/nios2eds/bin/gnu/h-x86_64-mingw32/bin/../lib/gcc/nios2-elf/4.9.1/../../../../../H-x86_64-mingw32/nios2-elf/lib/mno-hw-mul\libc.a(lib_a-vfiprintf.o)
 .rodata        0x0000000001450a50        0xc ../lm71_temp_bsp/\libhal_bsp.a(alt_dev.o)
 .rodata        0x0000000001450a5c       0x10 ../lm71_temp_bsp/\libhal_bsp.a(alt_main.o)
 .rodata        0x0000000001450a6c       0x44 ../lm71_temp_bsp/\libhal_bsp.a(alt_sys_init.o)
 *(.rodata1)
                0x0000000001450ab0                . = ALIGN (0x4)
                0x0000000001450ab0                PROVIDE (__ram_rodata_end, ABSOLUTE (.))
                0x0000000001450720                PROVIDE (__flash_rodata_start, LOADADDR (.rodata))

.rwdata         0x0000000001450ab0      0xc0c load address 0x00000000014516bc
                0x0000000001450ab0                PROVIDE (__ram_rwdata_start, ABSOLUTE (.))
                0x0000000001450ab0                . = ALIGN (0x4)
 *(.got.plt)
 *(.got)
 *(.data1)
 *(.data .data.* .gnu.linkonce.d.*)
 .data          0x0000000001450ab0        0x0 ../lm71_temp_bsp//obj/HAL/src/crt0.o
 .data          0x0000000001450ab0        0x0 obj/default/lm71.o
 .data          0x0000000001450ab0        0x0 c:/altera/15.0.0.139/nios2eds/bin/gnu/h-x86_64-mingw32/bin/../lib/gcc/nios2-elf/4.9.1/mno-hw-mul\libgcc.a(mulsf3.o)
 .data          0x0000000001450ab0        0x0 c:/altera/15.0.0.139/nios2eds/bin/gnu/h-x86_64-mingw32/bin/../lib/gcc/nios2-elf/4.9.1/mno-hw-mul\libgcc.a(floatunsisf.o)
 .data          0x0000000001450ab0        0x0 c:/altera/15.0.0.139/nios2eds/bin/gnu/h-x86_64-mingw32/bin/../lib/gcc/nios2-elf/4.9.1/mno-hw-mul\libgcc.a(extendsfdf2.o)
 .data          0x0000000001450ab0        0x0 c:/altera/15.0.0.139/nios2eds/bin/gnu/h-x86_64-mingw32/bin/../lib/gcc/nios2-elf/4.9.1/mno-hw-mul\libgcc.a(_clzsi2.o)
 .data          0x0000000001450ab0        0x0 c:/altera/15.0.0.139/nios2eds/bin/gnu/h-x86_64-mingw32/bin/../lib/gcc/nios2-elf/4.9.1/mno-hw-mul\libgcc.a(lib2-mul.o)
 .data          0x0000000001450ab0        0x0 c:/altera/15.0.0.139/nios2eds/bin/gnu/h-x86_64-mingw32/bin/../lib/gcc/nios2-elf/4.9.1/mno-hw-mul\libgcc.a(_clz.o)
 .data          0x0000000001450ab0        0x0 c:/altera/15.0.0.139/nios2eds/bin/gnu/h-x86_64-mingw32/bin/../lib/gcc/nios2-elf/4.9.1/../../../../../H-x86_64-mingw32/nios2-elf/lib/mno-hw-mul\libc.a(lib_a-printf.o)
 .data          0x0000000001450ab0        0x0 c:/altera/15.0.0.139/nios2eds/bin/gnu/h-x86_64-mingw32/bin/../lib/gcc/nios2-elf/4.9.1/../../../../../H-x86_64-mingw32/nios2-elf/lib/mno-hw-mul\libc.a(lib_a-puts.o)
 .data          0x0000000001450ab0        0x0 c:/altera/15.0.0.139/nios2eds/bin/gnu/h-x86_64-mingw32/bin/../lib/gcc/nios2-elf/4.9.1/../../../../../H-x86_64-mingw32/nios2-elf/lib/mno-hw-mul\libc.a(lib_a-strlen.o)
 .data          0x0000000001450ab0        0x0 c:/altera/15.0.0.139/nios2eds/bin/gnu/h-x86_64-mingw32/bin/../lib/gcc/nios2-elf/4.9.1/../../../../../H-x86_64-mingw32/nios2-elf/lib/mno-hw-mul\libc.a(lib_a-vfprintf.o)
 .data          0x0000000001450ab0        0x0 c:/altera/15.0.0.139/nios2eds/bin/gnu/h-x86_64-mingw32/bin/../lib/gcc/nios2-elf/4.9.1/../../../../../H-x86_64-mingw32/nios2-elf/lib/mno-hw-mul\libc.a(lib_a-wsetup.o)
 .data          0x0000000001450ab0        0x0 c:/altera/15.0.0.139/nios2eds/bin/gnu/h-x86_64-mingw32/bin/../lib/gcc/nios2-elf/4.9.1/../../../../../H-x86_64-mingw32/nios2-elf/lib/mno-hw-mul\libc.a(lib_a-dtoa.o)
 .data          0x0000000001450ab0        0x0 c:/altera/15.0.0.139/nios2eds/bin/gnu/h-x86_64-mingw32/bin/../lib/gcc/nios2-elf/4.9.1/../../../../../H-x86_64-mingw32/nios2-elf/lib/mno-hw-mul\libc.a(lib_a-fflush.o)
 .data          0x0000000001450ab0        0x0 c:/altera/15.0.0.139/nios2eds/bin/gnu/h-x86_64-mingw32/bin/../lib/gcc/nios2-elf/4.9.1/../../../../../H-x86_64-mingw32/nios2-elf/lib/mno-hw-mul\libc.a(lib_a-findfp.o)
 .data          0x0000000001450ab0        0x0 c:/altera/15.0.0.139/nios2eds/bin/gnu/h-x86_64-mingw32/bin/../lib/gcc/nios2-elf/4.9.1/../../../../../H-x86_64-mingw32/nios2-elf/lib/mno-hw-mul\libc.a(lib_a-freer.o)
 .data          0x0000000001450ab0        0x0 c:/altera/15.0.0.139/nios2eds/bin/gnu/h-x86_64-mingw32/bin/../lib/gcc/nios2-elf/4.9.1/../../../../../H-x86_64-mingw32/nios2-elf/lib/mno-hw-mul\libc.a(lib_a-fvwrite.o)
 .data          0x0000000001450ab0        0x0 c:/altera/15.0.0.139/nios2eds/bin/gnu/h-x86_64-mingw32/bin/../lib/gcc/nios2-elf/4.9.1/../../../../../H-x86_64-mingw32/nios2-elf/lib/mno-hw-mul\libc.a(lib_a-fwalk.o)
 .data          0x0000000001450ab0      0x424 c:/altera/15.0.0.139/nios2eds/bin/gnu/h-x86_64-mingw32/bin/../lib/gcc/nios2-elf/4.9.1/../../../../../H-x86_64-mingw32/nios2-elf/lib/mno-hw-mul\libc.a(lib_a-impure.o)
 .data          0x0000000001450ed4       0x78 c:/altera/15.0.0.139/nios2eds/bin/gnu/h-x86_64-mingw32/bin/../lib/gcc/nios2-elf/4.9.1/../../../../../H-x86_64-mingw32/nios2-elf/lib/mno-hw-mul\libc.a(lib_a-locale.o)
 .data          0x0000000001450f4c        0x0 c:/altera/15.0.0.139/nios2eds/bin/gnu/h-x86_64-mingw32/bin/../lib/gcc/nios2-elf/4.9.1/../../../../../H-x86_64-mingw32/nios2-elf/lib/mno-hw-mul\libc.a(lib_a-makebuf.o)
 .data          0x0000000001450f4c      0x408 c:/altera/15.0.0.139/nios2eds/bin/gnu/h-x86_64-mingw32/bin/../lib/gcc/nios2-elf/4.9.1/../../../../../H-x86_64-mingw32/nios2-elf/lib/mno-hw-mul\libc.a(lib_a-mallocr.o)
                0x0000000001450f4c                __malloc_av_
 .data          0x0000000001451354        0x0 c:/altera/15.0.0.139/nios2eds/bin/gnu/h-x86_64-mingw32/bin/../lib/gcc/nios2-elf/4.9.1/../../../../../H-x86_64-mingw32/nios2-elf/lib/mno-hw-mul\libc.a(lib_a-memchr.o)
 .data          0x0000000001451354        0x0 c:/altera/15.0.0.139/nios2eds/bin/gnu/h-x86_64-mingw32/bin/../lib/gcc/nios2-elf/4.9.1/../../../../../H-x86_64-mingw32/nios2-elf/lib/mno-hw-mul\libc.a(lib_a-memcpy.o)
 .data          0x0000000001451354        0x0 c:/altera/15.0.0.139/nios2eds/bin/gnu/h-x86_64-mingw32/bin/../lib/gcc/nios2-elf/4.9.1/../../../../../H-x86_64-mingw32/nios2-elf/lib/mno-hw-mul\libc.a(lib_a-memmove.o)
 .data          0x0000000001451354        0x0 c:/altera/15.0.0.139/nios2eds/bin/gnu/h-x86_64-mingw32/bin/../lib/gcc/nios2-elf/4.9.1/../../../../../H-x86_64-mingw32/nios2-elf/lib/mno-hw-mul\libc.a(lib_a-memset.o)
 .data          0x0000000001451354        0x0 c:/altera/15.0.0.139/nios2eds/bin/gnu/h-x86_64-mingw32/bin/../lib/gcc/nios2-elf/4.9.1/../../../../../H-x86_64-mingw32/nios2-elf/lib/mno-hw-mul\libc.a(lib_a-mprec.o)
 .data          0x0000000001451354        0x0 c:/altera/15.0.0.139/nios2eds/bin/gnu/h-x86_64-mingw32/bin/../lib/gcc/nios2-elf/4.9.1/../../../../../H-x86_64-mingw32/nios2-elf/lib/mno-hw-mul\libc.a(lib_a-reallocr.o)
 .data          0x0000000001451354        0x0 c:/altera/15.0.0.139/nios2eds/bin/gnu/h-x86_64-mingw32/bin/../lib/gcc/nios2-elf/4.9.1/../../../../../H-x86_64-mingw32/nios2-elf/lib/mno-hw-mul\libc.a(lib_a-s_fpclassify.o)
 .data          0x0000000001451354        0x0 c:/altera/15.0.0.139/nios2eds/bin/gnu/h-x86_64-mingw32/bin/../lib/gcc/nios2-elf/4.9.1/../../../../../H-x86_64-mingw32/nios2-elf/lib/mno-hw-mul\libc.a(lib_a-sbrkr.o)
 .data          0x0000000001451354        0x0 c:/altera/15.0.0.139/nios2eds/bin/gnu/h-x86_64-mingw32/bin/../lib/gcc/nios2-elf/4.9.1/../../../../../H-x86_64-mingw32/nios2-elf/lib/mno-hw-mul\libc.a(lib_a-stdio.o)
 .data          0x0000000001451354        0x0 c:/altera/15.0.0.139/nios2eds/bin/gnu/h-x86_64-mingw32/bin/../lib/gcc/nios2-elf/4.9.1/../../../../../H-x86_64-mingw32/nios2-elf/lib/mno-hw-mul\libc.a(lib_a-strcmp.o)
 .data          0x0000000001451354        0x0 c:/altera/15.0.0.139/nios2eds/bin/gnu/h-x86_64-mingw32/bin/../lib/gcc/nios2-elf/4.9.1/../../../../../H-x86_64-mingw32/nios2-elf/lib/mno-hw-mul\libc.a(lib_a-vfiprintf.o)
 .data          0x0000000001451354        0x0 c:/altera/15.0.0.139/nios2eds/bin/gnu/h-x86_64-mingw32/bin/../lib/gcc/nios2-elf/4.9.1/../../../../../H-x86_64-mingw32/nios2-elf/lib/mno-hw-mul\libc.a(lib_a-writer.o)
 .data          0x0000000001451354        0x0 c:/altera/15.0.0.139/nios2eds/bin/gnu/h-x86_64-mingw32/bin/../lib/gcc/nios2-elf/4.9.1/../../../../../H-x86_64-mingw32/nios2-elf/lib/mno-hw-mul\libc.a(closer.o)
 .data          0x0000000001451354        0x0 c:/altera/15.0.0.139/nios2eds/bin/gnu/h-x86_64-mingw32/bin/../lib/gcc/nios2-elf/4.9.1/../../../../../H-x86_64-mingw32/nios2-elf/lib/mno-hw-mul\libc.a(lib_a-callocr.o)
 .data          0x0000000001451354        0x0 c:/altera/15.0.0.139/nios2eds/bin/gnu/h-x86_64-mingw32/bin/../lib/gcc/nios2-elf/4.9.1/../../../../../H-x86_64-mingw32/nios2-elf/lib/mno-hw-mul\libc.a(lib_a-fclose.o)
 .data          0x0000000001451354        0x0 c:/altera/15.0.0.139/nios2eds/bin/gnu/h-x86_64-mingw32/bin/../lib/gcc/nios2-elf/4.9.1/../../../../../H-x86_64-mingw32/nios2-elf/lib/mno-hw-mul\libc.a(lib_a-fputwc.o)
 .data          0x0000000001451354        0x0 c:/altera/15.0.0.139/nios2eds/bin/gnu/h-x86_64-mingw32/bin/../lib/gcc/nios2-elf/4.9.1/../../../../../H-x86_64-mingw32/nios2-elf/lib/mno-hw-mul\libc.a(lib_a-fstatr.o)
 .data          0x0000000001451354        0x0 c:/altera/15.0.0.139/nios2eds/bin/gnu/h-x86_64-mingw32/bin/../lib/gcc/nios2-elf/4.9.1/../../../../../H-x86_64-mingw32/nios2-elf/lib/mno-hw-mul\libc.a(lib_a-int_errno.o)
 .data          0x0000000001451354        0x0 c:/altera/15.0.0.139/nios2eds/bin/gnu/h-x86_64-mingw32/bin/../lib/gcc/nios2-elf/4.9.1/../../../../../H-x86_64-mingw32/nios2-elf/lib/mno-hw-mul\libc.a(lib_a-isattyr.o)
 .data          0x0000000001451354        0x0 c:/altera/15.0.0.139/nios2eds/bin/gnu/h-x86_64-mingw32/bin/../lib/gcc/nios2-elf/4.9.1/../../../../../H-x86_64-mingw32/nios2-elf/lib/mno-hw-mul\libc.a(lib_a-lseekr.o)
 .data          0x0000000001451354        0x0 c:/altera/15.0.0.139/nios2eds/bin/gnu/h-x86_64-mingw32/bin/../lib/gcc/nios2-elf/4.9.1/../../../../../H-x86_64-mingw32/nios2-elf/lib/mno-hw-mul\libc.a(lib_a-readr.o)
 .data          0x0000000001451354        0x0 c:/altera/15.0.0.139/nios2eds/bin/gnu/h-x86_64-mingw32/bin/../lib/gcc/nios2-elf/4.9.1/../../../../../H-x86_64-mingw32/nios2-elf/lib/mno-hw-mul\libc.a(lib_a-wbuf.o)
 .data          0x0000000001451354        0x0 c:/altera/15.0.0.139/nios2eds/bin/gnu/h-x86_64-mingw32/bin/../lib/gcc/nios2-elf/4.9.1/../../../../../H-x86_64-mingw32/nios2-elf/lib/mno-hw-mul\libc.a(lib_a-wcrtomb.o)
 .data          0x0000000001451354        0x0 c:/altera/15.0.0.139/nios2eds/bin/gnu/h-x86_64-mingw32/bin/../lib/gcc/nios2-elf/4.9.1/../../../../../H-x86_64-mingw32/nios2-elf/lib/mno-hw-mul\libc.a(lib_a-wctomb_r.o)
 .data          0x0000000001451354        0x0 c:/altera/15.0.0.139/nios2eds/bin/gnu/h-x86_64-mingw32/bin/../lib/gcc/nios2-elf/4.9.1/mno-hw-mul\libgcc.a(_udivdi3.o)
 .data          0x0000000001451354        0x0 c:/altera/15.0.0.139/nios2eds/bin/gnu/h-x86_64-mingw32/bin/../lib/gcc/nios2-elf/4.9.1/mno-hw-mul\libgcc.a(_umoddi3.o)
 .data          0x0000000001451354        0x0 c:/altera/15.0.0.139/nios2eds/bin/gnu/h-x86_64-mingw32/bin/../lib/gcc/nios2-elf/4.9.1/mno-hw-mul\libgcc.a(lib2-divmod.o)
 .data          0x0000000001451354        0x0 c:/altera/15.0.0.139/nios2eds/bin/gnu/h-x86_64-mingw32/bin/../lib/gcc/nios2-elf/4.9.1/mno-hw-mul\libgcc.a(adddf3.o)
 .data          0x0000000001451354        0x0 c:/altera/15.0.0.139/nios2eds/bin/gnu/h-x86_64-mingw32/bin/../lib/gcc/nios2-elf/4.9.1/mno-hw-mul\libgcc.a(divdf3.o)
 .data          0x0000000001451354        0x0 c:/altera/15.0.0.139/nios2eds/bin/gnu/h-x86_64-mingw32/bin/../lib/gcc/nios2-elf/4.9.1/mno-hw-mul\libgcc.a(eqdf2.o)
 .data          0x0000000001451354        0x0 c:/altera/15.0.0.139/nios2eds/bin/gnu/h-x86_64-mingw32/bin/../lib/gcc/nios2-elf/4.9.1/mno-hw-mul\libgcc.a(gedf2.o)
 .data          0x0000000001451354        0x0 c:/altera/15.0.0.139/nios2eds/bin/gnu/h-x86_64-mingw32/bin/../lib/gcc/nios2-elf/4.9.1/mno-hw-mul\libgcc.a(ledf2.o)
 .data          0x0000000001451354        0x0 c:/altera/15.0.0.139/nios2eds/bin/gnu/h-x86_64-mingw32/bin/../lib/gcc/nios2-elf/4.9.1/mno-hw-mul\libgcc.a(muldf3.o)
 .data          0x0000000001451354        0x0 c:/altera/15.0.0.139/nios2eds/bin/gnu/h-x86_64-mingw32/bin/../lib/gcc/nios2-elf/4.9.1/mno-hw-mul\libgcc.a(subdf3.o)
 .data          0x0000000001451354        0x0 c:/altera/15.0.0.139/nios2eds/bin/gnu/h-x86_64-mingw32/bin/../lib/gcc/nios2-elf/4.9.1/mno-hw-mul\libgcc.a(fixdfsi.o)
 .data          0x0000000001451354        0x0 c:/altera/15.0.0.139/nios2eds/bin/gnu/h-x86_64-mingw32/bin/../lib/gcc/nios2-elf/4.9.1/mno-hw-mul\libgcc.a(floatsidf.o)
 .data          0x0000000001451354        0x0 c:/altera/15.0.0.139/nios2eds/bin/gnu/h-x86_64-mingw32/bin/../lib/gcc/nios2-elf/4.9.1/mno-hw-mul\libgcc.a(floatunsidf.o)
 .data          0x0000000001451354        0x0 ../lm71_temp_bsp/\libhal_bsp.a(alt_close.o)
 .data          0x0000000001451354      0x1a8 ../lm71_temp_bsp/\libhal_bsp.a(alt_dev.o)
                0x0000000001451354                alt_dev_null
                0x000000000145137c                alt_fd_list
 .data          0x00000000014514fc        0x0 ../lm71_temp_bsp/\libhal_bsp.a(alt_errno.o)
 .data          0x00000000014514fc        0x0 ../lm71_temp_bsp/\libhal_bsp.a(alt_fstat.o)
 .data          0x00000000014514fc        0x0 ../lm71_temp_bsp/\libhal_bsp.a(alt_isatty.o)
 .data          0x00000000014514fc        0x0 ../lm71_temp_bsp/\libhal_bsp.a(alt_load.o)
 .data          0x00000000014514fc        0x0 ../lm71_temp_bsp/\libhal_bsp.a(alt_lseek.o)
 .data          0x00000000014514fc        0x0 ../lm71_temp_bsp/\libhal_bsp.a(alt_main.o)
 .data          0x00000000014514fc        0x0 ../lm71_temp_bsp/\libhal_bsp.a(alt_malloc_lock.o)
 .data          0x00000000014514fc        0x0 ../lm71_temp_bsp/\libhal_bsp.a(alt_read.o)
 .data          0x00000000014514fc        0x0 ../lm71_temp_bsp/\libhal_bsp.a(alt_release_fd.o)
 .data          0x00000000014514fc        0x0 ../lm71_temp_bsp/\libhal_bsp.a(alt_sbrk.o)
 .data          0x00000000014514fc        0x0 ../lm71_temp_bsp/\libhal_bsp.a(alt_usleep.o)
 .data          0x00000000014514fc        0x0 ../lm71_temp_bsp/\libhal_bsp.a(alt_write.o)
 .data          0x00000000014514fc      0x168 ../lm71_temp_bsp/\libhal_bsp.a(alt_sys_init.o)
 .data          0x0000000001451664        0x0 ../lm71_temp_bsp/\libhal_bsp.a(altera_avalon_jtag_uart_fd.o)
 .data          0x0000000001451664        0x0 ../lm71_temp_bsp/\libhal_bsp.a(altera_avalon_jtag_uart_read.o)
 .data          0x0000000001451664        0x0 ../lm71_temp_bsp/\libhal_bsp.a(altera_avalon_jtag_uart_write.o)
 .data          0x0000000001451664        0x0 ../lm71_temp_bsp/\libhal_bsp.a(altera_avalon_timer_sc.o)
 .data          0x0000000001451664        0x0 ../lm71_temp_bsp/\libhal_bsp.a(altera_modular_adc.o)
 .data          0x0000000001451664        0x0 ../lm71_temp_bsp/\libhal_bsp.a(altera_onchip_flash.o)
 .data          0x0000000001451664        0x0 ../lm71_temp_bsp/\libhal_bsp.a(alt_busy_sleep.o)
 .data          0x0000000001451664        0x0 ../lm71_temp_bsp/\libhal_bsp.a(alt_dcache_flush.o)
 .data          0x0000000001451664        0x0 ../lm71_temp_bsp/\libhal_bsp.a(alt_dcache_flush_all.o)
 .data          0x0000000001451664        0x0 ../lm71_temp_bsp/\libhal_bsp.a(alt_dev_llist_insert.o)
 .data          0x0000000001451664        0x0 ../lm71_temp_bsp/\libhal_bsp.a(alt_find_dev.o)
 .data          0x0000000001451664        0x0 ../lm71_temp_bsp/\libhal_bsp.a(alt_flash_dev.o)
 .data          0x0000000001451664        0x0 ../lm71_temp_bsp/\libhal_bsp.a(alt_icache_flush_all.o)
 .data          0x0000000001451664        0x0 ../lm71_temp_bsp/\libhal_bsp.a(alt_iic.o)
 .data          0x0000000001451664        0x0 ../lm71_temp_bsp/\libhal_bsp.a(alt_iic_isr_register.o)
 .data          0x0000000001451664        0x0 ../lm71_temp_bsp/\libhal_bsp.a(alt_io_redirect.o)
 .data          0x0000000001451664        0x0 ../lm71_temp_bsp/\libhal_bsp.a(alt_irq_entry.o)
 .data          0x0000000001451664        0x0 ../lm71_temp_bsp/\libhal_bsp.a(alt_irq_handler.o)
 .data          0x0000000001451664        0x0 ../lm71_temp_bsp/\libhal_bsp.a(alt_irq_vars.o)
 .data          0x0000000001451664        0x0 ../lm71_temp_bsp/\libhal_bsp.a(alt_open.o)
 .data          0x0000000001451664        0x0 ../lm71_temp_bsp/\libhal_bsp.a(alt_tick.o)
 .data          0x0000000001451664        0x0 ../lm71_temp_bsp/\libhal_bsp.a(altera_nios2_gen2_irq.o)
 .data          0x0000000001451664        0x0 ../lm71_temp_bsp/\libhal_bsp.a(alt_exception_entry.o)
 .data          0x0000000001451664        0x0 ../lm71_temp_bsp/\libhal_bsp.a(alt_find_file.o)
 .data          0x0000000001451664        0x0 ../lm71_temp_bsp/\libhal_bsp.a(alt_get_fd.o)
 .data          0x0000000001451664        0x0 ../lm71_temp_bsp/\libhal_bsp.a(alt_instruction_exception_entry.o)
 .data          0x0000000001451664        0x0 c:/altera/15.0.0.139/nios2eds/bin/gnu/h-x86_64-mingw32/bin/../lib/gcc/nios2-elf/4.9.1/../../../../../H-x86_64-mingw32/nios2-elf/lib/mno-hw-mul\libc.a(lib_a-exit.o)
 .data          0x0000000001451664        0x0 c:/altera/15.0.0.139/nios2eds/bin/gnu/h-x86_64-mingw32/bin/../lib/gcc/nios2-elf/4.9.1/../../../../../H-x86_64-mingw32/nios2-elf/lib/mno-hw-mul\libc.a(lib_a-memcmp.o)
 .data          0x0000000001451664        0x0 c:/altera/15.0.0.139/nios2eds/bin/gnu/h-x86_64-mingw32/bin/../lib/gcc/nios2-elf/4.9.1/../../../../../H-x86_64-mingw32/nios2-elf/lib/mno-hw-mul\libc.a(lib_a-__call_atexit.o)
 .data          0x0000000001451664        0x0 ../lm71_temp_bsp/\libhal_bsp.a(alt_exit.o)
                0x0000000001459664                _gp = ABSOLUTE ((. + 0x8000))
                0x0000000001459664                PROVIDE (gp, _gp)
 *(.rwdata .rwdata.*)
 *(.sdata .sdata.* .gnu.linkonce.s.*)
 .sdata         0x0000000001451664        0x8 c:/altera/15.0.0.139/nios2eds/bin/gnu/h-x86_64-mingw32/bin/../lib/gcc/nios2-elf/4.9.1/../../../../../H-x86_64-mingw32/nios2-elf/lib/mno-hw-mul\libc.a(lib_a-impure.o)
                0x0000000001451664                _global_impure_ptr
                0x0000000001451668                _impure_ptr
 .sdata         0x000000000145166c        0x4 c:/altera/15.0.0.139/nios2eds/bin/gnu/h-x86_64-mingw32/bin/../lib/gcc/nios2-elf/4.9.1/../../../../../H-x86_64-mingw32/nios2-elf/lib/mno-hw-mul\libc.a(lib_a-locale.o)
                0x000000000145166c                __mb_cur_max
 .sdata         0x0000000001451670        0x8 c:/altera/15.0.0.139/nios2eds/bin/gnu/h-x86_64-mingw32/bin/../lib/gcc/nios2-elf/4.9.1/../../../../../H-x86_64-mingw32/nios2-elf/lib/mno-hw-mul\libc.a(lib_a-mallocr.o)
                0x0000000001451670                __malloc_sbrk_base
                0x0000000001451674                __malloc_trim_threshold
 .sdata         0x0000000001451678        0x4 c:/altera/15.0.0.139/nios2eds/bin/gnu/h-x86_64-mingw32/bin/../lib/gcc/nios2-elf/4.9.1/../../../../../H-x86_64-mingw32/nios2-elf/lib/mno-hw-mul\libc.a(lib_a-wctomb_r.o)
                0x0000000001451678                __wctomb
 .sdata         0x000000000145167c       0x14 ../lm71_temp_bsp/\libhal_bsp.a(alt_dev.o)
                0x000000000145167c                alt_fs_list
                0x0000000001451684                alt_dev_list
                0x000000000145168c                alt_max_fd
 .sdata         0x0000000001451690        0x4 ../lm71_temp_bsp/\libhal_bsp.a(alt_errno.o)
                0x0000000001451690                alt_errno
 .sdata         0x0000000001451694        0x4 ../lm71_temp_bsp/\libhal_bsp.a(alt_sbrk.o)
 .sdata         0x0000000001451698        0x8 ../lm71_temp_bsp/\libhal_bsp.a(altera_modular_adc.o)
                0x0000000001451698                altera_modular_adc_list
 .sdata         0x00000000014516a0        0x8 ../lm71_temp_bsp/\libhal_bsp.a(altera_onchip_flash.o)
                0x00000000014516a0                altera_onchip_flash_list
 .sdata         0x00000000014516a8        0x8 ../lm71_temp_bsp/\libhal_bsp.a(alt_flash_dev.o)
                0x00000000014516a8                alt_flash_dev_list
 .sdata         0x00000000014516b0        0x4 ../lm71_temp_bsp/\libhal_bsp.a(alt_irq_vars.o)
                0x00000000014516b0                alt_priority_mask
 .sdata         0x00000000014516b4        0x8 ../lm71_temp_bsp/\libhal_bsp.a(alt_tick.o)
                0x00000000014516b4                alt_alarm_list
 *(.sdata2 .sdata2.* .gnu.linkonce.s2.*)
                0x00000000014516bc                . = ALIGN (0x4)
                0x00000000014516bc                _edata = ABSOLUTE (.)
                0x00000000014516bc                PROVIDE (edata, ABSOLUTE (.))
                0x00000000014516bc                PROVIDE (__ram_rwdata_end, ABSOLUTE (.))
                0x00000000014516bc                PROVIDE (__flash_rwdata_start, LOADADDR (.rwdata))

.bss            0x00000000014522c8      0x160
                0x00000000014522c8                __bss_start = ABSOLUTE (.)
                0x00000000014522c8                PROVIDE (__sbss_start, ABSOLUTE (.))
                0x00000000014522c8                PROVIDE (___sbss_start, ABSOLUTE (.))
 *(.dynsbss)
 *(.sbss .sbss.* .gnu.linkonce.sb.*)
 .sbss          0x00000000014522c8        0xc c:/altera/15.0.0.139/nios2eds/bin/gnu/h-x86_64-mingw32/bin/../lib/gcc/nios2-elf/4.9.1/../../../../../H-x86_64-mingw32/nios2-elf/lib/mno-hw-mul\libc.a(lib_a-locale.o)
                0x00000000014522c8                _PathLocale
                0x00000000014522cc                __mlocale_changed
                0x00000000014522d0                __nlocale_changed
 .sbss          0x00000000014522d4        0xc c:/altera/15.0.0.139/nios2eds/bin/gnu/h-x86_64-mingw32/bin/../lib/gcc/nios2-elf/4.9.1/../../../../../H-x86_64-mingw32/nios2-elf/lib/mno-hw-mul\libc.a(lib_a-mallocr.o)
                0x00000000014522d4                __malloc_max_total_mem
                0x00000000014522d8                __malloc_max_sbrked_mem
                0x00000000014522dc                __malloc_top_pad
 .sbss          0x00000000014522e0        0x4 c:/altera/15.0.0.139/nios2eds/bin/gnu/h-x86_64-mingw32/bin/../lib/gcc/nios2-elf/4.9.1/../../../../../H-x86_64-mingw32/nios2-elf/lib/mno-hw-mul\libc.a(lib_a-int_errno.o)
                0x00000000014522e0                errno
 .sbss          0x00000000014522e4        0xc ../lm71_temp_bsp/\libhal_bsp.a(alt_main.o)
                0x00000000014522e4                alt_argc
                0x00000000014522e8                alt_argv
                0x00000000014522ec                alt_envp
 .sbss          0x00000000014522f0        0x4 ../lm71_temp_bsp/\libhal_bsp.a(alt_irq_vars.o)
                0x00000000014522f0                alt_irq_active
 .sbss          0x00000000014522f4        0x8 ../lm71_temp_bsp/\libhal_bsp.a(alt_tick.o)
                0x00000000014522f4                _alt_tick_rate
                0x00000000014522f8                _alt_nticks
 .sbss          0x00000000014522fc        0x4 ../lm71_temp_bsp/\libhal_bsp.a(alt_instruction_exception_entry.o)
                0x00000000014522fc                alt_instruction_exception_handler
 *(.sbss2 .sbss2.* .gnu.linkonce.sb2.*)
 *(.scommon)
                0x0000000001452300                PROVIDE (__sbss_end, ABSOLUTE (.))
                0x0000000001452300                PROVIDE (___sbss_end, ABSOLUTE (.))
 *(.dynbss)
 *(.bss .bss.* .gnu.linkonce.b.*)
 .bss           0x0000000001452300        0x0 ../lm71_temp_bsp//obj/HAL/src/crt0.o
 .bss           0x0000000001452300        0x0 obj/default/lm71.o
 .bss           0x0000000001452300        0x0 c:/altera/15.0.0.139/nios2eds/bin/gnu/h-x86_64-mingw32/bin/../lib/gcc/nios2-elf/4.9.1/mno-hw-mul\libgcc.a(mulsf3.o)
 .bss           0x0000000001452300        0x0 c:/altera/15.0.0.139/nios2eds/bin/gnu/h-x86_64-mingw32/bin/../lib/gcc/nios2-elf/4.9.1/mno-hw-mul\libgcc.a(floatunsisf.o)
 .bss           0x0000000001452300        0x0 c:/altera/15.0.0.139/nios2eds/bin/gnu/h-x86_64-mingw32/bin/../lib/gcc/nios2-elf/4.9.1/mno-hw-mul\libgcc.a(extendsfdf2.o)
 .bss           0x0000000001452300        0x0 c:/altera/15.0.0.139/nios2eds/bin/gnu/h-x86_64-mingw32/bin/../lib/gcc/nios2-elf/4.9.1/mno-hw-mul\libgcc.a(_clzsi2.o)
 .bss           0x0000000001452300        0x0 c:/altera/15.0.0.139/nios2eds/bin/gnu/h-x86_64-mingw32/bin/../lib/gcc/nios2-elf/4.9.1/mno-hw-mul\libgcc.a(lib2-mul.o)
 .bss           0x0000000001452300        0x0 c:/altera/15.0.0.139/nios2eds/bin/gnu/h-x86_64-mingw32/bin/../lib/gcc/nios2-elf/4.9.1/mno-hw-mul\libgcc.a(_clz.o)
 .bss           0x0000000001452300        0x0 c:/altera/15.0.0.139/nios2eds/bin/gnu/h-x86_64-mingw32/bin/../lib/gcc/nios2-elf/4.9.1/../../../../../H-x86_64-mingw32/nios2-elf/lib/mno-hw-mul\libc.a(lib_a-printf.o)
 .bss           0x0000000001452300        0x0 c:/altera/15.0.0.139/nios2eds/bin/gnu/h-x86_64-mingw32/bin/../lib/gcc/nios2-elf/4.9.1/../../../../../H-x86_64-mingw32/nios2-elf/lib/mno-hw-mul\libc.a(lib_a-puts.o)
 .bss           0x0000000001452300        0x0 c:/altera/15.0.0.139/nios2eds/bin/gnu/h-x86_64-mingw32/bin/../lib/gcc/nios2-elf/4.9.1/../../../../../H-x86_64-mingw32/nios2-elf/lib/mno-hw-mul\libc.a(lib_a-strlen.o)
 .bss           0x0000000001452300        0x0 c:/altera/15.0.0.139/nios2eds/bin/gnu/h-x86_64-mingw32/bin/../lib/gcc/nios2-elf/4.9.1/../../../../../H-x86_64-mingw32/nios2-elf/lib/mno-hw-mul\libc.a(lib_a-vfprintf.o)
 .bss           0x0000000001452300        0x0 c:/altera/15.0.0.139/nios2eds/bin/gnu/h-x86_64-mingw32/bin/../lib/gcc/nios2-elf/4.9.1/../../../../../H-x86_64-mingw32/nios2-elf/lib/mno-hw-mul\libc.a(lib_a-wsetup.o)
 .bss           0x0000000001452300        0x0 c:/altera/15.0.0.139/nios2eds/bin/gnu/h-x86_64-mingw32/bin/../lib/gcc/nios2-elf/4.9.1/../../../../../H-x86_64-mingw32/nios2-elf/lib/mno-hw-mul\libc.a(lib_a-dtoa.o)
 .bss           0x0000000001452300        0x0 c:/altera/15.0.0.139/nios2eds/bin/gnu/h-x86_64-mingw32/bin/../lib/gcc/nios2-elf/4.9.1/../../../../../H-x86_64-mingw32/nios2-elf/lib/mno-hw-mul\libc.a(lib_a-fflush.o)
 .bss           0x0000000001452300        0x0 c:/altera/15.0.0.139/nios2eds/bin/gnu/h-x86_64-mingw32/bin/../lib/gcc/nios2-elf/4.9.1/../../../../../H-x86_64-mingw32/nios2-elf/lib/mno-hw-mul\libc.a(lib_a-findfp.o)
 .bss           0x0000000001452300        0x0 c:/altera/15.0.0.139/nios2eds/bin/gnu/h-x86_64-mingw32/bin/../lib/gcc/nios2-elf/4.9.1/../../../../../H-x86_64-mingw32/nios2-elf/lib/mno-hw-mul\libc.a(lib_a-freer.o)
 .bss           0x0000000001452300        0x0 c:/altera/15.0.0.139/nios2eds/bin/gnu/h-x86_64-mingw32/bin/../lib/gcc/nios2-elf/4.9.1/../../../../../H-x86_64-mingw32/nios2-elf/lib/mno-hw-mul\libc.a(lib_a-fvwrite.o)
 .bss           0x0000000001452300        0x0 c:/altera/15.0.0.139/nios2eds/bin/gnu/h-x86_64-mingw32/bin/../lib/gcc/nios2-elf/4.9.1/../../../../../H-x86_64-mingw32/nios2-elf/lib/mno-hw-mul\libc.a(lib_a-fwalk.o)
 .bss           0x0000000001452300        0x0 c:/altera/15.0.0.139/nios2eds/bin/gnu/h-x86_64-mingw32/bin/../lib/gcc/nios2-elf/4.9.1/../../../../../H-x86_64-mingw32/nios2-elf/lib/mno-hw-mul\libc.a(lib_a-impure.o)
 .bss           0x0000000001452300        0x0 c:/altera/15.0.0.139/nios2eds/bin/gnu/h-x86_64-mingw32/bin/../lib/gcc/nios2-elf/4.9.1/../../../../../H-x86_64-mingw32/nios2-elf/lib/mno-hw-mul\libc.a(lib_a-locale.o)
 .bss           0x0000000001452300        0x0 c:/altera/15.0.0.139/nios2eds/bin/gnu/h-x86_64-mingw32/bin/../lib/gcc/nios2-elf/4.9.1/../../../../../H-x86_64-mingw32/nios2-elf/lib/mno-hw-mul\libc.a(lib_a-makebuf.o)
 .bss           0x0000000001452300       0x28 c:/altera/15.0.0.139/nios2eds/bin/gnu/h-x86_64-mingw32/bin/../lib/gcc/nios2-elf/4.9.1/../../../../../H-x86_64-mingw32/nios2-elf/lib/mno-hw-mul\libc.a(lib_a-mallocr.o)
                0x0000000001452300                __malloc_current_mallinfo
 .bss           0x0000000001452328        0x0 c:/altera/15.0.0.139/nios2eds/bin/gnu/h-x86_64-mingw32/bin/../lib/gcc/nios2-elf/4.9.1/../../../../../H-x86_64-mingw32/nios2-elf/lib/mno-hw-mul\libc.a(lib_a-memchr.o)
 .bss           0x0000000001452328        0x0 c:/altera/15.0.0.139/nios2eds/bin/gnu/h-x86_64-mingw32/bin/../lib/gcc/nios2-elf/4.9.1/../../../../../H-x86_64-mingw32/nios2-elf/lib/mno-hw-mul\libc.a(lib_a-memcpy.o)
 .bss           0x0000000001452328        0x0 c:/altera/15.0.0.139/nios2eds/bin/gnu/h-x86_64-mingw32/bin/../lib/gcc/nios2-elf/4.9.1/../../../../../H-x86_64-mingw32/nios2-elf/lib/mno-hw-mul\libc.a(lib_a-memmove.o)
 .bss           0x0000000001452328        0x0 c:/altera/15.0.0.139/nios2eds/bin/gnu/h-x86_64-mingw32/bin/../lib/gcc/nios2-elf/4.9.1/../../../../../H-x86_64-mingw32/nios2-elf/lib/mno-hw-mul\libc.a(lib_a-memset.o)
 .bss           0x0000000001452328        0x0 c:/altera/15.0.0.139/nios2eds/bin/gnu/h-x86_64-mingw32/bin/../lib/gcc/nios2-elf/4.9.1/../../../../../H-x86_64-mingw32/nios2-elf/lib/mno-hw-mul\libc.a(lib_a-mprec.o)
 .bss           0x0000000001452328        0x0 c:/altera/15.0.0.139/nios2eds/bin/gnu/h-x86_64-mingw32/bin/../lib/gcc/nios2-elf/4.9.1/../../../../../H-x86_64-mingw32/nios2-elf/lib/mno-hw-mul\libc.a(lib_a-reallocr.o)
 .bss           0x0000000001452328        0x0 c:/altera/15.0.0.139/nios2eds/bin/gnu/h-x86_64-mingw32/bin/../lib/gcc/nios2-elf/4.9.1/../../../../../H-x86_64-mingw32/nios2-elf/lib/mno-hw-mul\libc.a(lib_a-s_fpclassify.o)
 .bss           0x0000000001452328        0x0 c:/altera/15.0.0.139/nios2eds/bin/gnu/h-x86_64-mingw32/bin/../lib/gcc/nios2-elf/4.9.1/../../../../../H-x86_64-mingw32/nios2-elf/lib/mno-hw-mul\libc.a(lib_a-sbrkr.o)
 .bss           0x0000000001452328        0x0 c:/altera/15.0.0.139/nios2eds/bin/gnu/h-x86_64-mingw32/bin/../lib/gcc/nios2-elf/4.9.1/../../../../../H-x86_64-mingw32/nios2-elf/lib/mno-hw-mul\libc.a(lib_a-stdio.o)
 .bss           0x0000000001452328        0x0 c:/altera/15.0.0.139/nios2eds/bin/gnu/h-x86_64-mingw32/bin/../lib/gcc/nios2-elf/4.9.1/../../../../../H-x86_64-mingw32/nios2-elf/lib/mno-hw-mul\libc.a(lib_a-strcmp.o)
 .bss           0x0000000001452328        0x0 c:/altera/15.0.0.139/nios2eds/bin/gnu/h-x86_64-mingw32/bin/../lib/gcc/nios2-elf/4.9.1/../../../../../H-x86_64-mingw32/nios2-elf/lib/mno-hw-mul\libc.a(lib_a-vfiprintf.o)
 .bss           0x0000000001452328        0x0 c:/altera/15.0.0.139/nios2eds/bin/gnu/h-x86_64-mingw32/bin/../lib/gcc/nios2-elf/4.9.1/../../../../../H-x86_64-mingw32/nios2-elf/lib/mno-hw-mul\libc.a(lib_a-writer.o)
 .bss           0x0000000001452328        0x0 c:/altera/15.0.0.139/nios2eds/bin/gnu/h-x86_64-mingw32/bin/../lib/gcc/nios2-elf/4.9.1/../../../../../H-x86_64-mingw32/nios2-elf/lib/mno-hw-mul\libc.a(closer.o)
 .bss           0x0000000001452328        0x0 c:/altera/15.0.0.139/nios2eds/bin/gnu/h-x86_64-mingw32/bin/../lib/gcc/nios2-elf/4.9.1/../../../../../H-x86_64-mingw32/nios2-elf/lib/mno-hw-mul\libc.a(lib_a-callocr.o)
 .bss           0x0000000001452328        0x0 c:/altera/15.0.0.139/nios2eds/bin/gnu/h-x86_64-mingw32/bin/../lib/gcc/nios2-elf/4.9.1/../../../../../H-x86_64-mingw32/nios2-elf/lib/mno-hw-mul\libc.a(lib_a-fclose.o)
 .bss           0x0000000001452328        0x0 c:/altera/15.0.0.139/nios2eds/bin/gnu/h-x86_64-mingw32/bin/../lib/gcc/nios2-elf/4.9.1/../../../../../H-x86_64-mingw32/nios2-elf/lib/mno-hw-mul\libc.a(lib_a-fputwc.o)
 .bss           0x0000000001452328        0x0 c:/altera/15.0.0.139/nios2eds/bin/gnu/h-x86_64-mingw32/bin/../lib/gcc/nios2-elf/4.9.1/../../../../../H-x86_64-mingw32/nios2-elf/lib/mno-hw-mul\libc.a(lib_a-fstatr.o)
 .bss           0x0000000001452328        0x0 c:/altera/15.0.0.139/nios2eds/bin/gnu/h-x86_64-mingw32/bin/../lib/gcc/nios2-elf/4.9.1/../../../../../H-x86_64-mingw32/nios2-elf/lib/mno-hw-mul\libc.a(lib_a-int_errno.o)
 .bss           0x0000000001452328        0x0 c:/altera/15.0.0.139/nios2eds/bin/gnu/h-x86_64-mingw32/bin/../lib/gcc/nios2-elf/4.9.1/../../../../../H-x86_64-mingw32/nios2-elf/lib/mno-hw-mul\libc.a(lib_a-isattyr.o)
 .bss           0x0000000001452328        0x0 c:/altera/15.0.0.139/nios2eds/bin/gnu/h-x86_64-mingw32/bin/../lib/gcc/nios2-elf/4.9.1/../../../../../H-x86_64-mingw32/nios2-elf/lib/mno-hw-mul\libc.a(lib_a-lseekr.o)
 .bss           0x0000000001452328        0x0 c:/altera/15.0.0.139/nios2eds/bin/gnu/h-x86_64-mingw32/bin/../lib/gcc/nios2-elf/4.9.1/../../../../../H-x86_64-mingw32/nios2-elf/lib/mno-hw-mul\libc.a(lib_a-readr.o)
 .bss           0x0000000001452328        0x0 c:/altera/15.0.0.139/nios2eds/bin/gnu/h-x86_64-mingw32/bin/../lib/gcc/nios2-elf/4.9.1/../../../../../H-x86_64-mingw32/nios2-elf/lib/mno-hw-mul\libc.a(lib_a-wbuf.o)
 .bss           0x0000000001452328        0x0 c:/altera/15.0.0.139/nios2eds/bin/gnu/h-x86_64-mingw32/bin/../lib/gcc/nios2-elf/4.9.1/../../../../../H-x86_64-mingw32/nios2-elf/lib/mno-hw-mul\libc.a(lib_a-wcrtomb.o)
 .bss           0x0000000001452328        0x0 c:/altera/15.0.0.139/nios2eds/bin/gnu/h-x86_64-mingw32/bin/../lib/gcc/nios2-elf/4.9.1/../../../../../H-x86_64-mingw32/nios2-elf/lib/mno-hw-mul\libc.a(lib_a-wctomb_r.o)
 .bss           0x0000000001452328        0x0 c:/altera/15.0.0.139/nios2eds/bin/gnu/h-x86_64-mingw32/bin/../lib/gcc/nios2-elf/4.9.1/mno-hw-mul\libgcc.a(_udivdi3.o)
 .bss           0x0000000001452328        0x0 c:/altera/15.0.0.139/nios2eds/bin/gnu/h-x86_64-mingw32/bin/../lib/gcc/nios2-elf/4.9.1/mno-hw-mul\libgcc.a(_umoddi3.o)
 .bss           0x0000000001452328        0x0 c:/altera/15.0.0.139/nios2eds/bin/gnu/h-x86_64-mingw32/bin/../lib/gcc/nios2-elf/4.9.1/mno-hw-mul\libgcc.a(lib2-divmod.o)
 .bss           0x0000000001452328        0x0 c:/altera/15.0.0.139/nios2eds/bin/gnu/h-x86_64-mingw32/bin/../lib/gcc/nios2-elf/4.9.1/mno-hw-mul\libgcc.a(adddf3.o)
 .bss           0x0000000001452328        0x0 c:/altera/15.0.0.139/nios2eds/bin/gnu/h-x86_64-mingw32/bin/../lib/gcc/nios2-elf/4.9.1/mno-hw-mul\libgcc.a(divdf3.o)
 .bss           0x0000000001452328        0x0 c:/altera/15.0.0.139/nios2eds/bin/gnu/h-x86_64-mingw32/bin/../lib/gcc/nios2-elf/4.9.1/mno-hw-mul\libgcc.a(eqdf2.o)
 .bss           0x0000000001452328        0x0 c:/altera/15.0.0.139/nios2eds/bin/gnu/h-x86_64-mingw32/bin/../lib/gcc/nios2-elf/4.9.1/mno-hw-mul\libgcc.a(gedf2.o)
 .bss           0x0000000001452328        0x0 c:/altera/15.0.0.139/nios2eds/bin/gnu/h-x86_64-mingw32/bin/../lib/gcc/nios2-elf/4.9.1/mno-hw-mul\libgcc.a(ledf2.o)
 .bss           0x0000000001452328        0x0 c:/altera/15.0.0.139/nios2eds/bin/gnu/h-x86_64-mingw32/bin/../lib/gcc/nios2-elf/4.9.1/mno-hw-mul\libgcc.a(muldf3.o)
 .bss           0x0000000001452328        0x0 c:/altera/15.0.0.139/nios2eds/bin/gnu/h-x86_64-mingw32/bin/../lib/gcc/nios2-elf/4.9.1/mno-hw-mul\libgcc.a(subdf3.o)
 .bss           0x0000000001452328        0x0 c:/altera/15.0.0.139/nios2eds/bin/gnu/h-x86_64-mingw32/bin/../lib/gcc/nios2-elf/4.9.1/mno-hw-mul\libgcc.a(fixdfsi.o)
 .bss           0x0000000001452328        0x0 c:/altera/15.0.0.139/nios2eds/bin/gnu/h-x86_64-mingw32/bin/../lib/gcc/nios2-elf/4.9.1/mno-hw-mul\libgcc.a(floatsidf.o)
 .bss           0x0000000001452328        0x0 c:/altera/15.0.0.139/nios2eds/bin/gnu/h-x86_64-mingw32/bin/../lib/gcc/nios2-elf/4.9.1/mno-hw-mul\libgcc.a(floatunsidf.o)
 .bss           0x0000000001452328        0x0 ../lm71_temp_bsp/\libhal_bsp.a(alt_close.o)
 .bss           0x0000000001452328        0x0 ../lm71_temp_bsp/\libhal_bsp.a(alt_dev.o)
 .bss           0x0000000001452328        0x0 ../lm71_temp_bsp/\libhal_bsp.a(alt_errno.o)
 .bss           0x0000000001452328        0x0 ../lm71_temp_bsp/\libhal_bsp.a(alt_fstat.o)
 .bss           0x0000000001452328        0x0 ../lm71_temp_bsp/\libhal_bsp.a(alt_isatty.o)
 .bss           0x0000000001452328        0x0 ../lm71_temp_bsp/\libhal_bsp.a(alt_load.o)
 .bss           0x0000000001452328        0x0 ../lm71_temp_bsp/\libhal_bsp.a(alt_lseek.o)
 .bss           0x0000000001452328        0x0 ../lm71_temp_bsp/\libhal_bsp.a(alt_main.o)
 .bss           0x0000000001452328        0x0 ../lm71_temp_bsp/\libhal_bsp.a(alt_malloc_lock.o)
 .bss           0x0000000001452328        0x0 ../lm71_temp_bsp/\libhal_bsp.a(alt_read.o)
 .bss           0x0000000001452328        0x0 ../lm71_temp_bsp/\libhal_bsp.a(alt_release_fd.o)
 .bss           0x0000000001452328        0x0 ../lm71_temp_bsp/\libhal_bsp.a(alt_sbrk.o)
 .bss           0x0000000001452328        0x0 ../lm71_temp_bsp/\libhal_bsp.a(alt_usleep.o)
 .bss           0x0000000001452328        0x0 ../lm71_temp_bsp/\libhal_bsp.a(alt_write.o)
 .bss           0x0000000001452328        0x0 ../lm71_temp_bsp/\libhal_bsp.a(alt_sys_init.o)
 .bss           0x0000000001452328        0x0 ../lm71_temp_bsp/\libhal_bsp.a(altera_avalon_jtag_uart_fd.o)
 .bss           0x0000000001452328        0x0 ../lm71_temp_bsp/\libhal_bsp.a(altera_avalon_jtag_uart_read.o)
 .bss           0x0000000001452328        0x0 ../lm71_temp_bsp/\libhal_bsp.a(altera_avalon_jtag_uart_write.o)
 .bss           0x0000000001452328        0x0 ../lm71_temp_bsp/\libhal_bsp.a(altera_avalon_timer_sc.o)
 .bss           0x0000000001452328        0x0 ../lm71_temp_bsp/\libhal_bsp.a(altera_modular_adc.o)
 .bss           0x0000000001452328        0x0 ../lm71_temp_bsp/\libhal_bsp.a(altera_onchip_flash.o)
 .bss           0x0000000001452328        0x0 ../lm71_temp_bsp/\libhal_bsp.a(alt_busy_sleep.o)
 .bss           0x0000000001452328        0x0 ../lm71_temp_bsp/\libhal_bsp.a(alt_dcache_flush.o)
 .bss           0x0000000001452328        0x0 ../lm71_temp_bsp/\libhal_bsp.a(alt_dcache_flush_all.o)
 .bss           0x0000000001452328        0x0 ../lm71_temp_bsp/\libhal_bsp.a(alt_dev_llist_insert.o)
 .bss           0x0000000001452328        0x0 ../lm71_temp_bsp/\libhal_bsp.a(alt_find_dev.o)
 .bss           0x0000000001452328        0x0 ../lm71_temp_bsp/\libhal_bsp.a(alt_flash_dev.o)
 .bss           0x0000000001452328        0x0 ../lm71_temp_bsp/\libhal_bsp.a(alt_icache_flush_all.o)
 .bss           0x0000000001452328        0x0 ../lm71_temp_bsp/\libhal_bsp.a(alt_iic.o)
 .bss           0x0000000001452328        0x0 ../lm71_temp_bsp/\libhal_bsp.a(alt_iic_isr_register.o)
 .bss           0x0000000001452328        0x0 ../lm71_temp_bsp/\libhal_bsp.a(alt_io_redirect.o)
 .bss           0x0000000001452328        0x0 ../lm71_temp_bsp/\libhal_bsp.a(alt_irq_entry.o)
 .bss           0x0000000001452328        0x0 ../lm71_temp_bsp/\libhal_bsp.a(alt_irq_handler.o)
 .bss           0x0000000001452328        0x0 ../lm71_temp_bsp/\libhal_bsp.a(alt_irq_vars.o)
 .bss           0x0000000001452328        0x0 ../lm71_temp_bsp/\libhal_bsp.a(alt_open.o)
 .bss           0x0000000001452328        0x0 ../lm71_temp_bsp/\libhal_bsp.a(alt_tick.o)
 .bss           0x0000000001452328        0x0 ../lm71_temp_bsp/\libhal_bsp.a(altera_nios2_gen2_irq.o)
 .bss           0x0000000001452328        0x0 ../lm71_temp_bsp/\libhal_bsp.a(alt_exception_entry.o)
 .bss           0x0000000001452328        0x0 ../lm71_temp_bsp/\libhal_bsp.a(alt_find_file.o)
 .bss           0x0000000001452328        0x0 ../lm71_temp_bsp/\libhal_bsp.a(alt_get_fd.o)
 .bss           0x0000000001452328        0x0 ../lm71_temp_bsp/\libhal_bsp.a(alt_instruction_exception_entry.o)
 .bss           0x0000000001452328        0x0 c:/altera/15.0.0.139/nios2eds/bin/gnu/h-x86_64-mingw32/bin/../lib/gcc/nios2-elf/4.9.1/../../../../../H-x86_64-mingw32/nios2-elf/lib/mno-hw-mul\libc.a(lib_a-exit.o)
 .bss           0x0000000001452328        0x0 c:/altera/15.0.0.139/nios2eds/bin/gnu/h-x86_64-mingw32/bin/../lib/gcc/nios2-elf/4.9.1/../../../../../H-x86_64-mingw32/nios2-elf/lib/mno-hw-mul\libc.a(lib_a-memcmp.o)
 .bss           0x0000000001452328        0x0 c:/altera/15.0.0.139/nios2eds/bin/gnu/h-x86_64-mingw32/bin/../lib/gcc/nios2-elf/4.9.1/../../../../../H-x86_64-mingw32/nios2-elf/lib/mno-hw-mul\libc.a(lib_a-__call_atexit.o)
 .bss           0x0000000001452328        0x0 ../lm71_temp_bsp/\libhal_bsp.a(alt_exit.o)
 *(COMMON)
 COMMON         0x0000000001452328      0x100 ../lm71_temp_bsp/\libhal_bsp.a(alt_irq_handler.o)
                0x0000000001452328                alt_irq
                0x0000000001452428                . = ALIGN (0x4)
                0x0000000001452428                __bss_end = ABSOLUTE (.)

.ufm_flash_data
                0x0000000001200000        0x0 load address 0x0000000001452428
                0x0000000001200000                PROVIDE (_alt_partition_ufm_flash_data_start, ABSOLUTE (.))
 *(.ufm_flash_data .ufm_flash_data. ufm_flash_data.*)
                0x0000000001200000                . = ALIGN (0x4)
                0x0000000001200000                PROVIDE (_alt_partition_ufm_flash_data_end, ABSOLUTE (.))
                0x0000000001452428                PROVIDE (_alt_partition_ufm_flash_data_load_addr, LOADADDR (.ufm_flash_data))

.onchip_ram     0x0000000001452428        0x0
                0x0000000001452428                PROVIDE (_alt_partition_onchip_ram_start, ABSOLUTE (.))
 *(.onchip_ram .onchip_ram. onchip_ram.*)
                0x0000000001452428                . = ALIGN (0x4)
                0x0000000001452428                PROVIDE (_alt_partition_onchip_ram_end, ABSOLUTE (.))
                0x0000000001452428                _end = ABSOLUTE (.)
                0x0000000001452428                end = ABSOLUTE (.)
                0x0000000001452428                __alt_stack_base = ABSOLUTE (.)
                0x0000000001452428                PROVIDE (_alt_partition_onchip_ram_load_addr, LOADADDR (.onchip_ram))

.stab
 *(.stab)

.stabstr
 *(.stabstr)

.stab.excl
 *(.stab.excl)

.stab.exclstr
 *(.stab.exclstr)

.stab.index
 *(.stab.index)

.stab.indexstr
 *(.stab.indexstr)

.comment        0x0000000000000000       0x23
 *(.comment)
 .comment       0x0000000000000000       0x23 obj/default/lm71.o
                                         0x24 (size before relaxing)
 .comment       0x0000000000000000       0x24 c:/altera/15.0.0.139/nios2eds/bin/gnu/h-x86_64-mingw32/bin/../lib/gcc/nios2-elf/4.9.1/mno-hw-mul\libgcc.a(mulsf3.o)
 .comment       0x0000000000000000       0x24 c:/altera/15.0.0.139/nios2eds/bin/gnu/h-x86_64-mingw32/bin/../lib/gcc/nios2-elf/4.9.1/mno-hw-mul\libgcc.a(floatunsisf.o)
 .comment       0x0000000000000000       0x24 c:/altera/15.0.0.139/nios2eds/bin/gnu/h-x86_64-mingw32/bin/../lib/gcc/nios2-elf/4.9.1/mno-hw-mul\libgcc.a(extendsfdf2.o)
 .comment       0x0000000000000000       0x24 c:/altera/15.0.0.139/nios2eds/bin/gnu/h-x86_64-mingw32/bin/../lib/gcc/nios2-elf/4.9.1/mno-hw-mul\libgcc.a(_clzsi2.o)
 .comment       0x0000000000000000       0x24 c:/altera/15.0.0.139/nios2eds/bin/gnu/h-x86_64-mingw32/bin/../lib/gcc/nios2-elf/4.9.1/mno-hw-mul\libgcc.a(lib2-mul.o)
 .comment       0x0000000000000000       0x24 c:/altera/15.0.0.139/nios2eds/bin/gnu/h-x86_64-mingw32/bin/../lib/gcc/nios2-elf/4.9.1/mno-hw-mul\libgcc.a(_clz.o)
 .comment       0x0000000000000000       0x24 c:/altera/15.0.0.139/nios2eds/bin/gnu/h-x86_64-mingw32/bin/../lib/gcc/nios2-elf/4.9.1/../../../../../H-x86_64-mingw32/nios2-elf/lib/mno-hw-mul\libc.a(lib_a-printf.o)
 .comment       0x0000000000000000       0x24 c:/altera/15.0.0.139/nios2eds/bin/gnu/h-x86_64-mingw32/bin/../lib/gcc/nios2-elf/4.9.1/../../../../../H-x86_64-mingw32/nios2-elf/lib/mno-hw-mul\libc.a(lib_a-puts.o)
 .comment       0x0000000000000000       0x24 c:/altera/15.0.0.139/nios2eds/bin/gnu/h-x86_64-mingw32/bin/../lib/gcc/nios2-elf/4.9.1/../../../../../H-x86_64-mingw32/nios2-elf/lib/mno-hw-mul\libc.a(lib_a-strlen.o)
 .comment       0x0000000000000000       0x24 c:/altera/15.0.0.139/nios2eds/bin/gnu/h-x86_64-mingw32/bin/../lib/gcc/nios2-elf/4.9.1/../../../../../H-x86_64-mingw32/nios2-elf/lib/mno-hw-mul\libc.a(lib_a-vfprintf.o)
 .comment       0x0000000000000000       0x24 c:/altera/15.0.0.139/nios2eds/bin/gnu/h-x86_64-mingw32/bin/../lib/gcc/nios2-elf/4.9.1/../../../../../H-x86_64-mingw32/nios2-elf/lib/mno-hw-mul\libc.a(lib_a-wsetup.o)
 .comment       0x0000000000000000       0x24 c:/altera/15.0.0.139/nios2eds/bin/gnu/h-x86_64-mingw32/bin/../lib/gcc/nios2-elf/4.9.1/../../../../../H-x86_64-mingw32/nios2-elf/lib/mno-hw-mul\libc.a(lib_a-dtoa.o)
 .comment       0x0000000000000000       0x24 c:/altera/15.0.0.139/nios2eds/bin/gnu/h-x86_64-mingw32/bin/../lib/gcc/nios2-elf/4.9.1/../../../../../H-x86_64-mingw32/nios2-elf/lib/mno-hw-mul\libc.a(lib_a-fflush.o)
 .comment       0x0000000000000000       0x24 c:/altera/15.0.0.139/nios2eds/bin/gnu/h-x86_64-mingw32/bin/../lib/gcc/nios2-elf/4.9.1/../../../../../H-x86_64-mingw32/nios2-elf/lib/mno-hw-mul\libc.a(lib_a-findfp.o)
 .comment       0x0000000000000000       0x24 c:/altera/15.0.0.139/nios2eds/bin/gnu/h-x86_64-mingw32/bin/../lib/gcc/nios2-elf/4.9.1/../../../../../H-x86_64-mingw32/nios2-elf/lib/mno-hw-mul\libc.a(lib_a-freer.o)
 .comment       0x0000000000000000       0x24 c:/altera/15.0.0.139/nios2eds/bin/gnu/h-x86_64-mingw32/bin/../lib/gcc/nios2-elf/4.9.1/../../../../../H-x86_64-mingw32/nios2-elf/lib/mno-hw-mul\libc.a(lib_a-fvwrite.o)
 .comment       0x0000000000000000       0x24 c:/altera/15.0.0.139/nios2eds/bin/gnu/h-x86_64-mingw32/bin/../lib/gcc/nios2-elf/4.9.1/../../../../../H-x86_64-mingw32/nios2-elf/lib/mno-hw-mul\libc.a(lib_a-fwalk.o)
 .comment       0x0000000000000000       0x24 c:/altera/15.0.0.139/nios2eds/bin/gnu/h-x86_64-mingw32/bin/../lib/gcc/nios2-elf/4.9.1/../../../../../H-x86_64-mingw32/nios2-elf/lib/mno-hw-mul\libc.a(lib_a-impure.o)
 .comment       0x0000000000000000       0x24 c:/altera/15.0.0.139/nios2eds/bin/gnu/h-x86_64-mingw32/bin/../lib/gcc/nios2-elf/4.9.1/../../../../../H-x86_64-mingw32/nios2-elf/lib/mno-hw-mul\libc.a(lib_a-locale.o)
 .comment       0x0000000000000000       0x24 c:/altera/15.0.0.139/nios2eds/bin/gnu/h-x86_64-mingw32/bin/../lib/gcc/nios2-elf/4.9.1/../../../../../H-x86_64-mingw32/nios2-elf/lib/mno-hw-mul\libc.a(lib_a-makebuf.o)
 .comment       0x0000000000000000       0x24 c:/altera/15.0.0.139/nios2eds/bin/gnu/h-x86_64-mingw32/bin/../lib/gcc/nios2-elf/4.9.1/../../../../../H-x86_64-mingw32/nios2-elf/lib/mno-hw-mul\libc.a(lib_a-mallocr.o)
 .comment       0x0000000000000000       0x24 c:/altera/15.0.0.139/nios2eds/bin/gnu/h-x86_64-mingw32/bin/../lib/gcc/nios2-elf/4.9.1/../../../../../H-x86_64-mingw32/nios2-elf/lib/mno-hw-mul\libc.a(lib_a-memchr.o)
 .comment       0x0000000000000000       0x24 c:/altera/15.0.0.139/nios2eds/bin/gnu/h-x86_64-mingw32/bin/../lib/gcc/nios2-elf/4.9.1/../../../../../H-x86_64-mingw32/nios2-elf/lib/mno-hw-mul\libc.a(lib_a-memcpy.o)
 .comment       0x0000000000000000       0x24 c:/altera/15.0.0.139/nios2eds/bin/gnu/h-x86_64-mingw32/bin/../lib/gcc/nios2-elf/4.9.1/../../../../../H-x86_64-mingw32/nios2-elf/lib/mno-hw-mul\libc.a(lib_a-memmove.o)
 .comment       0x0000000000000000       0x24 c:/altera/15.0.0.139/nios2eds/bin/gnu/h-x86_64-mingw32/bin/../lib/gcc/nios2-elf/4.9.1/../../../../../H-x86_64-mingw32/nios2-elf/lib/mno-hw-mul\libc.a(lib_a-memset.o)
 .comment       0x0000000000000000       0x24 c:/altera/15.0.0.139/nios2eds/bin/gnu/h-x86_64-mingw32/bin/../lib/gcc/nios2-elf/4.9.1/../../../../../H-x86_64-mingw32/nios2-elf/lib/mno-hw-mul\libc.a(lib_a-mprec.o)
 .comment       0x0000000000000000       0x24 c:/altera/15.0.0.139/nios2eds/bin/gnu/h-x86_64-mingw32/bin/../lib/gcc/nios2-elf/4.9.1/../../../../../H-x86_64-mingw32/nios2-elf/lib/mno-hw-mul\libc.a(lib_a-reallocr.o)
 .comment       0x0000000000000000       0x24 c:/altera/15.0.0.139/nios2eds/bin/gnu/h-x86_64-mingw32/bin/../lib/gcc/nios2-elf/4.9.1/../../../../../H-x86_64-mingw32/nios2-elf/lib/mno-hw-mul\libc.a(lib_a-s_fpclassify.o)
 .comment       0x0000000000000000       0x24 c:/altera/15.0.0.139/nios2eds/bin/gnu/h-x86_64-mingw32/bin/../lib/gcc/nios2-elf/4.9.1/../../../../../H-x86_64-mingw32/nios2-elf/lib/mno-hw-mul\libc.a(lib_a-sbrkr.o)
 .comment       0x0000000000000000       0x24 c:/altera/15.0.0.139/nios2eds/bin/gnu/h-x86_64-mingw32/bin/../lib/gcc/nios2-elf/4.9.1/../../../../../H-x86_64-mingw32/nios2-elf/lib/mno-hw-mul\libc.a(lib_a-stdio.o)
 .comment       0x0000000000000000       0x24 c:/altera/15.0.0.139/nios2eds/bin/gnu/h-x86_64-mingw32/bin/../lib/gcc/nios2-elf/4.9.1/../../../../../H-x86_64-mingw32/nios2-elf/lib/mno-hw-mul\libc.a(lib_a-strcmp.o)
 .comment       0x0000000000000000       0x24 c:/altera/15.0.0.139/nios2eds/bin/gnu/h-x86_64-mingw32/bin/../lib/gcc/nios2-elf/4.9.1/../../../../../H-x86_64-mingw32/nios2-elf/lib/mno-hw-mul\libc.a(lib_a-vfiprintf.o)
 .comment       0x0000000000000000       0x24 c:/altera/15.0.0.139/nios2eds/bin/gnu/h-x86_64-mingw32/bin/../lib/gcc/nios2-elf/4.9.1/../../../../../H-x86_64-mingw32/nios2-elf/lib/mno-hw-mul\libc.a(lib_a-writer.o)
 .comment       0x0000000000000000       0x24 c:/altera/15.0.0.139/nios2eds/bin/gnu/h-x86_64-mingw32/bin/../lib/gcc/nios2-elf/4.9.1/../../../../../H-x86_64-mingw32/nios2-elf/lib/mno-hw-mul\libc.a(closer.o)
 .comment       0x0000000000000000       0x24 c:/altera/15.0.0.139/nios2eds/bin/gnu/h-x86_64-mingw32/bin/../lib/gcc/nios2-elf/4.9.1/../../../../../H-x86_64-mingw32/nios2-elf/lib/mno-hw-mul\libc.a(lib_a-callocr.o)
 .comment       0x0000000000000000       0x24 c:/altera/15.0.0.139/nios2eds/bin/gnu/h-x86_64-mingw32/bin/../lib/gcc/nios2-elf/4.9.1/../../../../../H-x86_64-mingw32/nios2-elf/lib/mno-hw-mul\libc.a(lib_a-fclose.o)
 .comment       0x0000000000000000       0x24 c:/altera/15.0.0.139/nios2eds/bin/gnu/h-x86_64-mingw32/bin/../lib/gcc/nios2-elf/4.9.1/../../../../../H-x86_64-mingw32/nios2-elf/lib/mno-hw-mul\libc.a(lib_a-fputwc.o)
 .comment       0x0000000000000000       0x24 c:/altera/15.0.0.139/nios2eds/bin/gnu/h-x86_64-mingw32/bin/../lib/gcc/nios2-elf/4.9.1/../../../../../H-x86_64-mingw32/nios2-elf/lib/mno-hw-mul\libc.a(lib_a-fstatr.o)
 .comment       0x0000000000000000       0x24 c:/altera/15.0.0.139/nios2eds/bin/gnu/h-x86_64-mingw32/bin/../lib/gcc/nios2-elf/4.9.1/../../../../../H-x86_64-mingw32/nios2-elf/lib/mno-hw-mul\libc.a(lib_a-int_errno.o)
 .comment       0x0000000000000000       0x24 c:/altera/15.0.0.139/nios2eds/bin/gnu/h-x86_64-mingw32/bin/../lib/gcc/nios2-elf/4.9.1/../../../../../H-x86_64-mingw32/nios2-elf/lib/mno-hw-mul\libc.a(lib_a-isattyr.o)
 .comment       0x0000000000000000       0x24 c:/altera/15.0.0.139/nios2eds/bin/gnu/h-x86_64-mingw32/bin/../lib/gcc/nios2-elf/4.9.1/../../../../../H-x86_64-mingw32/nios2-elf/lib/mno-hw-mul\libc.a(lib_a-lseekr.o)
 .comment       0x0000000000000000       0x24 c:/altera/15.0.0.139/nios2eds/bin/gnu/h-x86_64-mingw32/bin/../lib/gcc/nios2-elf/4.9.1/../../../../../H-x86_64-mingw32/nios2-elf/lib/mno-hw-mul\libc.a(lib_a-readr.o)
 .comment       0x0000000000000000       0x24 c:/altera/15.0.0.139/nios2eds/bin/gnu/h-x86_64-mingw32/bin/../lib/gcc/nios2-elf/4.9.1/../../../../../H-x86_64-mingw32/nios2-elf/lib/mno-hw-mul\libc.a(lib_a-wbuf.o)
 .comment       0x0000000000000000       0x24 c:/altera/15.0.0.139/nios2eds/bin/gnu/h-x86_64-mingw32/bin/../lib/gcc/nios2-elf/4.9.1/../../../../../H-x86_64-mingw32/nios2-elf/lib/mno-hw-mul\libc.a(lib_a-wcrtomb.o)
 .comment       0x0000000000000000       0x24 c:/altera/15.0.0.139/nios2eds/bin/gnu/h-x86_64-mingw32/bin/../lib/gcc/nios2-elf/4.9.1/../../../../../H-x86_64-mingw32/nios2-elf/lib/mno-hw-mul\libc.a(lib_a-wctomb_r.o)
 .comment       0x0000000000000000       0x24 c:/altera/15.0.0.139/nios2eds/bin/gnu/h-x86_64-mingw32/bin/../lib/gcc/nios2-elf/4.9.1/mno-hw-mul\libgcc.a(_udivdi3.o)
 .comment       0x0000000000000000       0x24 c:/altera/15.0.0.139/nios2eds/bin/gnu/h-x86_64-mingw32/bin/../lib/gcc/nios2-elf/4.9.1/mno-hw-mul\libgcc.a(_umoddi3.o)
 .comment       0x0000000000000000       0x24 c:/altera/15.0.0.139/nios2eds/bin/gnu/h-x86_64-mingw32/bin/../lib/gcc/nios2-elf/4.9.1/mno-hw-mul\libgcc.a(lib2-divmod.o)
 .comment       0x0000000000000000       0x24 c:/altera/15.0.0.139/nios2eds/bin/gnu/h-x86_64-mingw32/bin/../lib/gcc/nios2-elf/4.9.1/mno-hw-mul\libgcc.a(adddf3.o)
 .comment       0x0000000000000000       0x24 c:/altera/15.0.0.139/nios2eds/bin/gnu/h-x86_64-mingw32/bin/../lib/gcc/nios2-elf/4.9.1/mno-hw-mul\libgcc.a(divdf3.o)
 .comment       0x0000000000000000       0x24 c:/altera/15.0.0.139/nios2eds/bin/gnu/h-x86_64-mingw32/bin/../lib/gcc/nios2-elf/4.9.1/mno-hw-mul\libgcc.a(eqdf2.o)
 .comment       0x0000000000000000       0x24 c:/altera/15.0.0.139/nios2eds/bin/gnu/h-x86_64-mingw32/bin/../lib/gcc/nios2-elf/4.9.1/mno-hw-mul\libgcc.a(gedf2.o)
 .comment       0x0000000000000000       0x24 c:/altera/15.0.0.139/nios2eds/bin/gnu/h-x86_64-mingw32/bin/../lib/gcc/nios2-elf/4.9.1/mno-hw-mul\libgcc.a(ledf2.o)
 .comment       0x0000000000000000       0x24 c:/altera/15.0.0.139/nios2eds/bin/gnu/h-x86_64-mingw32/bin/../lib/gcc/nios2-elf/4.9.1/mno-hw-mul\libgcc.a(muldf3.o)
 .comment       0x0000000000000000       0x24 c:/altera/15.0.0.139/nios2eds/bin/gnu/h-x86_64-mingw32/bin/../lib/gcc/nios2-elf/4.9.1/mno-hw-mul\libgcc.a(subdf3.o)
 .comment       0x0000000000000000       0x24 c:/altera/15.0.0.139/nios2eds/bin/gnu/h-x86_64-mingw32/bin/../lib/gcc/nios2-elf/4.9.1/mno-hw-mul\libgcc.a(fixdfsi.o)
 .comment       0x0000000000000000       0x24 c:/altera/15.0.0.139/nios2eds/bin/gnu/h-x86_64-mingw32/bin/../lib/gcc/nios2-elf/4.9.1/mno-hw-mul\libgcc.a(floatsidf.o)
 .comment       0x0000000000000000       0x24 c:/altera/15.0.0.139/nios2eds/bin/gnu/h-x86_64-mingw32/bin/../lib/gcc/nios2-elf/4.9.1/mno-hw-mul\libgcc.a(floatunsidf.o)
 .comment       0x0000000000000000       0x24 ../lm71_temp_bsp/\libhal_bsp.a(alt_close.o)
 .comment       0x0000000000000000       0x24 ../lm71_temp_bsp/\libhal_bsp.a(alt_dev.o)
 .comment       0x0000000000000000       0x24 ../lm71_temp_bsp/\libhal_bsp.a(alt_errno.o)
 .comment       0x0000000000000000       0x24 ../lm71_temp_bsp/\libhal_bsp.a(alt_fstat.o)
 .comment       0x0000000000000000       0x24 ../lm71_temp_bsp/\libhal_bsp.a(alt_isatty.o)
 .comment       0x0000000000000000       0x24 ../lm71_temp_bsp/\libhal_bsp.a(alt_load.o)
 .comment       0x0000000000000000       0x24 ../lm71_temp_bsp/\libhal_bsp.a(alt_lseek.o)
 .comment       0x0000000000000000       0x24 ../lm71_temp_bsp/\libhal_bsp.a(alt_main.o)
 .comment       0x0000000000000000       0x24 ../lm71_temp_bsp/\libhal_bsp.a(alt_malloc_lock.o)
 .comment       0x0000000000000000       0x24 ../lm71_temp_bsp/\libhal_bsp.a(alt_read.o)
 .comment       0x0000000000000000       0x24 ../lm71_temp_bsp/\libhal_bsp.a(alt_release_fd.o)
 .comment       0x0000000000000000       0x24 ../lm71_temp_bsp/\libhal_bsp.a(alt_sbrk.o)
 .comment       0x0000000000000000       0x24 ../lm71_temp_bsp/\libhal_bsp.a(alt_usleep.o)
 .comment       0x0000000000000000       0x24 ../lm71_temp_bsp/\libhal_bsp.a(alt_write.o)
 .comment       0x0000000000000000       0x24 ../lm71_temp_bsp/\libhal_bsp.a(alt_sys_init.o)
 .comment       0x0000000000000000       0x24 ../lm71_temp_bsp/\libhal_bsp.a(altera_avalon_jtag_uart_fd.o)
 .comment       0x0000000000000000       0x24 ../lm71_temp_bsp/\libhal_bsp.a(altera_avalon_jtag_uart_read.o)
 .comment       0x0000000000000000       0x24 ../lm71_temp_bsp/\libhal_bsp.a(altera_avalon_jtag_uart_write.o)
 .comment       0x0000000000000000       0x24 ../lm71_temp_bsp/\libhal_bsp.a(altera_avalon_timer_sc.o)
 .comment       0x0000000000000000       0x24 ../lm71_temp_bsp/\libhal_bsp.a(altera_modular_adc.o)
 .comment       0x0000000000000000       0x24 ../lm71_temp_bsp/\libhal_bsp.a(altera_onchip_flash.o)
 .comment       0x0000000000000000       0x24 ../lm71_temp_bsp/\libhal_bsp.a(alt_busy_sleep.o)
 .comment       0x0000000000000000       0x24 ../lm71_temp_bsp/\libhal_bsp.a(alt_dcache_flush.o)
 .comment       0x0000000000000000       0x24 ../lm71_temp_bsp/\libhal_bsp.a(alt_dcache_flush_all.o)
 .comment       0x0000000000000000       0x24 ../lm71_temp_bsp/\libhal_bsp.a(alt_dev_llist_insert.o)
 .comment       0x0000000000000000       0x24 ../lm71_temp_bsp/\libhal_bsp.a(alt_find_dev.o)
 .comment       0x0000000000000000       0x24 ../lm71_temp_bsp/\libhal_bsp.a(alt_flash_dev.o)
 .comment       0x0000000000000000       0x24 ../lm71_temp_bsp/\libhal_bsp.a(alt_icache_flush_all.o)
 .comment       0x0000000000000000       0x24 ../lm71_temp_bsp/\libhal_bsp.a(alt_iic.o)