Archive member included to satisfy reference by file (symbol)

c:/altera/15.0.0.139/nios2eds/bin/gnu/h-x86_64-mingw32/bin/../lib/gcc/nios2-elf/4.9.1\libgcc.a(lib2-divmod.o)
                              obj/default/simplelink/source/fs.o (__udivsi3)
c:/altera/15.0.0.139/nios2eds/bin/gnu/h-x86_64-mingw32/bin/../lib/gcc/nios2-elf/4.9.1/../../../../../H-x86_64-mingw32/nios2-elf/lib\libc.a(lib_a-atoi.o)
                              obj/default/main.o (atoi)
c:/altera/15.0.0.139/nios2eds/bin/gnu/h-x86_64-mingw32/bin/../lib/gcc/nios2-elf/4.9.1/../../../../../H-x86_64-mingw32/nios2-elf/lib\libc.a(lib_a-memcmp.o)
                              obj/default/main.o (memcmp)
c:/altera/15.0.0.139/nios2eds/bin/gnu/h-x86_64-mingw32/bin/../lib/gcc/nios2-elf/4.9.1/../../../../../H-x86_64-mingw32/nios2-elf/lib\libc.a(lib_a-memcpy.o)
                              obj/default/main.o (memcpy)
c:/altera/15.0.0.139/nios2eds/bin/gnu/h-x86_64-mingw32/bin/../lib/gcc/nios2-elf/4.9.1/../../../../../H-x86_64-mingw32/nios2-elf/lib\libc.a(lib_a-memset.o)
                              obj/default/main.o (memset)
c:/altera/15.0.0.139/nios2eds/bin/gnu/h-x86_64-mingw32/bin/../lib/gcc/nios2-elf/4.9.1/../../../../../H-x86_64-mingw32/nios2-elf/lib\libc.a(lib_a-printf.o)
                              obj/default/main.o (printf)
c:/altera/15.0.0.139/nios2eds/bin/gnu/h-x86_64-mingw32/bin/../lib/gcc/nios2-elf/4.9.1/../../../../../H-x86_64-mingw32/nios2-elf/lib\libc.a(lib_a-puts.o)
                              obj/default/main.o (puts)
c:/altera/15.0.0.139/nios2eds/bin/gnu/h-x86_64-mingw32/bin/../lib/gcc/nios2-elf/4.9.1/../../../../../H-x86_64-mingw32/nios2-elf/lib\libc.a(lib_a-scanf.o)
                              obj/default/main.o (scanf)
c:/altera/15.0.0.139/nios2eds/bin/gnu/h-x86_64-mingw32/bin/../lib/gcc/nios2-elf/4.9.1/../../../../../H-x86_64-mingw32/nios2-elf/lib\libc.a(lib_a-sprintf.o)
                              obj/default/main.o (sprintf)
c:/altera/15.0.0.139/nios2eds/bin/gnu/h-x86_64-mingw32/bin/../lib/gcc/nios2-elf/4.9.1/../../../../../H-x86_64-mingw32/nios2-elf/lib\libc.a(lib_a-strlen.o)
                              obj/default/main.o (strlen)
c:/altera/15.0.0.139/nios2eds/bin/gnu/h-x86_64-mingw32/bin/../lib/gcc/nios2-elf/4.9.1/../../../../../H-x86_64-mingw32/nios2-elf/lib\libc.a(lib_a-strtol.o)
                              c:/altera/15.0.0.139/nios2eds/bin/gnu/h-x86_64-mingw32/bin/../lib/gcc/nios2-elf/4.9.1/../../../../../H-x86_64-mingw32/nios2-elf/lib\libc.a(lib_a-atoi.o) (_strtol_r)
c:/altera/15.0.0.139/nios2eds/bin/gnu/h-x86_64-mingw32/bin/../lib/gcc/nios2-elf/4.9.1/../../../../../H-x86_64-mingw32/nios2-elf/lib\libc.a(lib_a-svfprintf.o)
                              c:/altera/15.0.0.139/nios2eds/bin/gnu/h-x86_64-mingw32/bin/../lib/gcc/nios2-elf/4.9.1/../../../../../H-x86_64-mingw32/nios2-elf/lib\libc.a(lib_a-sprintf.o) (___svfprintf_internal_r)
c:/altera/15.0.0.139/nios2eds/bin/gnu/h-x86_64-mingw32/bin/../lib/gcc/nios2-elf/4.9.1/../../../../../H-x86_64-mingw32/nios2-elf/lib\libc.a(lib_a-vfprintf.o)
                              c:/altera/15.0.0.139/nios2eds/bin/gnu/h-x86_64-mingw32/bin/../lib/gcc/nios2-elf/4.9.1/../../../../../H-x86_64-mingw32/nios2-elf/lib\libc.a(lib_a-printf.o) (___vfprintf_internal_r)
c:/altera/15.0.0.139/nios2eds/bin/gnu/h-x86_64-mingw32/bin/../lib/gcc/nios2-elf/4.9.1/../../../../../H-x86_64-mingw32/nios2-elf/lib\libc.a(lib_a-vfscanf.o)
                              c:/altera/15.0.0.139/nios2eds/bin/gnu/h-x86_64-mingw32/bin/../lib/gcc/nios2-elf/4.9.1/../../../../../H-x86_64-mingw32/nios2-elf/lib\libc.a(lib_a-scanf.o) (__svfscanf_r)
c:/altera/15.0.0.139/nios2eds/bin/gnu/h-x86_64-mingw32/bin/../lib/gcc/nios2-elf/4.9.1/../../../../../H-x86_64-mingw32/nios2-elf/lib\libc.a(lib_a-wsetup.o)
                              c:/altera/15.0.0.139/nios2eds/bin/gnu/h-x86_64-mingw32/bin/../lib/gcc/nios2-elf/4.9.1/../../../../../H-x86_64-mingw32/nios2-elf/lib\libc.a(lib_a-vfprintf.o) (__swsetup_r)
c:/altera/15.0.0.139/nios2eds/bin/gnu/h-x86_64-mingw32/bin/../lib/gcc/nios2-elf/4.9.1/../../../../../H-x86_64-mingw32/nios2-elf/lib\libc.a(lib_a-ctype_.o)
                              c:/altera/15.0.0.139/nios2eds/bin/gnu/h-x86_64-mingw32/bin/../lib/gcc/nios2-elf/4.9.1/../../../../../H-x86_64-mingw32/nios2-elf/lib\libc.a(lib_a-strtol.o) (__ctype_ptr__)
c:/altera/15.0.0.139/nios2eds/bin/gnu/h-x86_64-mingw32/bin/../lib/gcc/nios2-elf/4.9.1/../../../../../H-x86_64-mingw32/nios2-elf/lib\libc.a(lib_a-dtoa.o)
                              c:/altera/15.0.0.139/nios2eds/bin/gnu/h-x86_64-mingw32/bin/../lib/gcc/nios2-elf/4.9.1/../../../../../H-x86_64-mingw32/nios2-elf/lib\libc.a(lib_a-svfprintf.o) (_dtoa_r)
c:/altera/15.0.0.139/nios2eds/bin/gnu/h-x86_64-mingw32/bin/../lib/gcc/nios2-elf/4.9.1/../../../../../H-x86_64-mingw32/nios2-elf/lib\libc.a(lib_a-fflush.o)
[...]
Memory Configuration

Name             Origin             Length             Attributes
reset            0x0000000010000000 0x0000000000000020
mem_if_ddr3_emif_0 0x0000000010000020 0x000000000fffffe0
*default*        0x0000000000000000 0xffffffffffffffff

Linker script and memory map

LOAD ../ble_wifi_bsp//obj/HAL/src/crt0.o
LOAD obj/default/devices/cc2650.o
LOAD obj/default/devices/cc3100.o
LOAD obj/default/devices/hdc1000.o
LOAD obj/default/devices/lis2dh12.o
LOAD obj/default/devices/lis332ar.o
LOAD obj/default/drivers/i2c.o
LOAD obj/default/drivers/spi.o
LOAD obj/default/main.o
LOAD obj/default/simplelink/boardSL.o
LOAD obj/default/simplelink/source/device.o
LOAD obj/default/simplelink/source/driver.o
LOAD obj/default/simplelink/source/flowcont.o
LOAD obj/default/simplelink/source/fs.o
LOAD obj/default/simplelink/source/netapp.o
LOAD obj/default/simplelink/source/netcfg.o
LOAD obj/default/simplelink/source/nonos.o
LOAD obj/default/simplelink/source/socket.o
LOAD obj/default/simplelink/source/spawn.o
LOAD obj/default/simplelink/source/wlan.o
LOAD obj/default/simplelink/spiSL.o
LOAD c:/altera/15.0.0.139/nios2eds/bin/gnu/h-x86_64-mingw32/bin/../lib/gcc/nios2-elf/4.9.1/../../../../../H-x86_64-mingw32/nios2-elf/lib\libstdc++.a
LOAD c:/altera/15.0.0.139/nios2eds/bin/gnu/h-x86_64-mingw32/bin/../lib/gcc/nios2-elf/4.9.1/../../../../../H-x86_64-mingw32/nios2-elf/lib\libm.a
LOAD c:/altera/15.0.0.139/nios2eds/bin/gnu/h-x86_64-mingw32/bin/../lib/gcc/nios2-elf/4.9.1\libgcc.a
START GROUP
LOAD c:/altera/15.0.0.139/nios2eds/bin/gnu/h-x86_64-mingw32/bin/../lib/gcc/nios2-elf/4.9.1/../../../../../H-x86_64-mingw32/nios2-elf/lib\libc.a
LOAD c:/altera/15.0.0.139/nios2eds/bin/gnu/h-x86_64-mingw32/bin/../lib/gcc/nios2-elf/4.9.1\libgcc.a
LOAD ../ble_wifi_bsp/\libhal_bsp.a
LOAD c:/altera/15.0.0.139/nios2eds/bin/gnu/h-x86_64-mingw32/bin/../lib/gcc/nios2-elf/4.9.1/../../../../../H-x86_64-mingw32/nios2-elf/lib\libm.a
END GROUP
LOAD c:/altera/15.0.0.139/nios2eds/bin/gnu/h-x86_64-mingw32/bin/../lib/gcc/nios2-elf/4.9.1\libgcc.a
                0x0000000010000000                __alt_mem_mem_if_ddr3_emif_0 = 0x10000000

.entry          0x0000000010000000       0x20
 *(.entry)
 .entry         0x0000000010000000       0x20 ../ble_wifi_bsp//obj/HAL/src/crt0.o
                0x0000000010000000                __reset

.exceptions     0x0000000010000020      0x220
                0x0000000010000020                PROVIDE (__ram_exceptions_start, ABSOLUTE (.))
                0x0000000010000020                . = ALIGN (0x20)
 *(.irq)
 *(.exceptions.entry.label)
 .exceptions.entry.label
                0x0000000010000020        0x0 ../ble_wifi_bsp/\libhal_bsp.a(alt_irq_entry.o)
                0x0000000010000020                alt_irq_entry
 .exceptions.entry.label
                0x0000000010000020        0x0 ../ble_wifi_bsp/\libhal_bsp.a(alt_exception_entry.o)
                0x0000000010000020                alt_exception
 *(.exceptions.entry.user)
 *(.exceptions.entry.ecc_fatal)
 *(.exceptions.entry)
 .exceptions.entry
                0x0000000010000020       0x54 ../ble_wifi_bsp/\libhal_bsp.a(alt_exception_entry.o)
 *(.exceptions.irqtest.user)
 *(.exceptions.irqtest)
 .exceptions.irqtest
                0x0000000010000074       0x10 ../ble_wifi_bsp/\libhal_bsp.a(alt_irq_entry.o)
 *(.exceptions.irqhandler.user)
 *(.exceptions.irqhandler)
 .exceptions.irqhandler
                0x0000000010000084        0x4 ../ble_wifi_bsp/\libhal_bsp.a(alt_irq_entry.o)
 *(.exceptions.irqreturn.user)
 *(.exceptions.irqreturn)
 .exceptions.irqreturn
                0x0000000010000088        0x4 ../ble_wifi_bsp/\libhal_bsp.a(alt_irq_entry.o)
 *(.exceptions.notirq.label)
 .exceptions.notirq.label
                0x000000001000008c        0x0 ../ble_wifi_bsp/\libhal_bsp.a(alt_irq_entry.o)
 *(.exceptions.notirq.user)
 *(.exceptions.notirq)
 .exceptions.notirq
                0x000000001000008c        0x8 ../ble_wifi_bsp/\libhal_bsp.a(alt_exception_entry.o)
 *(.exceptions.soft.user)
 *(.exceptions.soft)
 *(.exceptions.unknown.user)
 *(.exceptions.unknown)
 .exceptions.unknown
                0x0000000010000094       0x14 ../ble_wifi_bsp/\libhal_bsp.a(alt_exception_entry.o)
 *(.exceptions.exit.label)
 .exceptions.exit.label
                0x00000000100000a8        0x0 ../ble_wifi_bsp/\libhal_bsp.a(alt_irq_entry.o)
 .exceptions.exit.label
                0x00000000100000a8        0x0 ../ble_wifi_bsp/\libhal_bsp.a(alt_exception_entry.o)
 *(.exceptions.exit.user)
 *(.exceptions.exit)
 .exceptions.exit
                0x00000000100000a8       0x54 ../ble_wifi_bsp/\libhal_bsp.a(alt_exception_entry.o)
 *(.exceptions)
 .exceptions    0x00000000100000fc       0xd0 ../ble_wifi_bsp/\libhal_bsp.a(alt_irq_handler.o)
                0x00000000100000fc                alt_irq_handler
 .exceptions    0x00000000100001cc       0x74 ../ble_wifi_bsp/\libhal_bsp.a(alt_instruction_exception_entry.o)
                0x00000000100001cc                alt_instruction_exception_entry
                0x0000000010000240                PROVIDE (__ram_exceptions_end, ABSOLUTE (.))
                0x0000000010000020                PROVIDE (__flash_exceptions_start, LOADADDR (.exceptions))

.text           0x0000000010000240    0x248b0
                0x0000000010000240                PROVIDE (stext, ABSOLUTE (.))
 *(.interp)
 *(.hash)
 *(.dynsym)
 *(.dynstr)
 *(.gnu.version)
 *(.gnu.version_d)
 *(.gnu.version_r)
 *(.rel.init)
 *(.rela.init)
 *(.rel.text .rel.text.* .rel.gnu.linkonce.t.*)
 *(.rela.text .rela.text.* .rela.gnu.linkonce.t.*)
 *(.rel.fini)
 *(.rela.fini)
 *(.rel.rodata .rel.rodata.* .rel.gnu.linkonce.r.*)
 *(.rela.rodata .rela.rodata.* .rela.gnu.linkonce.r.*)
 *(.rel.data .rel.data.* .rel.gnu.linkonce.d.*)
 *(.rela.data .rela.data.* .rela.gnu.linkonce.d.*)
 *(.rel.tdata .rel.tdata.* .rel.gnu.linkonce.td.*)
 *(.rela.tdata .rela.tdata.* .rela.gnu.linkonce.td.*)
 *(.rel.tbss .rel.tbss.* .rel.gnu.linkonce.tb.*)
 *(.rela.tbss .rela.tbss.* .rela.gnu.linkonce.tb.*)
 *(.rel.ctors)
 *(.rela.ctors)
 *(.rel.dtors)
 *(.rela.dtors)
 *(.rel.got)
 *(.rela.got)
 *(.rel.sdata .rel.sdata.* .rel.gnu.linkonce.s.*)
 *(.rela.sdata .rela.sdata.* .rela.gnu.linkonce.s.*)
 *(.rel.sbss .rel.sbss.* .rel.gnu.linkonce.sb.*)
 *(.rela.sbss .rela.sbss.* .rela.gnu.linkonce.sb.*)
 *(.rel.sdata2 .rel.sdata2.* .rel.gnu.linkonce.s2.*)
 *(.rela.sdata2 .rela.sdata2.* .rela.gnu.linkonce.s2.*)
 *(.rel.sbss2 .rel.sbss2.* .rel.gnu.linkonce.sb2.*)
 *(.rela.sbss2 .rela.sbss2.* .rela.gnu.linkonce.sb2.*)
 *(.rel.bss .rel.bss.* .rel.gnu.linkonce.b.*)
 *(.rela.bss .rela.bss.* .rela.gnu.linkonce.b.*)
 *(.rel.plt)
 *(.rela.plt)
 *(.rel.dyn)
 *(.init)
 *(.plt)
 *(.text .stub .text.* .gnu.linkonce.t.*)
 .text          0x0000000010000240       0x4c ../ble_wifi_bsp//obj/HAL/src/crt0.o
                0x0000000010000240                _start
 .text          0x000000001000028c       0x1c obj/default/devices/cc2650.o
                0x000000001000028c                cc2650Init
 .text          0x00000000100002a8       0x1c obj/default/devices/cc3100.o
                0x00000000100002a8                cc3100Init
 .text          0x00000000100002c4      0x128 obj/default/devices/hdc1000.o
                0x00000000100002c4                hdc1000Init
                0x000000001000031c                hdc1000Read
 .text          0x00000000100003ec      0x1c8 obj/default/devices/lis2dh12.o
                0x00000000100003ec                initLIS2DH12
                0x000000001000049c                lis2dh12Read
 .text          0x00000000100005b4       0xdc obj/default/devices/lis332ar.o
                0x00000000100005b4                lis332arInit
                0x0000000010000610                lis332arRead
 .text          0x0000000010000690      0x608 obj/default/drivers/i2c.o
                0x0000000010000690                i2cAck
                0x000000001000070c                i2cNAck
                0x0000000010000788                i2cSelect
                0x00000000100007bc                i2cStart
                0x000000001000084c                i2cStop
                0x00000000100008c8                i2cWrite8bit
                0x00000000100009ec                i2cRead8bit
                0x0000000010000a94                i2cWrite
                0x0000000010000b34                i2cRead
                0x0000000010000bf4                i2cReadNoAddress
 .text          0x0000000010000c98      0x1bc obj/default/drivers/spi.o
                0x0000000010000c98                spiTransfer
                0x0000000010000d1c                spiBiRead
                0x0000000010000e38                spiInit
 .text          0x0000000010000e54     0x2250 obj/default/main.o
                0x0000000010001674                SimpleLinkGeneralEventHandler
                0x00000000100016a8                SimpleLinkWlanEventHandler
                0x00000000100017d4                SimpleLinkNetAppEventHandler
                0x0000000010001890                SimpleLinkHttpServerCallback
                0x00000000100024f4                SimpleLinkPingReport
                0x0000000010002514                SimpleLinkSockEventHandler
                0x00000000100025b0                main
                0x0000000010002a04                set_port_number
 .text          0x00000000100030a4      0x16c obj/default/simplelink/boardSL.o
                0x0000000010003130                registerInterruptHandler
                0x00000000100031b8                CC3100_disable
                0x00000000100031e4                CC3100_enable
 .text          0x0000000010003210      0xb7c obj/default/simplelink/source/device.o
                0x0000000010003210                _sl_GetStartResponseConvert
                0x00000000100032c4                sl_Task
                0x00000000100032ec                sl_Start
                0x0000000010003504                _sl_HandleAsync_InitComplete
                0x00000000100036c8                _sl_HandleAsync_Stop
                0x000000001000380c                sl_Stop
                0x0000000010003a18                sl_EventMaskSet
                0x0000000010003a80                sl_EventMaskGet
                0x0000000010003aec                sl_DevGet
                0x0000000010003c14                sl_DevSet
                0x0000000010003cc8                _SlDrvDeviceEventHandler
 .text          0x0000000010003d8c     0x3540 obj/default/simplelink/source/driver.o
                0x0000000010003d8c                _SlDrvDriverCBInit
                0x0000000010003f18                _SlDrvDriverCBDeinit
                0x0000000010004038                _SlDrvRxIrqHandler
                0x00000000100040cc                _SlDrvCmdOp
                0x00000000100041e8                _SlDrvCmdSend
                0x0000000010004250                _SlDrvDataReadOp
                0x00000000100045f4                _SlDrvDataWriteOp
                0x000000001000493c                _SlDrvMsgWrite
                0x0000000010004c40                _SlDrvMsgRead
                0x0000000010005628                _SlAsyncEventGenericHandler
                0x0000000010005f88                _SlDrvMsgReadCmdCtx
                0x0000000010006114                _SlDrvMsgReadSpawnCtx
                0x0000000010006284                _SlDrvClassifyRxMsg
                0x00000000100063dc                _SlDrvShiftDWord
                0x000000001000644c                _SlDrvRxHdrRead
                0x00000000100067bc                _SlDrvBasicCmd
                0x0000000010006830                _SlDrvWaitForPoolObj
                0x0000000010006b70                _SlDrvReleasePoolObj
                0x0000000010006e9c                _SlDrvObjInit
                0x0000000010006f54                _SlDrvObjDeInit
                0x0000000010006f90                _SlRemoveFromList
                0x00000000100070bc                _SlFindAndSetActiveObj
 .text          0x00000000100072cc      0x14c obj/default/simplelink/source/flowcont.o
                0x00000000100072cc                _SlDrvFlowContInit
                0x0000000010007374                _SlDrvFlowContDeinit
 .text          0x0000000010007418      0x7e4 obj/default/simplelink/source/fs.o
                0x0000000010007418                _sl_Strlen
                0x0000000010007470                _sl_GetCreateFsMode
                0x00000000100075ac                sl_FsOpen
                0x000000001000768c                sl_FsClose
                0x0000000010007788                sl_FsRead
                0x000000001000790c                sl_FsWrite
                0x0000000010007a8c                sl_FsGetInfo
                0x0000000010007b70                sl_FsDel
 .text          0x0000000010007bfc     0x15ac obj/default/simplelink/source/netapp.o
                0x0000000010007bfc                sl_NetAppStart
                0x0000000010007c54                sl_NetAppStop
                0x0000000010007cac                sl_NetAppGetServiceList
                0x0000000010007dd8                sl_NetAppMDNSRegisterUnregisterService
                0x0000000010007f04                sl_NetAppMDNSRegisterService
                0x0000000010007f84                sl_NetAppMDNSUnRegisterService
                0x0000000010007ff4                sl_NetAppDnsGetHostByService
                0x0000000010008244                _sl_HandleAsync_DnsGetHostByService
                0x00000000100083ec                _sl_HandleAsync_DnsGetHostByAddr
                0x0000000010008410                sl_NetAppDnsGetHostByName
                0x0000000010008678                _sl_HandleAsync_DnsGetHostByName
                0x0000000010008840                CopyPingResultsToReport
                0x00000000100088c4                _sl_HandleAsync_PingResponse
                0x0000000010008a78                sl_NetAppPingStart
                0x0000000010008d48                sl_NetAppSet
                0x0000000010008dfc                sl_NetAppSendTokenValue
                0x0000000010008ec4                sl_NetAppGet
                0x0000000010008fc0                _SlDrvNetAppEventHandler
 .text          0x00000000100091a8      0x1e4 obj/default/simplelink/source/netcfg.o
                0x00000000100091a8                sl_NetCfgSet
                0x000000001000925c                sl_NetCfgGet
 .text          0x000000001000938c      0x220 obj/default/simplelink/source/nonos.o
                0x000000001000938c                _SlNonOsSemSet
                0x00000000100093c4                _SlNonOsSemGet
                0x0000000010009464                _SlNonOsSpawn
                0x00000000100094f0                _SlNonOsMainLoopTask
 .text          0x00000000100095ac     0x1af0 obj/default/simplelink/source/socket.o
                0x00000000100095ac                _sl_BuildAddress
                0x0000000010009668                _sl_TruncatePayloadByProtocol
                0x00000000100097ac                _sl_ParseAddress
                0x0000000010009884                sl_Socket
                0x000000001000991c                sl_Close
                0x0000000010009978                sl_Bind
                0x0000000010009a60                sl_SendTo
                0x0000000010009c24                sl_RecvFrom
                0x0000000010009e00                sl_Connect
                0x000000001000a054                _sl_HandleAsync_Connect
                0x000000001000a1ec                sl_Send
                0x000000001000a37c                sl_Listen
                0x000000001000a3e8                sl_Accept
                0x000000001000a6c4                sl_Htonl
                0x000000001000a75c                sl_Htons
                0x000000001000a7d8                _sl_HandleAsync_Accept
                0x000000001000a938                sl_Recv
                0x000000001000a9e8                sl_SetSockOpt
                0x000000001000aa94                sl_GetSockOpt
                0x000000001000ab94                sl_Select
                0x000000001000ae34                SL_FD_SET
                0x000000001000ae84                SL_FD_CLR
                0x000000001000aed8                SL_FD_ISSET
                0x000000001000af30                SL_FD_ZERO
                0x000000001000af58                _sl_HandleAsync_Select
 .text          0x000000001000b09c        0x0 obj/default/simplelink/source/spawn.o
 .text          0x000000001000b09c     0x13ec obj/default/simplelink/source/wlan.o
                0x000000001000b09c                sl_WlanConnect
                0x000000001000b4d4                sl_WlanDisconnect
                0x000000001000b500                sl_WlanPolicySet
                0x000000001000b598                sl_WlanPolicyGet
                0x000000001000b6a8                sl_WlanProfileAdd
                0x000000001000bb28                sl_WlanProfileGet
                0x000000001000bd14                sl_WlanProfileDel
                0x000000001000bd70                sl_WlanGetNetworkList
                0x000000001000be1c                sl_WlanRxFilterAdd
                0x000000001000bf10                sl_WlanRxFilterSet
                0x000000001000bfa0                sl_WlanRxFilterGet
                0x000000001000c060                sl_WlanRxStatStart
                0x000000001000c08c                sl_WlanRxStatStop
                0x000000001000c0b8                sl_WlanRxStatGet
                0x000000001000c130                sl_WlanSmartConfigStop
                0x000000001000c15c                sl_WlanSmartConfigStart
                0x000000001000c278                sl_WlanSetMode
                0x000000001000c2d4                sl_WlanSet
                0x000000001000c37c                sl_WlanGet
 .text          0x000000001000c488      0x13c obj/default/simplelink/spiSL.o
                0x000000001000c488                spiSL_Open
                0x000000001000c4b0                spiSL_Close
                0x000000001000c4d4                spiSL_Read
                0x000000001000c524                spiSL_Write
 .text          0x000000001000c5c4      0x12c c:/altera/15.0.0.139/nios2eds/bin/gnu/h-x86_64-mingw32/bin/../lib/gcc/nios2-elf/4.9.1\libgcc.a(lib2-divmod.o)
                0x000000001000c630                __divsi3
                0x000000001000c684                __modsi3
                0x000000001000c6e0                __udivsi3
                0x000000001000c6e8                __umodsi3
 .text          0x000000001000c6f0       0x18 c:/altera/15.0.0.139/nios2eds/bin/gnu/h-x86_64-mingw32/bin/../lib/gcc/nios2-elf/4.9.1/../../../../../H-x86_64-mingw32/nios2-elf/lib\libc.a(lib_a-atoi.o)
                0x000000001000c6f0                atoi
                0x000000001000c6fc                _atoi_r
 .text          0x000000001000c708       0x7c c:/altera/15.0.0.139/nios2eds/bin/gnu/h-x86_64-mingw32/bin/../lib/gcc/nios2-elf/4.9.1/../../../../../H-x86_64-mingw32/nios2-elf/lib\libc.a(lib_a-memcmp.o)
                0x000000001000c708                memcmp
 .text          0x000000001000c784      0x138 c:/altera/15.0.0.139/nios2eds/bin/gnu/h-x86_64-mingw32/bin/../lib/gcc/nios2-elf/4.9.1/../../../../../H-x86_64-mingw32/nios2-elf/lib\libc.a(lib_a-memcpy.o)
                0x000000001000c784                memcpy
 .text          0x000000001000c8bc      0x124 c:/altera/15.0.0.139/nios2eds/bin/gnu/h-x86_64-mingw32/bin/../lib/gcc/nios2-elf/4.9.1/../../../../../H-x86_64-mingw32/nios2-elf/lib\libc.a(lib_a-memset.o)
                0x000000001000c8bc                memset
 .text          0x000000001000c9e0       0x68 c:/altera/15.0.0.139/nios2eds/bin/gnu/h-x86_64-mingw32/bin/../lib/gcc/nios2-elf/4.9.1/../../../../../H-x86_64-mingw32/nios2-elf/lib\libc.a(lib_a-printf.o)
                0x000000001000c9e0                _printf_r
                0x000000001000ca0c                printf
 .text          0x000000001000ca48       0xcc c:/altera/15.0.0.139/nios2eds/bin/gnu/h-x86_64-mingw32/bin/../lib/gcc/nios2-elf/4.9.1/../../../../../H-x86_64-mingw32/nios2-elf/lib\libc.a(lib_a-puts.o)
                0x000000001000ca48                _puts_r
                0x000000001000cb00                puts
 .text          0x000000001000cb14       0x68 c:/altera/15.0.0.139/nios2eds/bin/gnu/h-x86_64-mingw32/bin/../lib/gcc/nios2-elf/4.9.1/../../../../../H-x86_64-mingw32/nios2-elf/lib\libc.a(lib_a-scanf.o)
                0x000000001000cb14                scanf
                0x000000001000cb50                _scanf_r
 .text          0x000000001000cb7c       0xc4 c:/altera/15.0.0.139/nios2eds/bin/gnu/h-x86_64-mingw32/bin/../lib/gcc/nios2-elf/4.9.1/../../../../../H-x86_64-mingw32/nios2-elf/lib\libc.a(lib_a-sprintf.o)
                0x000000001000cb7c                _sprintf_r
                0x000000001000cbd4                sprintf
 .text          0x000000001000cc40       0x98 c:/altera/15.0.0.139/nios2eds/bin/gnu/h-x86_64-mingw32/bin/../lib/gcc/nios2-elf/4.9.1/../../../../../H-x86_64-mingw32/nios2-elf/lib\libc.a(lib_a-strlen.o)
                0x000000001000cc40                strlen
 .text          0x000000001000ccd8      0x284 c:/altera/15.0.0.139/nios2eds/bin/gnu/h-x86_64-mingw32/bin/../lib/gcc/nios2-elf/4.9.1/../../../../../H-x86_64-mingw32/nios2-elf/lib\libc.a(lib_a-strtol.o)
                0x000000001000ccd8                _strtol_r
                0x000000001000cf38                strtol
 .text          0x000000001000cf5c     0x1f90 c:/altera/15.0.0.139/nios2eds/bin/gnu/h-x86_64-mingw32/bin/../lib/gcc/nios2-elf/4.9.1/../../../../../H-x86_64-mingw32/nios2-elf/lib\libc.a(lib_a-svfprintf.o)
                0x000000001000cf5c                ___svfprintf_internal_r
 .text          0x000000001000eeec     0x2020 c:/altera/15.0.0.139/nios2eds/bin/gnu/h-x86_64-mingw32/bin/../lib/gcc/nios2-elf/4.9.1/../../../../../H-x86_64-mingw32/nios2-elf/lib\libc.a(lib_a-vfprintf.o)
                0x000000001000eeec                ___vfprintf_internal_r
                0x0000000010010ee8                __vfprintf_internal
 .text          0x0000000010010f0c     0x1840 c:/altera/15.0.0.139/nios2eds/bin/gnu/h-x86_64-mingw32/bin/../lib/gcc/nios2-elf/4.9.1/../../../../../H-x86_64-mingw32/nios2-elf/lib\libc.a(lib_a-vfscanf.o)
                0x0000000010010f0c                __svfscanf_r
                0x0000000010012674                vfscanf
                0x00000000100126dc                __svfscanf
                0x0000000010012700                _vfscanf_r
 .text          0x000000001001274c      0x130 c:/altera/15.0.0.139/nios2eds/bin/gnu/h-x86_64-mingw32/bin/../lib/gcc/nios2-elf/4.9.1/../../../../../H-x86_64-mingw32/nios2-elf/lib\libc.a(lib_a-wsetup.o)
                0x000000001001274c                __swsetup_r
 .text          0x000000001001287c        0x0 c:/altera/15.0.0.139/nios2eds/bin/gnu/h-x86_64-mingw32/bin/../lib/gcc/nios2-elf/4.9.1/../../../../../H-x86_64-mingw32/nios2-elf/lib\libc.a(lib_a-ctype_.o)
 .text          0x000000001001287c     0x1928 c:/altera/15.0.0.139/nios2eds/bin/gnu/h-x86_64-mingw32/bin/../lib/gcc/nios2-elf/4.9.1/../../../../../H-x86_64-mingw32/nios2-elf/lib\libc.a(lib_a-dtoa.o)
                0x0000000010012a7c                _dtoa_r
 .text          0x00000000100141a4      0x258 c:/altera/15.0.0.139/nios2eds/bin/gnu/h-x86_64-mingw32/bin/../lib/gcc/nios2-elf/4.9.1/../../../../../H-x86_64-mingw32/nios2-elf/lib\libc.a(lib_a-fflush.o)
                0x00000000100141a4                _fflush_r
                0x00000000100143cc                fflush
 .text          0x00000000100143fc      0x3a0 c:/altera/15.0.0.139/nios2eds/bin/gnu/h-x86_64-mingw32/bin/../lib/gcc/nios2-elf/4.9.1/../../../../../H-x86_64-mingw32/nios2-elf/lib\libc.a(lib_a-findfp.o)
                0x000000001001440c                _cleanup_r
                0x00000000100145b8                __sfmoreglue
                0x000000001001461c                __sfp
                0x0000000010014734                _cleanup
                0x000000001001474c                __sinit
                0x000000001001475c                __sfp_lock_acquire
                0x0000000010014760                __sfp_lock_release
                0x0000000010014764                __sinit_lock_acquire
                0x0000000010014768                __sinit_lock_release
                0x000000001001476c                __fp_lock_all
                0x0000000010014784                __fp_unlock_all
 .text          0x000000001001479c      0x280 c:/altera/15.0.0.139/nios2eds/bin/gnu/h-x86_64-mingw32/bin/../lib/gcc/nios2-elf/4.9.1/../../../../../H-x86_64-mingw32/nios2-elf/lib\libc.a(lib_a-fread.o)
                0x000000001001479c                _fread_r
                0x00000000100149dc                fread
 .text          0x0000000010014a1c      0x414 c:/altera/15.0.0.139/nios2eds/bin/gnu/h-x86_64-mingw32/bin/../lib/gcc/nios2-elf/4.9.1/../../../../../H-x86_64-mingw32/nios2-elf/lib\libc.a(lib_a-freer.o)
                0x0000000010014a1c                _malloc_trim_r
                0x0000000010014b40                _free_r
 .text          0x0000000010014e30      0x4a4 c:/altera/15.0.0.139/nios2eds/bin/gnu/h-x86_64-mingw32/bin/../lib/gcc/nios2-elf/4.9.1/../../../../../H-x86_64-mingw32/nios2-elf/lib\libc.a(lib_a-fvwrite.o)
                0x0000000010014e30                __sfvwrite_r
 .text          0x00000000100152d4      0x170 c:/altera/15.0.0.139/nios2eds/bin/gnu/h-x86_64-mingw32/bin/../lib/gcc/nios2-elf/4.9.1/../../../../../H-x86_64-mingw32/nios2-elf/lib\libc.a(lib_a-fwalk.o)
                0x00000000100152d4                _fwalk
                0x000000001001538c                _fwalk_reent
 .text          0x0000000010015444        0x0 c:/altera/15.0.0.139/nios2eds/bin/gnu/h-x86_64-mingw32/bin/../lib/gcc/nios2-elf/4.9.1/../../../../../H-x86_64-mingw32/nios2-elf/lib\libc.a(lib_a-impure.o)
 .text          0x0000000010015444       0x30 c:/altera/15.0.0.139/nios2eds/bin/gnu/h-x86_64-mingw32/bin/../lib/gcc/nios2-elf/4.9.1/../../../../../H-x86_64-mingw32/nios2-elf/lib\libc.a(lib_a-iswspace.o)
                0x0000000010015444                iswspace
 .text          0x0000000010015474       0xe0 c:/altera/15.0.0.139/nios2eds/bin/gnu/h-x86_64-mingw32/bin/../lib/gcc/nios2-elf/4.9.1/../../../../../H-x86_64-mingw32/nios2-elf/lib\libc.a(lib_a-locale.o)
                0x0000000010015474                _setlocale_r
                0x00000000100154f0                __locale_charset
                0x00000000100154fc                __locale_mb_cur_max
                0x000000001001550c                __locale_msgcharset
                0x0000000010015518                __locale_cjk_lang
                0x0000000010015520                _localeconv_r
                0x000000001001552c                setlocale
                0x0000000010015548                localeconv
 .text          0x0000000010015554      0x1b8 c:/altera/15.0.0.139/nios2eds/bin/gnu/h-x86_64-mingw32/bin/../lib/gcc/nios2-elf/4.9.1/../../../../../H-x86_64-mingw32/nios2-elf/lib\libc.a(lib_a-makebuf.o)
                0x0000000010015554                __smakebuf_r
 .text          0x000000001001570c      0x7a8 c:/altera/15.0.0.139/nios2eds/bin/gnu/h-x86_64-mingw32/bin/../lib/gcc/nios2-elf/4.9.1/../../../../../H-x86_64-mingw32/nios2-elf/lib\libc.a(lib_a-mallocr.o)
                0x000000001001570c                _malloc_r
 .text          0x0000000010015eb4      0x19c c:/altera/15.0.0.139/nios2eds/bin/gnu/h-x86_64-mingw32/bin/../lib/gcc/nios2-elf/4.9.1/../../../../../H-x86_64-mingw32/nios2-elf/lib\libc.a(lib_a-mbrtowc.o)
                0x0000000010015eb4                _mbrtowc_r
                0x0000000010015f60                mbrtowc
 .text          0x0000000010016050       0xa0 c:/altera/15.0.0.139/nios2eds/bin/gnu/h-x86_64-mingw32/bin/../lib/gcc/nios2-elf/4.9.1/../../../../../H-x86_64-mingw32/nios2-elf/lib\libc.a(lib_a-mbtowc_r.o)
                0x0000000010016050                __ascii_mbtowc
                0x0000000010016094                _mbtowc_r
 .text          0x00000000100160f0       0xe8 c:/altera/15.0.0.139/nios2eds/bin/gnu/h-x86_64-mingw32/bin/../lib/gcc/nios2-elf/4.9.1/../../../../../H-x86_64-mingw32/nios2-elf/lib\libc.a(lib_a-memchr.o)
                0x00000000100160f0                memchr
 .text          0x00000000100161d8      0x15c c:/altera/15.0.0.139/nios2eds/bin/gnu/h-x86_64-mingw32/bin/../lib/gcc/nios2-elf/4.9.1/../../../../../H-x86_64-mingw32/nios2-elf/lib\libc.a(lib_a-memmove.o)
                0x00000000100161d8                memmove
 .text          0x0000000010016334      0xf8c c:/altera/15.0.0.139/nios2eds/bin/gnu/h-x86_64-mingw32/bin/../lib/gcc/nios2-elf/4.9.1/../../../../../H-x86_64-mingw32/nios2-elf/lib\libc.a(lib_a-mprec.o)
                0x0000000010016334                _Balloc
                0x00000000100163dc                _Bfree
                0x0000000010016404                __multadd
                0x0000000010016518                __s2b
                0x000000001001661c                __hi0bits
                0x0000000010016684                __lo0bits
                0x0000000010016734                __i2b
                0x0000000010016770                __multiply
                0x000000001001696c                __pow5mult
                0x0000000010016aac                __lshift
                0x0000000010016bf4                __mcmp
                0x0000000010016c54                __mdiff
                0x0000000010016dec                __ulp
                0x0000000010016e4c                __b2d
                0x0000000010016f68                __d2b
                0x00000000100170a4                __ratio
                0x0000000010017148                _mprec_log10
                0x00000000100171bc                __copybits
                0x0000000010017234                __any_on
 .text          0x00000000100172c0      0x5a0 c:/altera/15.0.0.139/nios2eds/bin/gnu/h-x86_64-mingw32/bin/../lib/gcc/nios2-elf/4.9.1/../../../../../H-x86_64-mingw32/nios2-elf/lib\libc.a(lib_a-reallocr.o)
                0x00000000100172c0                _realloc_r
 .text          0x0000000010017860      0x1c4 c:/altera/15.0.0.139/nios2eds/bin/gnu/h-x86_64-mingw32/bin/../lib/gcc/nios2-elf/4.9.1/../../../../../H-x86_64-mingw32/nios2-elf/lib\libc.a(lib_a-refill.o)
                0x000000001001787c                __srefill_r
 .text          0x0000000010017a24       0x74 c:/altera/15.0.0.139/nios2eds/bin/gnu/h-x86_64-mingw32/bin/../lib/gcc/nios2-elf/4.9.1/../../../../../H-x86_64-mingw32/nios2-elf/lib\libc.a(lib_a-s_fpclassify.o)
                0x0000000010017a24                __fpclassifyd
 .text          0x0000000010017a98       0x54 c:/altera/15.0.0.139/nios2eds/bin/gnu/h-x86_64-mingw32/bin/../lib/gcc/nios2-elf/4.9.1/../../../../../H-x86_64-mingw32/nios2-elf/lib\libc.a(lib_a-sbrkr.o)
                0x0000000010017a98                _sbrk_r
 .text          0x0000000010017aec       0xc0 c:/altera/15.0.0.139/nios2eds/bin/gnu/h-x86_64-mingw32/bin/../lib/gcc/nios2-elf/4.9.1/../../../../../H-x86_64-mingw32/nios2-elf/lib\libc.a(lib_a-sccl.o)
                0x0000000010017aec                __sccl
 .text          0x0000000010017bac        0x8 c:/altera/15.0.0.139/nios2eds/bin/gnu/h-x86_64-mingw32/bin/../lib/gcc/nios2-elf/4.9.1/../../../../../H-x86_64-mingw32/nios2-elf/lib\libc.a(lib_a-sf_nan.o)
                0x0000000010017bac                nanf
 .text          0x0000000010017bb4      0x13c c:/altera/15.0.0.139/nios2eds/bin/gnu/h-x86_64-mingw32/bin/../lib/gcc/nios2-elf/4.9.1/../../../../../H-x86_64-mingw32/nios2-elf/lib\libc.a(lib_a-stdio.o)
                0x0000000010017bb4                __sread
                0x0000000010017c08                __seofread
                0x0000000010017c10                __swrite
                0x0000000010017c8c                __sseek
                0x0000000010017ce8                __sclose
 .text          0x0000000010017cf0       0xa4 c:/altera/15.0.0.139/nios2eds/bin/gnu/h-x86_64-mingw32/bin/../lib/gcc/nios2-elf/4.9.1/../../../../../H-x86_64-mingw32/nios2-elf/lib\libc.a(lib_a-strcmp.o)
                0x0000000010017cf0                strcmp
 .text          0x0000000010017d94     0x1660 c:/altera/15.0.0.139/nios2eds/bin/gnu/h-x86_64-mingw32/bin/../lib/gcc/nios2-elf/4.9.1/../../../../../H-x86_64-mingw32/nios2-elf/lib\libc.a(lib_a-strtod.o)
                0x0000000010017d94                _strtod_r
                0x00000000100192d4                strtod
                0x00000000100192f0                strtof
 .text          0x00000000100193f4      0x314 c:/altera/15.0.0.139/nios2eds/bin/gnu/h-x86_64-mingw32/bin/../lib/gcc/nios2-elf/4.9.1/../../../../../H-x86_64-mingw32/nios2-elf/lib\libc.a(lib_a-strtoll_r.o)
                0x00000000100193f4                _strtoll_r
 .text          0x0000000010019708      0x2ac c:/altera/15.0.0.139/nios2eds/bin/gnu/h-x86_64-mingw32/bin/../lib/gcc/nios2-elf/4.9.1/../../../../../H-x86_64-mingw32/nios2-elf/lib\libc.a(lib_a-strtoul.o)
                0x0000000010019708                _strtoul_r
                0x0000000010019990                strtoul
 .text          0x00000000100199b4      0x354 c:/altera/15.0.0.139/nios2eds/bin/gnu/h-x86_64-mingw32/bin/../lib/gcc/nios2-elf/4.9.1/../../../../../H-x86_64-mingw32/nios2-elf/lib\libc.a(lib_a-strtoull_r.o)
                0x00000000100199b4                _strtoull_r
 .text          0x0000000010019d08     0x1230 c:/altera/15.0.0.139/nios2eds/bin/gnu/h-x86_64-mingw32/bin/../lib/gcc/nios2-elf/4.9.1/../../../../../H-x86_64-mingw32/nios2-elf/lib\libc.a(lib_a-svfiprintf.o)
                0x0000000010019d08                __ssprint_r
                0x0000000010019ed0                ___svfiprintf_internal_r
 .text          0x000000001001af38      0x278 c:/altera/15.0.0.139/nios2eds/bin/gnu/h-x86_64-mingw32/bin/../lib/gcc/nios2-elf/4.9.1/../../../../../H-x86_64-mingw32/nios2-elf/lib\libc.a(lib_a-ungetc.o)
                0x000000001001af38                __submore
                0x000000001001b00c                _ungetc_r
                0x000000001001b194                ungetc
 .text          0x000000001001b1b0     0x1494 c:/altera/15.0.0.139/nios2eds/bin/gnu/h-x86_64-mingw32/bin/../lib/gcc/nios2-elf/4.9.1/../../../../../H-x86_64-mingw32/nios2-elf/lib\libc.a(lib_a-vfiprintf.o)
                0x000000001001b2ac                __sprint_r
                0x000000001001b2c4                ___vfiprintf_internal_r
                0x000000001001c620                __vfiprintf_internal
 .text          0x000000001001c644       0x5c c:/altera/15.0.0.139/nios2eds/bin/gnu/h-x86_64-mingw32/bin/../lib/gcc/nios2-elf/4.9.1/../../../../../H-x86_64-mingw32/nios2-elf/lib\libc.a(lib_a-writer.o)
                0x000000001001c644                _write_r
 .text          0x000000001001c6a0       0x54 c:/altera/15.0.0.139/nios2eds/bin/gnu/h-x86_64-mingw32/bin/../lib/gcc/nios2-elf/4.9.1/../../../../../H-x86_64-mingw32/nios2-elf/lib\libc.a(closer.o)
                0x000000001001c6a0                _close_r
 .text          0x000000001001c6f4       0xc4 c:/altera/15.0.0.139/nios2eds/bin/gnu/h-x86_64-mingw32/bin/../lib/gcc/nios2-elf/4.9.1/../../../../../H-x86_64-mingw32/nios2-elf/lib\libc.a(lib_a-callocr.o)
                0x000000001001c6f4                _calloc_r
 .text          0x000000001001c7b8      0x114 c:/altera/15.0.0.139/nios2eds/bin/gnu/h-x86_64-mingw32/bin/../lib/gcc/nios2-elf/4.9.1/../../../../../H-x86_64-mingw32/nios2-elf/lib\libc.a(lib_a-fclose.o)
                0x000000001001c7b8                _fclose_r
                0x000000001001c8b8                fclose
 .text          0x000000001001c8cc      0x1dc c:/altera/15.0.0.139/nios2eds/bin/gnu/h-x86_64-mingw32/bin/../lib/gcc/nios2-elf/4.9.1/../../../../../H-x86_64-mingw32/nios2-elf/lib\libc.a(lib_a-fputwc.o)
                0x000000001001c8cc                _fputwc_r
                0x000000001001ca50                fputwc
 .text          0x000000001001caa8       0x58 c:/altera/15.0.0.139/nios2eds/bin/gnu/h-x86_64-mingw32/bin/../lib/gcc/nios2-elf/4.9.1/../../../../../H-x86_64-mingw32/nios2-elf/lib\libc.a(lib_a-fstatr.o)
                0x000000001001caa8                _fstat_r
 .text          0x000000001001cb00      0x9a0 c:/altera/15.0.0.139/nios2eds/bin/gnu/h-x86_64-mingw32/bin/../lib/gcc/nios2-elf/4.9.1/../../../../../H-x86_64-mingw32/nios2-elf/lib\libc.a(lib_a-gdtoa-gethex.o)
                0x000000001001cc00                __hexdig_init
                0x000000001001cc84                __gethex
 .text          0x000000001001d4a0      0x294 c:/altera/15.0.0.139/nios2eds/bin/gnu/h-x86_64-mingw32/bin/../lib/gcc/nios2-elf/4.9.1/../../../../../H-x86_64-mingw32/nios2-elf/lib\libc.a(lib_a-gdtoa-hexnan.o)
                0x000000001001d4a0                __hexnan
 .text          0x000000001001d734        0x0 c:/altera/15.0.0.139/nios2eds/bin/gnu/h-x86_64-mingw32/bin/../lib/gcc/nios2-elf/4.9.1/../../../../../H-x86_64-mingw32/nios2-elf/lib\libc.a(lib_a-int_errno.o)
 .text          0x000000001001d734       0x54 c:/altera/15.0.0.139/nios2eds/bin/gnu/h-x86_64-mingw32/bin/../lib/gcc/nios2-elf/4.9.1/../../../../../H-x86_64-mingw32/nios2-elf/lib\libc.a(lib_a-isattyr.o)
                0x000000001001d734                _isatty_r
 .text          0x000000001001d788       0x5c c:/altera/15.0.0.139/nios2eds/bin/gnu/h-x86_64-mingw32/bin/../lib/gcc/nios2-elf/4.9.1/../../../../../H-x86_64-mingw32/nios2-elf/lib\libc.a(lib_a-lseekr.o)
                0x000000001001d788                _lseek_r
 .text          0x000000001001d7e4       0x5c c:/altera/15.0.0.139/nios2eds/bin/gnu/h-x86_64-mingw32/bin/../lib/gcc/nios2-elf/4.9.1/../../../../../H-x86_64-mingw32/nios2-elf/lib\libc.a(lib_a-readr.o)
                0x000000001001d7e4                _read_r
 .text          0x000000001001d840       0xc0 c:/altera/15.0.0.139/nios2eds/bin/gnu/h-x86_64-mingw32/bin/../lib/gcc/nios2-elf/4.9.1/../../../../../H-x86_64-mingw32/nios2-elf/lib\libc.a(lib_a-strncmp.o)
                0x000000001001d840                strncmp
 .text          0x000000001001d900      0x170 c:/altera/15.0.0.139/nios2eds/bin/gnu/h-x86_64-mingw32/bin/../lib/gcc/nios2-elf/4.9.1/../../../../../H-x86_64-mingw32/nios2-elf/lib\libc.a(lib_a-wbuf.o)
                0x000000001001d900                __swbuf_r
                0x000000001001da54                __swbuf
 .text          0x000000001001da70      0x174 c:/altera/15.0.0.139/nios2eds/bin/gnu/h-x86_64-mingw32/bin/../lib/gcc/nios2-elf/4.9.1/../../../../../H-x86_64-mingw32/nios2-elf/lib\libc.a(lib_a-wcrtomb.o)
                0x000000001001da70                _wcrtomb_r
                0x000000001001db0c                wcrtomb
 .text          0x000000001001dbe4       0x8c c:/altera/15.0.0.139/nios2eds/bin/gnu/h-x86_64-mingw32/bin/../lib/gcc/nios2-elf/4.9.1/../../../../../H-x86_64-mingw32/nios2-elf/lib\libc.a(lib_a-wctomb_r.o)
                0x000000001001dbe4                __ascii_wctomb
                0x000000001001dc14                _wctomb_r
 .text          0x000000001001dc70       0x60 c:/altera/15.0.0.139/nios2eds/bin/gnu/h-x86_64-mingw32/bin/../lib/gcc/nios2-elf/4.9.1\libgcc.a(_muldi3.o)
                0x000000001001dc70                __muldi3
 .text          0x000000001001dcd0       0x74 c:/altera/15.0.0.139/nios2eds/bin/gnu/h-x86_64-mingw32/bin/../lib/gcc/nios2-elf/4.9.1\libgcc.a(_fixunsdfsi.o)
                0x000000001001dcd0                __fixunsdfsi
 .text          0x000000001001dd44      0x5c0 c:/altera/15.0.0.139/nios2eds/bin/gnu/h-x86_64-mingw32/bin/../lib/gcc/nios2-elf/4.9.1\libgcc.a(_udivdi3.o)
                0x000000001001dd44                __udivdi3
 .text          0x000000001001e304      0x590 c:/altera/15.0.0.139/nios2eds/bin/gnu/h-x86_64-mingw32/bin/../lib/gcc/nios2-elf/4.9.1\libgcc.a(_umoddi3.o)
                0x000000001001e304                __umoddi3
 .text          0x000000001001e894       0x74 c:/altera/15.0.0.139/nios2eds/bin/gnu/h-x86_64-mingw32/bin/../lib/gcc/nios2-elf/4.9.1\libgcc.a(eqsf2.o)
                0x000000001001e894                __eqsf2
                0x000000001001e894                __nesf2
 .text          0x000000001001e908       0xb8 c:/altera/15.0.0.139/nios2eds/bin/gnu/h-x86_64-mingw32/bin/../lib/gcc/nios2-elf/4.9.1\libgcc.a(gesf2.o)
                0x000000001001e908                __gesf2
                0x000000001001e908                __gtsf2
 .text          0x000000001001e9c0       0xb8 c:/altera/15.0.0.139/nios2eds/bin/gnu/h-x86_64-mingw32/bin/../lib/gcc/nios2-elf/4.9.1\libgcc.a(lesf2.o)
                0x000000001001e9c0                __ltsf2
                0x000000001001e9c0                __lesf2
 .text          0x000000001001ea78      0x89c c:/altera/15.0.0.139/nios2eds/bin/gnu/h-x86_64-mingw32/bin/../lib/gcc/nios2-elf/4.9.1\libgcc.a(adddf3.o)
                0x000000001001ea78                __adddf3
 .text          0x000000001001f314      0x8cc c:/altera/15.0.0.139/nios2eds/bin/gnu/h-x86_64-mingw32/bin/../lib/gcc/nios2-elf/4.9.1\libgcc.a(divdf3.o)
                0x000000001001f314                __divdf3
 .text          0x000000001001fbe0       0x84 c:/altera/15.0.0.139/nios2eds/bin/gnu/h-x86_64-mingw32/bin/../lib/gcc/nios2-elf/4.9.1\libgcc.a(eqdf2.o)
                0x000000001001fbe0                __nedf2
                0x000000001001fbe0                __eqdf2
 .text          0x000000001001fc64       0xe0 c:/altera/15.0.0.139/nios2eds/bin/gnu/h-x86_64-mingw32/bin/../lib/gcc/nios2-elf/4.9.1\libgcc.a(gedf2.o)
                0x000000001001fc64                __gedf2
                0x000000001001fc64                __gtdf2
 .text          0x000000001001fd44       0xe0 c:/altera/15.0.0.139/nios2eds/bin/gnu/h-x86_64-mingw32/bin/../lib/gcc/nios2-elf/4.9.1\libgcc.a(ledf2.o)
                0x000000001001fd44                __ledf2
                0x000000001001fd44                __ltdf2
 .text          0x000000001001fe24      0x724 c:/altera/15.0.0.139/nios2eds/bin/gnu/h-x86_64-mingw32/bin/../lib/gcc/nios2-elf/4.9.1\libgcc.a(muldf3.o)
                0x000000001001fe24                __muldf3
 .text          0x0000000010020548      0x8d0 c:/altera/15.0.0.139/nios2eds/bin/gnu/h-x86_64-mingw32/bin/../lib/gcc/nios2-elf/4.9.1\libgcc.a(subdf3.o)
                0x0000000010020548                __subdf3
 .text          0x0000000010020e18       0x88 c:/altera/15.0.0.139/nios2eds/bin/gnu/h-x86_64-mingw32/bin/../lib/gcc/nios2-elf/4.9.1\libgcc.a(fixdfsi.o)
                0x0000000010020e18                __fixdfsi
 .text          0x0000000010020ea0       0xd0 c:/altera/15.0.0.139/nios2eds/bin/gnu/h-x86_64-mingw32/bin/../lib/gcc/nios2-elf/4.9.1\libgcc.a(floatsidf.o)
                0x0000000010020ea0                __floatsidf
 .text          0x0000000010020f70       0xa4 c:/altera/15.0.0.139/nios2eds/bin/gnu/h-x86_64-mingw32/bin/../lib/gcc/nios2-elf/4.9.1\libgcc.a(floatunsidf.o)
                0x0000000010020f70                __floatunsidf
 .text          0x0000000010021014      0x198 c:/altera/15.0.0.139/nios2eds/bin/gnu/h-x86_64-mingw32/bin/../lib/gcc/nios2-elf/4.9.1\libgcc.a(truncdfsf2.o)
                0x0000000010021014                __truncdfsf2
 .text          0x00000000100211ac        0x0 c:/altera/15.0.0.139/nios2eds/bin/gnu/h-x86_64-mingw32/bin/../lib/gcc/nios2-elf/4.9.1\libgcc.a(_clz.o)
 .text          0x00000000100211ac       0x64 c:/altera/15.0.0.139/nios2eds/bin/gnu/h-x86_64-mingw32/bin/../lib/gcc/nios2-elf/4.9.1\libgcc.a(_clzsi2.o)
                0x00000000100211ac                __clzsi2
 .text          0x0000000010021210      0x120 ../ble_wifi_bsp/\libhal_bsp.a(alt_close.o)
                0x0000000010021260                close
 .text          0x0000000010021330       0x2c ../ble_wifi_bsp/\libhal_bsp.a(alt_dev.o)
 .text          0x000000001002135c        0x0 ../ble_wifi_bsp/\libhal_bsp.a(alt_errno.o)
 .text          0x000000001002135c      0x100 ../ble_wifi_bsp/\libhal_bsp.a(alt_fstat.o)
                0x00000000100213ac                fstat
 .text          0x000000001002145c      0x1e0 ../ble_wifi_bsp/\libhal_bsp.a(alt_iic.o)
                0x000000001002145c                alt_ic_isr_register
                0x00000000100214ac                alt_ic_irq_enable
                0x000000001002154c                alt_ic_irq_disable
                0x00000000100215f0                alt_ic_irq_enabled
 .text          0x000000001002163c       0xf0 ../ble_wifi_bsp/\libhal_bsp.a(alt_iic_isr_register.o)
                0x000000001002163c                alt_iic_isr_register
 .text          0x000000001002172c        0x0 ../ble_wifi_bsp/\libhal_bsp.a(alt_irq_entry.o)
 .text          0x000000001002172c        0x0 ../ble_wifi_bsp/\libhal_bsp.a(alt_irq_handler.o)
 .text          0x000000001002172c        0x0 ../ble_wifi_bsp/\libhal_bsp.a(alt_irq_vars.o)
 .text          0x000000001002172c       0xf4 ../ble_wifi_bsp/\libhal_bsp.a(alt_isatty.o)
                0x000000001002177c                isatty
 .text          0x0000000010021820       0xe4 ../ble_wifi_bsp/\libhal_bsp.a(alt_load.o)
                0x0000000010021884                alt_load
 .text          0x0000000010021904      0x124 ../ble_wifi_bsp/\libhal_bsp.a(alt_lseek.o)
                0x0000000010021954                lseek
 .text          0x0000000010021a28       0x78 ../ble_wifi_bsp/\libhal_bsp.a(alt_main.o)
                0x0000000010021a28                alt_main
 .text          0x0000000010021aa0       0x40 ../ble_wifi_bsp/\libhal_bsp.a(alt_malloc_lock.o)
                0x0000000010021aa0                __malloc_lock
                0x0000000010021ac0                __malloc_unlock
 .text          0x0000000010021ae0      0x14c ../ble_wifi_bsp/\libhal_bsp.a(alt_read.o)
                0x0000000010021b30                read
 .text          0x0000000010021c2c       0x60 ../ble_wifi_bsp/\libhal_bsp.a(alt_release_fd.o)
                0x0000000010021c2c                alt_release_fd
 .text          0x0000000010021c8c       0xb0 ../ble_wifi_bsp/\libhal_bsp.a(alt_sbrk.o)
                0x0000000010021c8c                sbrk
 .text          0x0000000010021d3c       0x30 ../ble_wifi_bsp/\libhal_bsp.a(alt_usleep.o)
                0x0000000010021d3c                usleep
 .text          0x0000000010021d6c      0x148 ../ble_wifi_bsp/\libhal_bsp.a(alt_write.o)
                0x0000000010021dbc                write
 .text          0x0000000010021eb4       0xf4 ../ble_wifi_bsp/\libhal_bsp.a(alt_sys_init.o)
                0x0000000010021eec                alt_irq_init
                0x0000000010021f20                alt_sys_init
 .text          0x0000000010021fa8      0x164 ../ble_wifi_bsp/\libhal_bsp.a(altera_avalon_jtag_uart_fd.o)
                0x0000000010021fa8                altera_avalon_jtag_uart_read_fd
                0x0000000010022008                altera_avalon_jtag_uart_write_fd
                0x0000000010022068                altera_avalon_jtag_uart_close_fd
                0x00000000100220b8                altera_avalon_jtag_uart_ioctl_fd
 .text          0x000000001002210c      0x3d8 ../ble_wifi_bsp/\libhal_bsp.a(altera_avalon_jtag_uart_init.o)
                0x000000001002210c                altera_avalon_jtag_uart_init
                0x000000001002247c                altera_avalon_jtag_uart_close
 .text          0x00000000100224e4       0xec ../ble_wifi_bsp/\libhal_bsp.a(altera_avalon_jtag_uart_ioctl.o)
                0x00000000100224e4                altera_avalon_jtag_uart_ioctl
 .text          0x00000000100225d0      0x20c ../ble_wifi_bsp/\libhal_bsp.a(altera_avalon_jtag_uart_read.o)
                0x00000000100225d0                altera_avalon_jtag_uart_read
 .text          0x00000000100227dc      0x218 ../ble_wifi_bsp/\libhal_bsp.a(altera_avalon_jtag_uart_write.o)
                0x00000000100227dc                altera_avalon_jtag_uart_write
 .text          0x00000000100229f4      0x204 ../ble_wifi_bsp/\libhal_bsp.a(altera_avalon_spi.o)
                0x00000000100229f4                alt_avalon_spi_command
 .text          0x0000000010022bf8      0x110 ../ble_wifi_bsp/\libhal_bsp.a(altera_avalon_uart_fd.o)
                0x0000000010022bf8                altera_avalon_uart_read_fd
                0x0000000010022c58                altera_avalon_uart_write_fd
                0x0000000010022cb8                altera_avalon_uart_close_fd
 .text          0x0000000010022d08      0x3b8 ../ble_wifi_bsp/\libhal_bsp.a(altera_avalon_uart_init.o)
                0x0000000010022d08                altera_avalon_uart_init
                0x000000001002306c                altera_avalon_uart_close
 .text          0x00000000100230c0      0x22c ../ble_wifi_bsp/\libhal_bsp.a(altera_avalon_uart_read.o)
                0x0000000010023110                altera_avalon_uart_read
 .text          0x00000000100232ec      0x1fc ../ble_wifi_bsp/\libhal_bsp.a(altera_avalon_uart_write.o)
                0x000000001002333c                altera_avalon_uart_write
 .text          0x00000000100234e8      0x540 ../ble_wifi_bsp/\libhal_bsp.a(altera_modular_adc.o)
                0x000000001002358c                alt_adc_word_read
                0x0000000010023638                altera_modular_adc_init
                0x00000000100236a8                alt_adc_register_callback
                0x0000000010023740                altera_modular_adc_open
                0x0000000010023780                adc_stop
                0x00000000100237cc                adc_start
                0x0000000010023800                adc_set_mode_run_once
                0x000000001002383c                adc_set_mode_run_continuously
                0x0000000010023874                adc_recalibrate
                0x00000000100238ec                adc_interrupt_enable
                0x000000001002392c                adc_interrupt_disable
                0x0000000010023970                adc_clear_interrupt_status
                0x00000000100239b0                adc_interrupt_asserted
                0x00000000100239f0                adc_wait_for_interrupt
 .text          0x0000000010023a28      0x140 ../ble_wifi_bsp/\libhal_bsp.a(alt_alarm_start.o)
                0x0000000010023a28                alt_alarm_start
 .text          0x0000000010023b68      0x158 ../ble_wifi_bsp/\libhal_bsp.a(alt_busy_sleep.o)
                0x0000000010023b68                alt_busy_sleep
 .text          0x0000000010023cc0       0x44 ../ble_wifi_bsp/\libhal_bsp.a(alt_dcache_flush_all.o)
                0x0000000010023cc0                alt_dcache_flush_all
 .text          0x0000000010023d04       0xf4 ../ble_wifi_bsp/\libhal_bsp.a(alt_dev_llist_insert.o)
                0x0000000010023d54                alt_dev_llist_insert
 .text          0x0000000010023df8       0x5c ../ble_wifi_bsp/\libhal_bsp.a(alt_do_ctors.o)
                0x0000000010023df8                _do_ctors
 .text          0x0000000010023e54       0x5c ../ble_wifi_bsp/\libhal_bsp.a(alt_do_dtors.o)
                0x0000000010023e54                _do_dtors
 .text          0x0000000010023eb0        0x0 ../ble_wifi_bsp/\libhal_bsp.a(alt_exception_entry.o)
 .text          0x0000000010023eb0       0x90 ../ble_wifi_bsp/\libhal_bsp.a(alt_find_dev.o)
                0x0000000010023eb0                alt_find_dev
 .text          0x0000000010023f40       0x30 ../ble_wifi_bsp/\libhal_bsp.a(alt_icache_flush_all.o)
                0x0000000010023f40                alt_icache_flush_all
 .text          0x0000000010023f70       0x9c ../ble_wifi_bsp/\libhal_bsp.a(alt_instruction_exception_entry.o)
                0x0000000010023f70                alt_exception_cause_generated_bad_addr
 .text          0x000000001002400c      0x138 ../ble_wifi_bsp/\libhal_bsp.a(alt_io_redirect.o)
                0x00000000100240cc                alt_io_redirect
 .text          0x0000000010024144      0x274 ../ble_wifi_bsp/\libhal_bsp.a(alt_open.o)
                0x0000000010024260                open
 .text          0x00000000100243b8      0x19c ../ble_wifi_bsp/\libhal_bsp.a(alt_tick.o)
                0x00000000100243b8                alt_alarm_stop
                0x0000000010024450                alt_tick
 .text          0x0000000010024554       0x20 ../ble_wifi_bsp/\libhal_bsp.a(altera_nios2_gen2_irq.o)
                0x0000000010024554                altera_nios2_gen2_irq_init
 .text          0x0000000010024574      0x114 ../ble_wifi_bsp/\libhal_bsp.a(alt_find_file.o)
                0x0000000010024574                alt_find_file
 .text          0x0000000010024688       0xb4 ../ble_wifi_bsp/\libhal_bsp.a(alt_get_fd.o)
                0x0000000010024688                alt_get_fd
 .text          0x000000001002473c       0x8c ../ble_wifi_bsp/\libhal_bsp.a(alt_icache_flush.o)
                0x000000001002473c                alt_icache_flush
 .text          0x00000000100247c8       0x14 c:/altera/15.0.0.139/nios2eds/bin/gnu/h-x86_64-mingw32/bin/../lib/gcc/nios2-elf/4.9.1/../../../../../H-x86_64-mingw32/nios2-elf/lib\libc.a(lib_a-atexit.o)
                0x00000000100247c8                atexit
 .text          0x00000000100247dc       0x38 c:/altera/15.0.0.139/nios2eds/bin/gnu/h-x86_64-mingw32/bin/../lib/gcc/nios2-elf/4.9.1/../../../../../H-x86_64-mingw32/nios2-elf/lib\libc.a(lib_a-exit.o)
                0x00000000100247dc                exit
 .text          0x0000000010024814      0x114 c:/altera/15.0.0.139/nios2eds/bin/gnu/h-x86_64-mingw32/bin/../lib/gcc/nios2-elf/4.9.1/../../../../../H-x86_64-mingw32/nios2-elf/lib\libc.a(lib_a-__atexit.o)
                0x0000000010024814                __register_exitproc
 .text          0x0000000010024928      0x194 c:/altera/15.0.0.139/nios2eds/bin/gnu/h-x86_64-mingw32/bin/../lib/gcc/nios2-elf/4.9.1/../../../../../H-x86_64-mingw32/nios2-elf/lib\libc.a(lib_a-__call_atexit.o)
                0x0000000010024928                __call_exitprocs
 .text          0x0000000010024abc       0x34 ../ble_wifi_bsp/\libhal_bsp.a(alt_exit.o)
                0x0000000010024abc                _exit
 *(.gnu.warning.*)
 *(.fini)
                0x0000000010024af0                PROVIDE (__etext, ABSOLUTE (.))
                0x0000000010024af0                PROVIDE (_etext, ABSOLUTE (.))
                0x0000000010024af0                PROVIDE (etext, ABSOLUTE (.))
 *(.eh_frame_hdr)
                0x0000000010024af0                . = ALIGN (0x4)
                0x0000000010024af0                PROVIDE (__preinit_array_start, ABSOLUTE (.))
 *(.preinit_array)
                0x0000000010024af0                PROVIDE (__preinit_array_end, ABSOLUTE (.))
                0x0000000010024af0                PROVIDE (__init_array_start, ABSOLUTE (.))
 *(.init_array)
                0x0000000010024af0                PROVIDE (__init_array_end, ABSOLUTE (.))
                0x0000000010024af0                PROVIDE (__fini_array_start, ABSOLUTE (.))
 *(.fini_array)
                0x0000000010024af0                PROVIDE (__fini_array_end, ABSOLUTE (.))
 *(.eh_frame)
 *(.gcc_except_table .gcc_except_table.*)
 *(.dynamic)
                0x0000000010024af0                PROVIDE (__CTOR_LIST__, ABSOLUTE (.))
 *(.ctors)
 *(SORT(.ctors.*))
                0x0000000010024af0                PROVIDE (__CTOR_END__, ABSOLUTE (.))
                0x0000000010024af0                PROVIDE (__DTOR_LIST__, ABSOLUTE (.))
 *(.dtors)
 *(SORT(.dtors.*))
                0x0000000010024af0                PROVIDE (__DTOR_END__, ABSOLUTE (.))
 *(.jcr)
                0x0000000010024af0                . = ALIGN (0x4)

.rodata         0x0000000010024af0      0xc44
                0x0000000010024af0                PROVIDE (__ram_rodata_start, ABSOLUTE (.))
                0x0000000010024af0                . = ALIGN (0x4)
 *(.rodata .rodata.* .gnu.linkonce.r.*)
 .rodata        0x0000000010024af0       0x28 obj/default/drivers/spi.o
 .rodata        0x0000000010024b18      0x578 obj/default/main.o
 .rodata        0x0000000010025090        0x8 obj/default/simplelink/boardSL.o
 .rodata        0x0000000010025098       0x38 obj/default/simplelink/source/driver.o
                0x0000000010025098                _SlActionLookupTable
 .rodata.str1.4
                0x00000000100250d0        0x2 c:/altera/15.0.0.139/nios2eds/bin/gnu/h-x86_64-mingw32/bin/../lib/gcc/nios2-elf/4.9.1/../../../../../H-x86_64-mingw32/nios2-elf/lib\libc.a(lib_a-puts.o)
                                          0x4 (size before relaxing)
 *fill*         0x00000000100250d2        0x2 
 .rodata.str1.4
                0x00000000100250d4       0x42 c:/altera/15.0.0.139/nios2eds/bin/gnu/h-x86_64-mingw32/bin/../lib/gcc/nios2-elf/4.9.1/../../../../../H-x86_64-mingw32/nios2-elf/lib\libc.a(lib_a-svfprintf.o)
                                         0x44 (size before relaxing)
 .rodata        0x0000000010025116       0x20 c:/altera/15.0.0.139/nios2eds/bin/gnu/h-x86_64-mingw32/bin/../lib/gcc/nios2-elf/4.9.1/../../../../../H-x86_64-mingw32/nios2-elf/lib\libc.a(lib_a-svfprintf.o)
 .rodata.str1.4
                0x0000000000000000       0x44 c:/altera/15.0.0.139/nios2eds/bin/gnu/h-x86_64-mingw32/bin/../lib/gcc/nios2-elf/4.9.1/../../../../../H-x86_64-mingw32/nios2-elf/lib\libc.a(lib_a-vfprintf.o)
 .rodata        0x0000000010025136       0x20 c:/altera/15.0.0.139/nios2eds/bin/gnu/h-x86_64-mingw32/bin/../lib/gcc/nios2-elf/4.9.1/../../../../../H-x86_64-mingw32/nios2-elf/lib\libc.a(lib_a-vfprintf.o)
 *fill*         0x0000000010025156        0x2 
 .rodata.str1.4
                0x0000000010025158        0x5 c:/altera/15.0.0.139/nios2eds/bin/gnu/h-x86_64-mingw32/bin/../lib/gcc/nios2-elf/4.9.1/../../../../../H-x86_64-mingw32/nios2-elf/lib\libc.a(lib_a-vfscanf.o)
                                          0x8 (size before relaxing)
 *fill*         0x000000001002515d        0x1 
 .rodata        0x000000001002515e       0x22 c:/altera/15.0.0.139/nios2eds/bin/gnu/h-x86_64-mingw32/bin/../lib/gcc/nios2-elf/4.9.1/../../../../../H-x86_64-mingw32/nios2-elf/lib\libc.a(lib_a-vfscanf.o)
 .rodata        0x0000000010025180      0x281 c:/altera/15.0.0.139/nios2eds/bin/gnu/h-x86_64-mingw32/bin/../lib/gcc/nios2-elf/4.9.1/../../../../../H-x86_64-mingw32/nios2-elf/lib\libc.a(lib_a-ctype_.o)
                0x0000000010025180                _ctype_
 *fill*         0x0000000010025401        0x3 
 .rodata.str1.4
                0x0000000010025404       0x10 c:/altera/15.0.0.139/nios2eds/bin/gnu/h-x86_64-mingw32/bin/../lib/gcc/nios2-elf/4.9.1/../../../../../H-x86_64-mingw32/nios2-elf/lib\libc.a(lib_a-dtoa.o)
                                         0x14 (size before relaxing)
 .rodata.str1.4
                0x0000000010025414        0x2 c:/altera/15.0.0.139/nios2eds/bin/gnu/h-x86_64-mingw32/bin/../lib/gcc/nios2-elf/4.9.1/../../../../../H-x86_64-mingw32/nios2-elf/lib\libc.a(lib_a-impure.o)
                                          0x4 (size before relaxing)
 *fill*         0x0000000010025416        0x2 
 .rodata.str1.4
                0x0000000010025418        0xa c:/altera/15.0.0.139/nios2eds/bin/gnu/h-x86_64-mingw32/bin/../lib/gcc/nios2-elf/4.9.1/../../../../../H-x86_64-mingw32/nios2-elf/lib\libc.a(lib_a-locale.o)
                                         0x14 (size before relaxing)
 .rodata.str1.4
                0x0000000000000000        0x4 c:/altera/15.0.0.139/nios2eds/bin/gnu/h-x86_64-mingw32/bin/../lib/gcc/nios2-elf/4.9.1/../../../../../H-x86_64-mingw32/nios2-elf/lib\libc.a(lib_a-mbrtowc.o)
 *fill*         0x0000000010025422        0x2 
 .rodata        0x0000000010025424      0x124 c:/altera/15.0.0.139/nios2eds/bin/gnu/h-x86_64-mingw32/bin/../lib/gcc/nios2-elf/4.9.1/../../../../../H-x86_64-mingw32/nios2-elf/lib\libc.a(lib_a-mprec.o)
                0x0000000010025430                __mprec_tinytens
                0x0000000010025458                __mprec_bigtens
                0x0000000010025480                __mprec_tens
 .rodata.str1.4
                0x0000000010025548        0xf c:/altera/15.0.0.139/nios2eds/bin/gnu/h-x86_64-mingw32/bin/../lib/gcc/nios2-elf/4.9.1/../../../../../H-x86_64-mingw32/nios2-elf/lib\libc.a(lib_a-strtod.o)
                                         0x10 (size before relaxing)
 *fill*         0x0000000010025557        0x1 
 .rodata        0x0000000010025558       0x28 c:/altera/15.0.0.139/nios2eds/bin/gnu/h-x86_64-mingw32/bin/../lib/gcc/nios2-elf/4.9.1/../../../../../H-x86_64-mingw32/nios2-elf/lib\libc.a(lib_a-strtod.o)
 .rodata.str1.4
                0x0000000000000000       0x30 c:/altera/15.0.0.139/nios2eds/bin/gnu/h-x86_64-mingw32/bin/../lib/gcc/nios2-elf/4.9.1/../../../../../H-x86_64-mingw32/nios2-elf/lib\libc.a(lib_a-svfiprintf.o)
 .rodata        0x0000000010025580       0x20 c:/altera/15.0.0.139/nios2eds/bin/gnu/h-x86_64-mingw32/bin/../lib/gcc/nios2-elf/4.9.1/../../../../../H-x86_64-mingw32/nios2-elf/lib\libc.a(lib_a-svfiprintf.o)
 .rodata.str1.4
                0x0000000000000000       0x30 c:/altera/15.0.0.139/nios2eds/bin/gnu/h-x86_64-mingw32/bin/../lib/gcc/nios2-elf/4.9.1/../../../../../H-x86_64-mingw32/nios2-elf/lib\libc.a(lib_a-vfiprintf.o)
 .rodata        0x00000000100255a0       0x20 c:/altera/15.0.0.139/nios2eds/bin/gnu/h-x86_64-mingw32/bin/../lib/gcc/nios2-elf/4.9.1/../../../../../H-x86_64-mingw32/nios2-elf/lib\libc.a(lib_a-vfiprintf.o)
 .rodata.str1.4
                0x00000000100255c0       0x1c c:/altera/15.0.0.139/nios2eds/bin/gnu/h-x86_64-mingw32/bin/../lib/gcc/nios2-elf/4.9.1/../../../../../H-x86_64-mingw32/nios2-elf/lib\libc.a(lib_a-gdtoa-gethex.o)
 .rodata        0x00000000100255dc      0x100 c:/altera/15.0.0.139/nios2eds/bin/gnu/h-x86_64-mingw32/bin/../lib/gcc/nios2-elf/4.9.1\libgcc.a(_clz.o)
                0x00000000100255dc                __clz_tab
 .rodata        0x00000000100256dc        0xc ../ble_wifi_bsp/\libhal_bsp.a(alt_dev.o)
 .rodata        0x00000000100256e8       0x10 ../ble_wifi_bsp/\libhal_bsp.a(alt_main.o)
 .rodata        0x00000000100256f8       0x3c ../ble_wifi_bsp/\libhal_bsp.a(alt_sys_init.o)
 *(.rodata1)
                0x0000000010025734                . = ALIGN (0x4)
                0x0000000010025734                PROVIDE (__ram_rodata_end, ABSOLUTE (.))
                0x0000000010024af0                PROVIDE (__flash_rodata_start, LOADADDR (.rodata))

.rwdata         0x0000000010025734     0x1d54 load address 0x0000000010027488
                0x0000000010025734                PROVIDE (__ram_rwdata_start, ABSOLUTE (.))
                0x0000000010025734                . = ALIGN (0x4)
 *(.got.plt)
 *(.got)
 *(.data1)
 *(.data .data.* .gnu.linkonce.d.*)
 .data          0x0000000010025734        0x0 ../ble_wifi_bsp//obj/HAL/src/crt0.o
 .data          0x0000000010025734        0x0 obj/default/devices/cc2650.o
 .data          0x0000000010025734        0x0 obj/default/devices/cc3100.o
 .data          0x0000000010025734        0x0 obj/default/devices/hdc1000.o
 .data          0x0000000010025734        0xc obj/default/devices/lis2dh12.o
                0x0000000010025734                rdata
 .data          0x0000000010025740        0x0 obj/default/devices/lis332ar.o
 .data          0x0000000010025740        0x0 obj/default/drivers/i2c.o
 .data          0x0000000010025740        0x0 obj/default/drivers/spi.o
 .data          0x0000000010025740       0x54 obj/default/main.o
                0x0000000010025740                POST_token
                0x000000001002574c                GET_token
                0x0000000010025758                GET_TEMP_token
                0x0000000010025764                GET_HUMID_token
                0x0000000010025770                GET_XAXIS_token
                0x000000001002577c                GET_YAXIS_token
                0x0000000010025788                GET_ZAXIS_token
 .data          0x0000000010025794        0x0 obj/default/simplelink/boardSL.o
 .data          0x0000000010025794        0x0 obj/default/simplelink/source/device.o
 .data          0x0000000010025794        0x0 obj/default/simplelink/source/driver.o
 .data          0x0000000010025794        0x0 obj/default/simplelink/source/flowcont.o
 .data          0x0000000010025794        0x0 obj/default/simplelink/source/fs.o
 .data          0x0000000010025794        0x0 obj/default/simplelink/source/netapp.o
 .data          0x0000000010025794        0x0 obj/default/simplelink/source/netcfg.o
 .data          0x0000000010025794        0x0 obj/default/simplelink/source/nonos.o
 .data          0x0000000010025794        0x0 obj/default/simplelink/source/socket.o
 .data          0x0000000010025794        0x0 obj/default/simplelink/source/spawn.o
 .data          0x0000000010025794        0x0 obj/default/simplelink/source/wlan.o
 .data          0x0000000010025794        0x0 obj/default/simplelink/spiSL.o
 .data          0x0000000010025794        0x0 c:/altera/15.0.0.139/nios2eds/bin/gnu/h-x86_64-mingw32/bin/../lib/gcc/nios2-elf/4.9.1\libgcc.a(lib2-divmod.o)
 .data          0x0000000010025794        0x0 c:/altera/15.0.0.139/nios2eds/bin/gnu/h-x86_64-mingw32/bin/../lib/gcc/nios2-elf/4.9.1/../../../../../H-x86_64-mingw32/nios2-elf/lib\libc.a(lib_a-atoi.o)
 .data          0x0000000010025794        0x0 c:/altera/15.0.0.139/nios2eds/bin/gnu/h-x86_64-mingw32/bin/../lib/gcc/nios2-elf/4.9.1/../../../../../H-x86_64-mingw32/nios2-elf/lib\libc.a(lib_a-memcmp.o)
 .data          0x0000000010025794        0x0 c:/altera/15.0.0.139/nios2eds/bin/gnu/h-x86_64-mingw32/bin/../lib/gcc/nios2-elf/4.9.1/../../../../../H-x86_64-mingw32/nios2-elf/lib\libc.a(lib_a-memcpy.o)
 .data          0x0000000010025794        0x0 c:/altera/15.0.0.139/nios2eds/bin/gnu/h-x86_64-mingw32/bin/../lib/gcc/nios2-elf/4.9.1/../../../../../H-x86_64-mingw32/nios2-elf/lib\libc.a(lib_a-memset.o)
 .data          0x0000000010025794        0x0 c:/altera/15.0.0.139/nios2eds/bin/gnu/h-x86_64-mingw32/bin/../lib/gcc/nios2-elf/4.9.1/../../../../../H-x86_64-mingw32/nios2-elf/lib\libc.a(lib_a-printf.o)
 .data          0x0000000010025794        0x0 c:/altera/15.0.0.139/nios2eds/bin/gnu/h-x86_64-mingw32/bin/../lib/gcc/nios2-elf/4.9.1/../../../../../H-x86_64-mingw32/nios2-elf/lib\libc.a(lib_a-puts.o)
 .data          0x0000000010025794        0x0 c:/altera/15.0.0.139/nios2eds/bin/gnu/h-x86_64-mingw32/bin/../lib/gcc/nios2-elf/4.9.1/../../../../../H-x86_64-mingw32/nios2-elf/lib\libc.a(lib_a-scanf.o)
 .data          0x0000000010025794        0x0 c:/altera/15.0.0.139/nios2eds/bin/gnu/h-x86_64-mingw32/bin/../lib/gcc/nios2-elf/4.9.1/../../../../../H-x86_64-mingw32/nios2-elf/lib\libc.a(lib_a-sprintf.o)
 .data          0x0000000010025794        0x0 c:/altera/15.0.0.139/nios2eds/bin/gnu/h-x86_64-mingw32/bin/../lib/gcc/nios2-elf/4.9.1/../../../../../H-x86_64-mingw32/nios2-elf/lib\libc.a(lib_a-strlen.o)
 .data          0x0000000010025794        0x0 c:/altera/15.0.0.139/nios2eds/bin/gnu/h-x86_64-mingw32/bin/../lib/gcc/nios2-elf/4.9.1/../../../../../H-x86_64-mingw32/nios2-elf/lib\libc.a(lib_a-strtol.o)
 .data          0x0000000010025794        0x0 c:/altera/15.0.0.139/nios2eds/bin/gnu/h-x86_64-mingw32/bin/../lib/gcc/nios2-elf/4.9.1/../../../../../H-x86_64-mingw32/nios2-elf/lib\libc.a(lib_a-svfprintf.o)
 .data          0x0000000010025794        0x0 c:/altera/15.0.0.139/nios2eds/bin/gnu/h-x86_64-mingw32/bin/../lib/gcc/nios2-elf/4.9.1/../../../../../H-x86_64-mingw32/nios2-elf/lib\libc.a(lib_a-vfprintf.o)
 .data          0x0000000010025794        0x0 c:/altera/15.0.0.139/nios2eds/bin/gnu/h-x86_64-mingw32/bin/../lib/gcc/nios2-elf/4.9.1/../../../../../H-x86_64-mingw32/nios2-elf/lib\libc.a(lib_a-vfscanf.o)
 .data          0x0000000010025794        0x0 c:/altera/15.0.0.139/nios2eds/bin/gnu/h-x86_64-mingw32/bin/../lib/gcc/nios2-elf/4.9.1/../../../../../H-x86_64-mingw32/nios2-elf/lib\libc.a(lib_a-wsetup.o)
 .data          0x0000000010025794        0x0 c:/altera/15.0.0.139/nios2eds/bin/gnu/h-x86_64-mingw32/bin/../lib/gcc/nios2-elf/4.9.1/../../../../../H-x86_64-mingw32/nios2-elf/lib\libc.a(lib_a-ctype_.o)
 .data          0x0000000010025794        0x0 c:/altera/15.0.0.139/nios2eds/bin/gnu/h-x86_64-mingw32/bin/../lib/gcc/nios2-elf/4.9.1/../../../../../H-x86_64-mingw32/nios2-elf/lib\libc.a(lib_a-dtoa.o)
 .data          0x0000000010025794        0x0 c:/altera/15.0.0.139/nios2eds/bin/gnu/h-x86_64-mingw32/bin/../lib/gcc/nios2-elf/4.9.1/../../../../../H-x86_64-mingw32/nios2-elf/lib\libc.a(lib_a-fflush.o)
 .data          0x0000000010025794        0x0 c:/altera/15.0.0.139/nios2eds/bin/gnu/h-x86_64-mingw32/bin/../lib/gcc/nios2-elf/4.9.1/../../../../../H-x86_64-mingw32/nios2-elf/lib\libc.a(lib_a-findfp.o)
 .data          0x0000000010025794        0x0 c:/altera/15.0.0.139/nios2eds/bin/gnu/h-x86_64-mingw32/bin/../lib/gcc/nios2-elf/4.9.1/../../../../../H-x86_64-mingw32/nios2-elf/lib\libc.a(lib_a-fread.o)
 .data          0x0000000010025794        0x0 c:/altera/15.0.0.139/nios2eds/bin/gnu/h-x86_64-mingw32/bin/../lib/gcc/nios2-elf/4.9.1/../../../../../H-x86_64-mingw32/nios2-elf/lib\libc.a(lib_a-freer.o)
 .data          0x0000000010025794        0x0 c:/altera/15.0.0.139/nios2eds/bin/gnu/h-x86_64-mingw32/bin/../lib/gcc/nios2-elf/4.9.1/../../../../../H-x86_64-mingw32/nios2-elf/lib\libc.a(lib_a-fvwrite.o)
 .data          0x0000000010025794        0x0 c:/altera/15.0.0.139/nios2eds/bin/gnu/h-x86_64-mingw32/bin/../lib/gcc/nios2-elf/4.9.1/../../../../../H-x86_64-mingw32/nios2-elf/lib\libc.a(lib_a-fwalk.o)
 .data          0x0000000010025794      0x424 c:/altera/15.0.0.139/nios2eds/bin/gnu/h-x86_64-mingw32/bin/../lib/gcc/nios2-elf/4.9.1/../../../../../H-x86_64-mingw32/nios2-elf/lib\libc.a(lib_a-impure.o)
 .data          0x0000000010025bb8        0x0 c:/altera/15.0.0.139/nios2eds/bin/gnu/h-x86_64-mingw32/bin/../lib/gcc/nios2-elf/4.9.1/../../../../../H-x86_64-mingw32/nios2-elf/lib\libc.a(lib_a-iswspace.o)
 .data          0x0000000010025bb8       0x78 c:/altera/15.0.0.139/nios2eds/bin/gnu/h-x86_64-mingw32/bin/../lib/gcc/nios2-elf/4.9.1/../../../../../H-x86_64-mingw32/nios2-elf/lib\libc.a(lib_a-locale.o)
 .data          0x0000000010025c30        0x0 c:/altera/15.0.0.139/nios2eds/bin/gnu/h-x86_64-mingw32/bin/../lib/gcc/nios2-elf/4.9.1/../../../../../H-x86_64-mingw32/nios2-elf/lib\libc.a(lib_a-makebuf.o)
 .data          0x0000000010025c30      0x408 c:/altera/15.0.0.139/nios2eds/bin/gnu/h-x86_64-mingw32/bin/../lib/gcc/nios2-elf/4.9.1/../../../../../H-x86_64-mingw32/nios2-elf/lib\libc.a(lib_a-mallocr.o)
                0x0000000010025c30                __malloc_av_
 .data          0x0000000010026038        0x0 c:/altera/15.0.0.139/nios2eds/bin/gnu/h-x86_64-mingw32/bin/../lib/gcc/nios2-elf/4.9.1/../../../../../H-x86_64-mingw32/nios2-elf/lib\libc.a(lib_a-mbrtowc.o)
 .data          0x0000000010026038        0x0 c:/altera/15.0.0.139/nios2eds/bin/gnu/h-x86_64-mingw32/bin/../lib/gcc/nios2-elf/4.9.1/../../../../../H-x86_64-mingw32/nios2-elf/lib\libc.a(lib_a-mbtowc_r.o)
 .data          0x0000000010026038        0x0 c:/altera/15.0.0.139/nios2eds/bin/gnu/h-x86_64-mingw32/bin/../lib/gcc/nios2-elf/4.9.1/../../../../../H-x86_64-mingw32/nios2-elf/lib\libc.a(lib_a-memchr.o)
 .data          0x0000000010026038        0x0 c:/altera/15.0.0.139/nios2eds/bin/gnu/h-x86_64-mingw32/bin/../lib/gcc/nios2-elf/4.9.1/../../../../../H-x86_64-mingw32/nios2-elf/lib\libc.a(lib_a-memmove.o)
 .data          0x0000000010026038        0x0 c:/altera/15.0.0.139/nios2eds/bin/gnu/h-x86_64-mingw32/bin/../lib/gcc/nios2-elf/4.9.1/../../../../../H-x86_64-mingw32/nios2-elf/lib\libc.a(lib_a-mprec.o)
 .data          0x0000000010026038        0x0 c:/altera/15.0.0.139/nios2eds/bin/gnu/h-x86_64-mingw32/bin/../lib/gcc/nios2-elf/4.9.1/../../../../../H-x86_64-mingw32/nios2-elf/lib\libc.a(lib_a-reallocr.o)
 .data          0x0000000010026038        0x0 c:/altera/15.0.0.139/nios2eds/bin/gnu/h-x86_64-mingw32/bin/../lib/gcc/nios2-elf/4.9.1/../../../../../H-x86_64-mingw32/nios2-elf/lib\libc.a(lib_a-refill.o)
 .data          0x0000000010026038        0x0 c:/altera/15.0.0.139/nios2eds/bin/gnu/h-x86_64-mingw32/bin/../lib/gcc/nios2-elf/4.9.1/../../../../../H-x86_64-mingw32/nios2-elf/lib\libc.a(lib_a-s_fpclassify.o)
 .data          0x0000000010026038        0x0 c:/altera/15.0.0.139/nios2eds/bin/gnu/h-x86_64-mingw32/bin/../lib/gcc/nios2-elf/4.9.1/../../../../../H-x86_64-mingw32/nios2-elf/lib\libc.a(lib_a-sbrkr.o)
 .data          0x0000000010026038        0x0 c:/altera/15.0.0.139/nios2eds/bin/gnu/h-x86_64-mingw32/bin/../lib/gcc/nios2-elf/4.9.1/../../../../../H-x86_64-mingw32/nios2-elf/lib\libc.a(lib_a-sccl.o)
 .data          0x0000000010026038        0x0 c:/altera/15.0.0.139/nios2eds/bin/gnu/h-x86_64-mingw32/bin/../lib/gcc/nios2-elf/4.9.1/../../../../../H-x86_64-mingw32/nios2-elf/lib\libc.a(lib_a-sf_nan.o)
 .data          0x0000000010026038        0x0 c:/altera/15.0.0.139/nios2eds/bin/gnu/h-x86_64-mingw32/bin/../lib/gcc/nios2-elf/4.9.1/../../../../../H-x86_64-mingw32/nios2-elf/lib\libc.a(lib_a-stdio.o)
 .data          0x0000000010026038        0x0 c:/altera/15.0.0.139/nios2eds/bin/gnu/h-x86_64-mingw32/bin/../lib/gcc/nios2-elf/4.9.1/../../../../../H-x86_64-mingw32/nios2-elf/lib\libc.a(lib_a-strcmp.o)
 .data          0x0000000010026038       0x28 c:/altera/15.0.0.139/nios2eds/bin/gnu/h-x86_64-mingw32/bin/../lib/gcc/nios2-elf/4.9.1/../../../../../H-x86_64-mingw32/nios2-elf/lib\libc.a(lib_a-strtod.o)
 .data          0x0000000010026060        0x0 c:/altera/15.0.0.139/nios2eds/bin/gnu/h-x86_64-mingw32/bin/../lib/gcc/nios2-elf/4.9.1/../../../../../H-x86_64-mingw32/nios2-elf/lib\libc.a(lib_a-strtoll_r.o)
 .data          0x0000000010026060        0x0 c:/altera/15.0.0.139/nios2eds/bin/gnu/h-x86_64-mingw32/bin/../lib/gcc/nios2-elf/4.9.1/../../../../../H-x86_64-mingw32/nios2-elf/lib\libc.a(lib_a-strtoul.o)
 .data          0x0000000010026060        0x0 c:/altera/15.0.0.139/nios2eds/bin/gnu/h-x86_64-mingw32/bin/../lib/gcc/nios2-elf/4.9.1/../../../../../H-x86_64-mingw32/nios2-elf/lib\libc.a(lib_a-strtoull_r.o)
 .data          0x0000000010026060        0x0 c:/altera/15.0.0.139/nios2eds/bin/gnu/h-x86_64-mingw32/bin/../lib/gcc/nios2-elf/4.9.1/../../../../../H-x86_64-mingw32/nios2-elf/lib\libc.a(lib_a-svfiprintf.o)
 .data          0x0000000010026060        0x0 c:/altera/15.0.0.139/nios2eds/bin/gnu/h-x86_64-mingw32/bin/../lib/gcc/nios2-elf/4.9.1/../../../../../H-x86_64-mingw32/nios2-elf/lib\libc.a(lib_a-ungetc.o)
 .data          0x0000000010026060        0x0 c:/altera/15.0.0.139/nios2eds/bin/gnu/h-x86_64-mingw32/bin/../lib/gcc/nios2-elf/4.9.1/../../../../../H-x86_64-mingw32/nios2-elf/lib\libc.a(lib_a-vfiprintf.o)
 .data          0x0000000010026060        0x0 c:/altera/15.0.0.139/nios2eds/bin/gnu/h-x86_64-mingw32/bin/../lib/gcc/nios2-elf/4.9.1/../../../../../H-x86_64-mingw32/nios2-elf/lib\libc.a(lib_a-writer.o)
 .data          0x0000000010026060        0x0 c:/altera/15.0.0.139/nios2eds/bin/gnu/h-x86_64-mingw32/bin/../lib/gcc/nios2-elf/4.9.1/../../../../../H-x86_64-mingw32/nios2-elf/lib\libc.a(closer.o)
 .data          0x0000000010026060        0x0 c:/altera/15.0.0.139/nios2eds/bin/gnu/h-x86_64-mingw32/bin/../lib/gcc/nios2-elf/4.9.1/../../../../../H-x86_64-mingw32/nios2-elf/lib\libc.a(lib_a-callocr.o)
 .data          0x0000000010026060        0x0 c:/altera/15.0.0.139/nios2eds/bin/gnu/h-x86_64-mingw32/bin/../lib/gcc/nios2-elf/4.9.1/../../../../../H-x86_64-mingw32/nios2-elf/lib\libc.a(lib_a-fclose.o)
 .data          0x0000000010026060        0x0 c:/altera/15.0.0.139/nios2eds/bin/gnu/h-x86_64-mingw32/bin/../lib/gcc/nios2-elf/4.9.1/../../../../../H-x86_64-mingw32/nios2-elf/lib\libc.a(lib_a-fputwc.o)
 .data          0x0000000010026060        0x0 c:/altera/15.0.0.139/nios2eds/bin/gnu/h-x86_64-mingw32/bin/../lib/gcc/nios2-elf/4.9.1/../../../../../H-x86_64-mingw32/nios2-elf/lib\libc.a(lib_a-fstatr.o)
 .data          0x0000000010026060        0x0 c:/altera/15.0.0.139/nios2eds/bin/gnu/h-x86_64-mingw32/bin/../lib/gcc/nios2-elf/4.9.1/../../../../../H-x86_64-mingw32/nios2-elf/lib\libc.a(lib_a-gdtoa-gethex.o)
 .data          0x0000000010026060        0x0 c:/altera/15.0.0.139/nios2eds/bin/gnu/h-x86_64-mingw32/bin/../lib/gcc/nios2-elf/4.9.1/../../../../../H-x86_64-mingw32/nios2-elf/lib\libc.a(lib_a-gdtoa-hexnan.o)
 .data          0x0000000010026060        0x0 c:/altera/15.0.0.139/nios2eds/bin/gnu/h-x86_64-mingw32/bin/../lib/gcc/nios2-elf/4.9.1/../../../../../H-x86_64-mingw32/nios2-elf/lib\libc.a(lib_a-int_errno.o)
 .data          0x0000000010026060        0x0 c:/altera/15.0.0.139/nios2eds/bin/gnu/h-x86_64-mingw32/bin/../lib/gcc/nios2-elf/4.9.1/../../../../../H-x86_64-mingw32/nios2-elf/lib\libc.a(lib_a-isattyr.o)
 .data          0x0000000010026060        0x0 c:/altera/15.0.0.139/nios2eds/bin/gnu/h-x86_64-mingw32/bin/../lib/gcc/nios2-elf/4.9.1/../../../../../H-x86_64-mingw32/nios2-elf/lib\libc.a(lib_a-lseekr.o)
 .data          0x0000000010026060        0x0 c:/altera/15.0.0.139/nios2eds/bin/gnu/h-x86_64-mingw32/bin/../lib/gcc/nios2-elf/4.9.1/../../../../../H-x86_64-mingw32/nios2-elf/lib\libc.a(lib_a-readr.o)
 .data          0x0000000010026060        0x0 c:/altera/15.0.0.139/nios2eds/bin/gnu/h-x86_64-mingw32/bin/../lib/gcc/nios2-elf/4.9.1/../../../../../H-x86_64-mingw32/nios2-elf/lib\libc.a(lib_a-strncmp.o)
 .data          0x0000000010026060        0x0 c:/altera/15.0.0.139/nios2eds/bin/gnu/h-x86_64-mingw32/bin/../lib/gcc/nios2-elf/4.9.1/../../../../../H-x86_64-mingw32/nios2-elf/lib\libc.a(lib_a-wbuf.o)
 .data          0x0000000010026060        0x0 c:/altera/15.0.0.139/nios2eds/bin/gnu/h-x86_64-mingw32/bin/../lib/gcc/nios2-elf/4.9.1/../../../../../H-x86_64-mingw32/nios2-elf/lib\libc.a(lib_a-wcrtomb.o)
 .data          0x0000000010026060        0x0 c:/altera/15.0.0.139/nios2eds/bin/gnu/h-x86_64-mingw32/bin/../lib/gcc/nios2-elf/4.9.1/../../../../../H-x86_64-mingw32/nios2-elf/lib\libc.a(lib_a-wctomb_r.o)
 .data          0x0000000010026060        0x0 c:/altera/15.0.0.139/nios2eds/bin/gnu/h-x86_64-mingw32/bin/../lib/gcc/nios2-elf/4.9.1\libgcc.a(_muldi3.o)
 .data          0x0000000010026060        0x0 c:/altera/15.0.0.139/nios2eds/bin/gnu/h-x86_64-mingw32/bin/../lib/gcc/nios2-elf/4.9.1\libgcc.a(_fixunsdfsi.o)
 .data          0x0000000010026060        0x0 c:/altera/15.0.0.139/nios2eds/bin/gnu/h-x86_64-mingw32/bin/../lib/gcc/nios2-elf/4.9.1\libgcc.a(_udivdi3.o)
 .data          0x0000000010026060        0x0 c:/altera/15.0.0.139/nios2eds/bin/gnu/h-x86_64-mingw32/bin/../lib/gcc/nios2-elf/4.9.1\libgcc.a(_umoddi3.o)
 .data          0x0000000010026060        0x0 c:/altera/15.0.0.139/nios2eds/bin/gnu/h-x86_64-mingw32/bin/../lib/gcc/nios2-elf/4.9.1\libgcc.a(eqsf2.o)
 .data          0x0000000010026060        0x0 c:/altera/15.0.0.139/nios2eds/bin/gnu/h-x86_64-mingw32/bin/../lib/gcc/nios2-elf/4.9.1\libgcc.a(gesf2.o)
 .data          0x0000000010026060        0x0 c:/altera/15.0.0.139/nios2eds/bin/gnu/h-x86_64-mingw32/bin/../lib/gcc/nios2-elf/4.9.1\libgcc.a(lesf2.o)
 .data          0x0000000010026060        0x0 c:/altera/15.0.0.139/nios2eds/bin/gnu/h-x86_64-mingw32/bin/../lib/gcc/nios2-elf/4.9.1\libgcc.a(adddf3.o)
 .data          0x0000000010026060        0x0 c:/altera/15.0.0.139/nios2eds/bin/gnu/h-x86_64-mingw32/bin/../lib/gcc/nios2-elf/4.9.1\libgcc.a(divdf3.o)
 .data          0x0000000010026060        0x0 c:/altera/15.0.0.139/nios2eds/bin/gnu/h-x86_64-mingw32/bin/../lib/gcc/nios2-elf/4.9.1\libgcc.a(eqdf2.o)
 .data          0x0000000010026060        0x0 c:/altera/15.0.0.139/nios2eds/bin/gnu/h-x86_64-mingw32/bin/../lib/gcc/nios2-elf/4.9.1\libgcc.a(gedf2.o)
 .data          0x0000000010026060        0x0 c:/altera/15.0.0.139/nios2eds/bin/gnu/h-x86_64-mingw32/bin/../lib/gcc/nios2-elf/4.9.1\libgcc.a(ledf2.o)
 .data          0x0000000010026060        0x0 c:/altera/15.0.0.139/nios2eds/bin/gnu/h-x86_64-mingw32/bin/../lib/gcc/nios2-elf/4.9.1\libgcc.a(muldf3.o)
 .data          0x0000000010026060        0x0 c:/altera/15.0.0.139/nios2eds/bin/gnu/h-x86_64-mingw32/bin/../lib/gcc/nios2-elf/4.9.1\libgcc.a(subdf3.o)
 .data          0x0000000010026060        0x0 c:/altera/15.0.0.139/nios2eds/bin/gnu/h-x86_64-mingw32/bin/../lib/gcc/nios2-elf/4.9.1\libgcc.a(fixdfsi.o)
 .data          0x0000000010026060        0x0 c:/altera/15.0.0.139/nios2eds/bin/gnu/h-x86_64-mingw32/bin/../lib/gcc/nios2-elf/4.9.1\libgcc.a(floatsidf.o)
 .data          0x0000000010026060        0x0 c:/altera/15.0.0.139/nios2eds/bin/gnu/h-x86_64-mingw32/bin/../lib/gcc/nios2-elf/4.9.1\libgcc.a(floatunsidf.o)
 .data          0x0000000010026060        0x0 c:/altera/15.0.0.139/nios2eds/bin/gnu/h-x86_64-mingw32/bin/../lib/gcc/nios2-elf/4.9.1\libgcc.a(truncdfsf2.o)
 .data          0x0000000010026060        0x0 c:/altera/15.0.0.139/nios2eds/bin/gnu/h-x86_64-mingw32/bin/../lib/gcc/nios2-elf/4.9.1\libgcc.a(_clz.o)
 .data          0x0000000010026060        0x0 c:/altera/15.0.0.139/nios2eds/bin/gnu/h-x86_64-mingw32/bin/../lib/gcc/nios2-elf/4.9.1\libgcc.a(_clzsi2.o)
 .data          0x0000000010026060        0x0 ../ble_wifi_bsp/\libhal_bsp.a(alt_close.o)
 .data          0x0000000010026060      0x1a8 ../ble_wifi_bsp/\libhal_bsp.a(alt_dev.o)
                0x0000000010026060                alt_dev_null
                0x0000000010026088                alt_fd_list
 .data          0x0000000010026208        0x0 ../ble_wifi_bsp/\libhal_bsp.a(alt_errno.o)
 .data          0x0000000010026208        0x0 ../ble_wifi_bsp/\libhal_bsp.a(alt_fstat.o)
 .data          0x0000000010026208        0x0 ../ble_wifi_bsp/\libhal_bsp.a(alt_iic.o)
 .data          0x0000000010026208        0x0 ../ble_wifi_bsp/\libhal_bsp.a(alt_iic_isr_register.o)
 .data          0x0000000010026208        0x0 ../ble_wifi_bsp/\libhal_bsp.a(alt_irq_entry.o)
 .data          0x0000000010026208        0x0 ../ble_wifi_bsp/\libhal_bsp.a(alt_irq_handler.o)
 .data          0x0000000010026208        0x0 ../ble_wifi_bsp/\libhal_bsp.a(alt_irq_vars.o)
 .data          0x0000000010026208        0x0 ../ble_wifi_bsp/\libhal_bsp.a(alt_isatty.o)
 .data          0x0000000010026208        0x0 ../ble_wifi_bsp/\libhal_bsp.a(alt_load.o)
 .data          0x0000000010026208        0x0 ../ble_wifi_bsp/\libhal_bsp.a(alt_lseek.o)
 .data          0x0000000010026208        0x0 ../ble_wifi_bsp/\libhal_bsp.a(alt_main.o)
 .data          0x0000000010026208        0x0 ../ble_wifi_bsp/\libhal_bsp.a(alt_malloc_lock.o)
 .data          0x0000000010026208        0x0 ../ble_wifi_bsp/\libhal_bsp.a(alt_read.o)
 .data          0x0000000010026208        0x0 ../ble_wifi_bsp/\libhal_bsp.a(alt_release_fd.o)
 .data          0x0000000010026208        0x0 ../ble_wifi_bsp/\libhal_bsp.a(alt_sbrk.o)
 .data          0x0000000010026208        0x0 ../ble_wifi_bsp/\libhal_bsp.a(alt_usleep.o)
 .data          0x0000000010026208        0x0 ../ble_wifi_bsp/\libhal_bsp.a(alt_write.o)
 .data          0x0000000010026208     0x1160 ../ble_wifi_bsp/\libhal_bsp.a(alt_sys_init.o)
 .data          0x0000000010027368        0x0 ../ble_wifi_bsp/\libhal_bsp.a(altera_avalon_jtag_uart_fd.o)
 .data          0x0000000010027368        0x0 ../ble_wifi_bsp/\libhal_bsp.a(altera_avalon_jtag_uart_init.o)
 .data          0x0000000010027368        0x0 ../ble_wifi_bsp/\libhal_bsp.a(altera_avalon_jtag_uart_ioctl.o)
 .data          0x0000000010027368        0x0 ../ble_wifi_bsp/\libhal_bsp.a(altera_avalon_jtag_uart_read.o)
 .data          0x0000000010027368        0x0 ../ble_wifi_bsp/\libhal_bsp.a(altera_avalon_jtag_uart_write.o)
 .data          0x0000000010027368        0x0 ../ble_wifi_bsp/\libhal_bsp.a(altera_avalon_spi.o)
 .data          0x0000000010027368        0x0 ../ble_wifi_bsp/\libhal_bsp.a(altera_avalon_uart_fd.o)
 .data          0x0000000010027368        0x0 ../ble_wifi_bsp/\libhal_bsp.a(altera_avalon_uart_init.o)
 .data          0x0000000010027368        0x0 ../ble_wifi_bsp/\libhal_bsp.a(altera_avalon_uart_read.o)
 .data          0x0000000010027368        0x0 ../ble_wifi_bsp/\libhal_bsp.a(altera_avalon_uart_write.o)
 .data          0x0000000010027368        0x0 ../ble_wifi_bsp/\libhal_bsp.a(altera_modular_adc.o)
 .data          0x0000000010027368        0x0 ../ble_wifi_bsp/\libhal_bsp.a(alt_alarm_start.o)
 .data          0x0000000010027368        0x0 ../ble_wifi_bsp/\libhal_bsp.a(alt_busy_sleep.o)
 .data          0x0000000010027368        0x0 ../ble_wifi_bsp/\libhal_bsp.a(alt_dcache_flush_all.o)
 .data          0x0000000010027368        0x0 ../ble_wifi_bsp/\libhal_bsp.a(alt_dev_llist_insert.o)
 .data          0x0000000010027368        0x0 ../ble_wifi_bsp/\libhal_bsp.a(alt_do_ctors.o)
 .data          0x0000000010027368        0x0 ../ble_wifi_bsp/\libhal_bsp.a(alt_do_dtors.o)
 .data          0x0000000010027368        0x0 ../ble_wifi_bsp/\libhal_bsp.a(alt_exception_entry.o)
 .data          0x0000000010027368        0x0 ../ble_wifi_bsp/\libhal_bsp.a(alt_find_dev.o)
 .data          0x0000000010027368        0x0 ../ble_wifi_bsp/\libhal_bsp.a(alt_icache_flush_all.o)
 .data          0x0000000010027368        0x0 ../ble_wifi_bsp/\libhal_bsp.a(alt_instruction_exception_entry.o)
 .data          0x0000000010027368        0x0 ../ble_wifi_bsp/\libhal_bsp.a(alt_io_redirect.o)
 .data          0x0000000010027368        0x0 ../ble_wifi_bsp/\libhal_bsp.a(alt_open.o)
 .data          0x0000000010027368        0x0 ../ble_wifi_bsp/\libhal_bsp.a(alt_tick.o)
 .data          0x0000000010027368        0x0 ../ble_wifi_bsp/\libhal_bsp.a(altera_nios2_gen2_irq.o)
 .data          0x0000000010027368        0x0 ../ble_wifi_bsp/\libhal_bsp.a(alt_find_file.o)
 .data          0x0000000010027368        0x0 ../ble_wifi_bsp/\libhal_bsp.a(alt_get_fd.o)
 .data          0x0000000010027368        0x0 ../ble_wifi_bsp/\libhal_bsp.a(alt_icache_flush.o)
 .data          0x0000000010027368        0x0 c:/altera/15.0.0.139/nios2eds/bin/gnu/h-x86_64-mingw32/bin/../lib/gcc/nios2-elf/4.9.1/../../../../../H-x86_64-mingw32/nios2-elf/lib\libc.a(lib_a-atexit.o)
 .data          0x0000000010027368        0x0 c:/altera/15.0.0.139/nios2eds/bin/gnu/h-x86_64-mingw32/bin/../lib/gcc/nios2-elf/4.9.1/../../../../../H-x86_64-mingw32/nios2-elf/lib\libc.a(lib_a-exit.o)
 .data          0x0000000010027368        0x0 c:/altera/15.0.0.139/nios2eds/bin/gnu/h-x86_64-mingw32/bin/../lib/gcc/nios2-elf/4.9.1/../../../../../H-x86_64-mingw32/nios2-elf/lib\libc.a(lib_a-__atexit.o)
 .data          0x0000000010027368        0x0 c:/altera/15.0.0.139/nios2eds/bin/gnu/h-x86_64-mingw32/bin/../lib/gcc/nios2-elf/4.9.1/../../../../../H-x86_64-mingw32/nios2-elf/lib\libc.a(lib_a-__call_atexit.o)
 .data          0x0000000010027368        0x0 ../ble_wifi_bsp/\libhal_bsp.a(alt_exit.o)
                0x000000001002f368                _gp = ABSOLUTE ((. + 0x8000))
                0x000000001002f368                PROVIDE (gp, _gp)
 *(.rwdata .rwdata.*)
 *(.sdata .sdata.* .gnu.linkonce.s.*)
 .sdata         0x0000000010027368        0x6 obj/default/devices/lis2dh12.o
                0x0000000010027368                reg_addr
                0x000000001002736a                wdata
 .sdata         0x000000001002736e        0xa obj/default/main.o
 .sdata         0x0000000010027378       0x14 obj/default/simplelink/source/device.o
                0x0000000010027378                _SlStopCmdCtrl
                0x000000001002737c                _SlEventMaskSetCmdCtrl
                0x0000000010027380                _SlEventMaskGetCmdCtrl
                0x0000000010027384                _SlDeviceGetCmdCtrl
                0x0000000010027388                _SlDeviceSetCmdCtrl
 .sdata         0x000000001002738c       0x10 obj/default/simplelink/source/driver.o
                0x000000001002738c                g_H2NSyncPattern
                0x0000000010027394                g_H2NCnysPattern
 .sdata         0x000000001002739c       0x18 obj/default/simplelink/source/fs.o
                0x000000001002739c                _SlFsOpenCmdCtrl
                0x00000000100273a0                _SlFsCloseCmdCtrl
                0x00000000100273a4                _SlFsReadCmdCtrl
                0x00000000100273a8                _SlFsWriteCmdCtrl
                0x00000000100273ac                _SlFsGetInfoCmdCtrl
                0x00000000100273b0                _SlFsDeleteCmdCtrl
 .sdata         0x00000000100273b4       0x24 obj/default/simplelink/source/netapp.o
                0x00000000100273b4                _SlNetAppStartCtrl
                0x00000000100273b8                _SlNetAppStopCtrl
                0x00000000100273bc                _SlGetServiceListeCtrl
                0x00000000100273c0                _SlRegisterServiceCtrl
                0x00000000100273c4                _SlGetHostByServiceCtrl
                0x00000000100273c8                _SlGetHostByNameCtrl
                0x00000000100273cc                _SlNetAppSetCmdCtrl
                0x00000000100273d0                _SlNetAppSendTokenValueCmdCtrl
                0x00000000100273d4                _SlNetAppGetCmdCtrl
 .sdata         0x00000000100273d8        0x8 obj/default/simplelink/source/netcfg.o
                0x00000000100273d8                _SlNetCfgSetCmdCtrl
                0x00000000100273dc                _SlNetCfgGetCmdCtrl
 .sdata         0x00000000100273e0       0x28 obj/default/simplelink/source/socket.o
                0x00000000100273e0                _SlSockSocketCmdCtrl
                0x00000000100273e4                _SlSockCloseCmdCtrl
                0x00000000100273e8                _SlRecvfomCmdCtrl
                0x00000000100273ec                _SlSendCmdCtrl
                0x00000000100273f0                _SlListenCmdCtrl
                0x00000000100273f4                _SlAcceptCmdCtrl
                0x00000000100273f8                _SlRecvCmdCtrl
                0x00000000100273fc                _SlSetSockOptCmdCtrl
                0x0000000010027400                _SlGetSockOptCmdCtrl
                0x0000000010027404                _SlSelectCmdCtrl
 .sdata         0x0000000010027408       0x30 obj/default/simplelink/source/wlan.o
                0x0000000010027408                _SlPolicySetCmdCtrl
                0x000000001002740c                _SlPolicyGetCmdCtrl
                0x0000000010027410                _SlProfileGetCmdCtrl
                0x0000000010027414                _SlProfileDelCmdCtrl
                0x0000000010027418                _SlWlanGetNetworkListCtrl
                0x000000001002741c                _SlRxFilterAddtCmdCtrl
                0x0000000010027420                _SlRxFilterSetCmdCtrl
                0x0000000010027424                _SlRxFilterGetCmdCtrl
                0x0000000010027428                _SlSmartConfigStartCmdCtrl
                0x000000001002742c                _SlWlanSetModeCmdCtrl
                0x0000000010027430                _SlWlanCfgSetCmdCtrl
                0x0000000010027434                _SlWlanCfgGetCmdCtrl
 .sdata         0x0000000010027438        0x4 c:/altera/15.0.0.139/nios2eds/bin/gnu/h-x86_64-mingw32/bin/../lib/gcc/nios2-elf/4.9.1/../../../../../H-x86_64-mingw32/nios2-elf/lib\libc.a(lib_a-ctype_.o)
                0x0000000010027438                __ctype_ptr__
 .sdata         0x000000001002743c        0x8 c:/altera/15.0.0.139/nios2eds/bin/gnu/h-x86_64-mingw32/bin/../lib/gcc/nios2-elf/4.9.1/../../../../../H-x86_64-mingw32/nios2-elf/lib\libc.a(lib_a-impure.o)
                0x000000001002743c                _global_impure_ptr
                0x0000000010027440                _impure_ptr
 .sdata         0x0000000010027444        0x4 c:/altera/15.0.0.139/nios2eds/bin/gnu/h-x86_64-mingw32/bin/../lib/gcc/nios2-elf/4.9.1/../../../../../H-x86_64-mingw32/nios2-elf/lib\libc.a(lib_a-locale.o)
                0x0000000010027444                __mb_cur_max
 .sdata         0x0000000010027448        0x8 c:/altera/15.0.0.139/nios2eds/bin/gnu/h-x86_64-mingw32/bin/../lib/gcc/nios2-elf/4.9.1/../../../../../H-x86_64-mingw32/nios2-elf/lib\libc.a(lib_a-mallocr.o)
                0x0000000010027448                __malloc_sbrk_base
                0x000000001002744c                __malloc_trim_threshold
 .sdata         0x0000000010027450        0x4 c:/altera/15.0.0.139/nios2eds/bin/gnu/h-x86_64-mingw32/bin/../lib/gcc/nios2-elf/4.9.1/../../../../../H-x86_64-mingw32/nios2-elf/lib\libc.a(lib_a-mbtowc_r.o)
                0x0000000010027450                __mbtowc
 .sdata         0x0000000010027454        0x4 c:/altera/15.0.0.139/nios2eds/bin/gnu/h-x86_64-mingw32/bin/../lib/gcc/nios2-elf/4.9.1/../../../../../H-x86_64-mingw32/nios2-elf/lib\libc.a(lib_a-wctomb_r.o)
                0x0000000010027454                __wctomb
 .sdata         0x0000000010027458       0x14 ../ble_wifi_bsp/\libhal_bsp.a(alt_dev.o)
                0x0000000010027458                alt_fs_list
                0x0000000010027460                alt_dev_list
                0x0000000010027468                alt_max_fd
 .sdata         0x000000001002746c        0x4 ../ble_wifi_bsp/\libhal_bsp.a(alt_errno.o)
                0x000000001002746c                alt_errno
 .sdata         0x0000000010027470        0x4 ../ble_wifi_bsp/\libhal_bsp.a(alt_irq_vars.o)
                0x0000000010027470                alt_priority_mask
 .sdata         0x0000000010027474        0x4 ../ble_wifi_bsp/\libhal_bsp.a(alt_sbrk.o)
 .sdata         0x0000000010027478        0x8 ../ble_wifi_bsp/\libhal_bsp.a(altera_modular_adc.o)
                0x0000000010027478                altera_modular_adc_list
 .sdata         0x0000000010027480        0x8 ../ble_wifi_bsp/\libhal_bsp.a(alt_tick.o)
                0x0000000010027480                alt_alarm_list
 *(.sdata2 .sdata2.* .gnu.linkonce.s2.*)
                0x0000000010027488                . = ALIGN (0x4)
                0x0000000010027488                _edata = ABSOLUTE (.)
                0x0000000010027488                PROVIDE (edata, ABSOLUTE (.))
                0x0000000010027488                PROVIDE (__ram_rwdata_end, ABSOLUTE (.))
                0x0000000010027488                PROVIDE (__flash_rwdata_start, LOADADDR (.rwdata))

.bss            0x00000000100291dc      0x4b4