Archive member included to satisfy reference by file (symbol)

c:/altera/15.0.0.139/nios2eds/bin/gnu/h-x86_64-mingw32/bin/../lib/gcc/nios2-elf/4.9.1/mno-hw-mul\libgcc.a(divdf3.o)
                              obj/default/rh_temp.o (__divdf3)
c:/altera/15.0.0.139/nios2eds/bin/gnu/h-x86_64-mingw32/bin/../lib/gcc/nios2-elf/4.9.1/mno-hw-mul\libgcc.a(muldf3.o)
                              obj/default/rh_temp.o (__muldf3)
c:/altera/15.0.0.139/nios2eds/bin/gnu/h-x86_64-mingw32/bin/../lib/gcc/nios2-elf/4.9.1/mno-hw-mul\libgcc.a(subdf3.o)
                              obj/default/rh_temp.o (__subdf3)
c:/altera/15.0.0.139/nios2eds/bin/gnu/h-x86_64-mingw32/bin/../lib/gcc/nios2-elf/4.9.1/mno-hw-mul\libgcc.a(floatsidf.o)
                              obj/default/rh_temp.o (__floatsidf)
c:/altera/15.0.0.139/nios2eds/bin/gnu/h-x86_64-mingw32/bin/../lib/gcc/nios2-elf/4.9.1/mno-hw-mul\libgcc.a(_clzsi2.o)
                              c:/altera/15.0.0.139/nios2eds/bin/gnu/h-x86_64-mingw32/bin/../lib/gcc/nios2-elf/4.9.1/mno-hw-mul\libgcc.a(divdf3.o) (__clzsi2)
c:/altera/15.0.0.139/nios2eds/bin/gnu/h-x86_64-mingw32/bin/../lib/gcc/nios2-elf/4.9.1/mno-hw-mul\libgcc.a(lib2-divmod.o)
                              c:/altera/15.0.0.139/nios2eds/bin/gnu/h-x86_64-mingw32/bin/../lib/gcc/nios2-elf/4.9.1/mno-hw-mul\libgcc.a(divdf3.o) (__udivsi3)
c:/altera/15.0.0.139/nios2eds/bin/gnu/h-x86_64-mingw32/bin/../lib/gcc/nios2-elf/4.9.1/mno-hw-mul\libgcc.a(lib2-mul.o)
                              c:/altera/15.0.0.139/nios2eds/bin/gnu/h-x86_64-mingw32/bin/../lib/gcc/nios2-elf/4.9.1/mno-hw-mul\libgcc.a(divdf3.o) (__mulsi3)
c:/altera/15.0.0.139/nios2eds/bin/gnu/h-x86_64-mingw32/bin/../lib/gcc/nios2-elf/4.9.1/mno-hw-mul\libgcc.a(_clz.o)
                              c:/altera/15.0.0.139/nios2eds/bin/gnu/h-x86_64-mingw32/bin/../lib/gcc/nios2-elf/4.9.1/mno-hw-mul\libgcc.a(_clzsi2.o) (__clz_tab)
c:/altera/15.0.0.139/nios2eds/bin/gnu/h-x86_64-mingw32/bin/../lib/gcc/nios2-elf/4.9.1/../../../../../H-x86_64-mingw32/nios2-elf/lib/mno-hw-mul\libc.a(lib_a-printf.o)
                              obj/default/rh_temp.o (printf)
c:/altera/15.0.0.139/nios2eds/bin/gnu/h-x86_64-mingw32/bin/../lib/gcc/nios2-elf/4.9.1/../../../../../H-x86_64-mingw32/nios2-elf/lib/mno-hw-mul\libc.a(lib_a-puts.o)
                              obj/default/rh_temp.o (puts)
c:/altera/15.0.0.139/nios2eds/bin/gnu/h-x86_64-mingw32/bin/../lib/gcc/nios2-elf/4.9.1/../../../../../H-x86_64-mingw32/nios2-elf/lib/mno-hw-mul\libc.a(lib_a-strlen.o)
                              c:/altera/15.0.0.139/nios2eds/bin/gnu/h-x86_64-mingw32/bin/../lib/gcc/nios2-elf/4.9.1/../../../../../H-x86_64-mingw32/nios2-elf/lib/mno-hw-mul\libc.a(lib_a-puts.o) (strlen)
c:/altera/15.0.0.139/nios2eds/bin/gnu/h-x86_64-mingw32/bin/../lib/gcc/nios2-elf/4.9.1/../../../../../H-x86_64-mingw32/nios2-elf/lib/mno-hw-mul\libc.a(lib_a-vfprintf.o)
                              c:/altera/15.0.0.139/nios2eds/bin/gnu/h-x86_64-mingw32/bin/../lib/gcc/nios2-elf/4.9.1/../../../../../H-x86_64-mingw32/nios2-elf/lib/mno-hw-mul\libc.a(lib_a-printf.o) (___vfprintf_internal_r)
c:/altera/15.0.0.139/nios2eds/bin/gnu/h-x86_64-mingw32/bin/../lib/gcc/nios2-elf/4.9.1/../../../../../H-x86_64-mingw32/nios2-elf/lib/mno-hw-mul\libc.a(lib_a-wsetup.o)
                              c:/altera/15.0.0.139/nios2eds/bin/gnu/h-x86_64-mingw32/bin/../lib/gcc/nios2-elf/4.9.1/../../../../../H-x86_64-mingw32/nios2-elf/lib/mno-hw-mul\libc.a(lib_a-vfprintf.o) (__swsetup_r)
c:/altera/15.0.0.139/nios2eds/bin/gnu/h-x86_64-mingw32/bin/../lib/gcc/nios2-elf/4.9.1/../../../../../H-x86_64-mingw32/nios2-elf/lib/mno-hw-mul\libc.a(lib_a-dtoa.o)
                              c:/altera/15.0.0.139/nios2eds/bin/gnu/h-x86_64-mingw32/bin/../lib/gcc/nios2-elf/4.9.1/../../../../../H-x86_64-mingw32/nios2-elf/lib/mno-hw-mul\libc.a(lib_a-vfprintf.o) (_dtoa_r)
c:/altera/15.0.0.139/nios2eds/bin/gnu/h-x86_64-mingw32/bin/../lib/gcc/nios2-elf/4.9.1/../../../../../H-x86_64-mingw32/nios2-elf/lib/mno-hw-mul\libc.a(lib_a-fflush.o)
                              c:/altera/15.0.0.139/nios2eds/bin/gnu/h-x86_64-mingw32/bin/../lib/gcc/nios2-elf/4.9.1/../../../../../H-x86_64-mingw32/nios2-elf/lib/mno-hw-mul\libc.a(lib_a-vfprintf.o) (_fflush_r)
c:/altera/15.0.0.139/nios2eds/bin/gnu/h-x86_64-mingw32/bin/../lib/gcc/nios2-elf/4.9.1/../../../../../H-x86_64-mingw32/nios2-elf/lib/mno-hw-mul\libc.a(lib_a-findfp.o)
                              c:/altera/15.0.0.139/nios2eds/bin/gnu/h-x86_64-mingw32/bin/../lib/gcc/nios2-elf/4.9.1/../../../../../H-x86_64-mingw32/nios2-elf/lib/mno-hw-mul\libc.a(lib_a-vfprintf.o) (__sinit)
c:/altera/15.0.0.139/nios2eds/bin/gnu/h-x86_64-mingw32/bin/../lib/gcc/nios2-elf/4.9.1/../../../../../H-x86_64-mingw32/nios2-elf/lib/mno-hw-mul\libc.a(lib_a-freer.o)
[...]
Memory Configuration

Name             Origin             Length             Attributes
ufm_flash_data   0x0000000001200000 0x0000000000160000
reset            0x0000000001440000 0x0000000000000020
onchip_ram       0x0000000001440020 0x00000000000257e0
*default*        0x0000000000000000 0xffffffffffffffff

Linker script and memory map

LOAD ../humidity_temp_bsp//obj/HAL/src/crt0.o
LOAD obj/default/rh_temp.o
LOAD c:/altera/15.0.0.139/nios2eds/bin/gnu/h-x86_64-mingw32/bin/../lib/gcc/nios2-elf/4.9.1/../../../../../H-x86_64-mingw32/nios2-elf/lib/mno-hw-mul\libstdc++.a
LOAD c:/altera/15.0.0.139/nios2eds/bin/gnu/h-x86_64-mingw32/bin/../lib/gcc/nios2-elf/4.9.1/../../../../../H-x86_64-mingw32/nios2-elf/lib/mno-hw-mul\libm.a
LOAD c:/altera/15.0.0.139/nios2eds/bin/gnu/h-x86_64-mingw32/bin/../lib/gcc/nios2-elf/4.9.1/mno-hw-mul\libgcc.a
START GROUP
LOAD c:/altera/15.0.0.139/nios2eds/bin/gnu/h-x86_64-mingw32/bin/../lib/gcc/nios2-elf/4.9.1/../../../../../H-x86_64-mingw32/nios2-elf/lib/mno-hw-mul\libc.a
LOAD c:/altera/15.0.0.139/nios2eds/bin/gnu/h-x86_64-mingw32/bin/../lib/gcc/nios2-elf/4.9.1/mno-hw-mul\libgcc.a
LOAD ../humidity_temp_bsp/\libhal_bsp.a
LOAD c:/altera/15.0.0.139/nios2eds/bin/gnu/h-x86_64-mingw32/bin/../lib/gcc/nios2-elf/4.9.1/../../../../../H-x86_64-mingw32/nios2-elf/lib/mno-hw-mul\libm.a
END GROUP
LOAD c:/altera/15.0.0.139/nios2eds/bin/gnu/h-x86_64-mingw32/bin/../lib/gcc/nios2-elf/4.9.1/mno-hw-mul\libgcc.a
                0x0000000001200000                __alt_mem_ufm_flash_data = 0x1200000
                0x0000000001440000                __alt_mem_onchip_ram = 0x1440000

.entry          0x0000000001440000       0x20
 *(.entry)
 .entry         0x0000000001440000       0x20 ../humidity_temp_bsp//obj/HAL/src/crt0.o
                0x0000000001440000                __reset

.exceptions     0x0000000001440020      0x20c
                0x0000000001440020                PROVIDE (__ram_exceptions_start, ABSOLUTE (.))
                0x0000000001440020                . = ALIGN (0x20)
 *(.irq)
 *(.exceptions.entry.label)
 .exceptions.entry.label
                0x0000000001440020        0x0 ../humidity_temp_bsp/\libhal_bsp.a(alt_irq_entry.o)
                0x0000000001440020                alt_irq_entry
 .exceptions.entry.label
                0x0000000001440020        0x0 ../humidity_temp_bsp/\libhal_bsp.a(alt_exception_entry.o)
                0x0000000001440020                alt_exception
 *(.exceptions.entry.user)
 *(.exceptions.entry.ecc_fatal)
 *(.exceptions.entry)
 .exceptions.entry
                0x0000000001440020       0x54 ../humidity_temp_bsp/\libhal_bsp.a(alt_exception_entry.o)
 *(.exceptions.irqtest.user)
 *(.exceptions.irqtest)
 .exceptions.irqtest
                0x0000000001440074       0x10 ../humidity_temp_bsp/\libhal_bsp.a(alt_irq_entry.o)
 *(.exceptions.irqhandler.user)
 *(.exceptions.irqhandler)
 .exceptions.irqhandler
                0x0000000001440084        0x4 ../humidity_temp_bsp/\libhal_bsp.a(alt_irq_entry.o)
 *(.exceptions.irqreturn.user)
 *(.exceptions.irqreturn)
 .exceptions.irqreturn
                0x0000000001440088        0x4 ../humidity_temp_bsp/\libhal_bsp.a(alt_irq_entry.o)
 *(.exceptions.notirq.label)
 .exceptions.notirq.label
                0x000000000144008c        0x0 ../humidity_temp_bsp/\libhal_bsp.a(alt_irq_entry.o)
 *(.exceptions.notirq.user)
 *(.exceptions.notirq)
 .exceptions.notirq
                0x000000000144008c        0x8 ../humidity_temp_bsp/\libhal_bsp.a(alt_exception_entry.o)
 *(.exceptions.soft.user)
 *(.exceptions.soft)
 *(.exceptions.unknown.user)
 *(.exceptions.unknown)
 .exceptions.unknown
                0x0000000001440094       0x14 ../humidity_temp_bsp/\libhal_bsp.a(alt_exception_entry.o)
 *(.exceptions.exit.label)
 .exceptions.exit.label
                0x00000000014400a8        0x0 ../humidity_temp_bsp/\libhal_bsp.a(alt_irq_entry.o)
 .exceptions.exit.label
                0x00000000014400a8        0x0 ../humidity_temp_bsp/\libhal_bsp.a(alt_exception_entry.o)
 *(.exceptions.exit.user)
 *(.exceptions.exit)
 .exceptions.exit
                0x00000000014400a8       0x54 ../humidity_temp_bsp/\libhal_bsp.a(alt_exception_entry.o)
 *(.exceptions)
 .exceptions    0x00000000014400fc       0xd0 ../humidity_temp_bsp/\libhal_bsp.a(alt_irq_handler.o)
                0x00000000014400fc                alt_irq_handler
 .exceptions    0x00000000014401cc       0x60 ../humidity_temp_bsp/\libhal_bsp.a(alt_instruction_exception_entry.o)
                0x00000000014401cc                alt_instruction_exception_entry
                0x000000000144022c                PROVIDE (__ram_exceptions_end, ABSOLUTE (.))
                0x0000000001440020                PROVIDE (__flash_exceptions_start, LOADADDR (.exceptions))

.text           0x000000000144022c    0x102dc
                0x000000000144022c                PROVIDE (stext, ABSOLUTE (.))
 *(.interp)
 *(.hash)
 *(.dynsym)
 *(.dynstr)
 *(.gnu.version)
 *(.gnu.version_d)
 *(.gnu.version_r)
 *(.rel.init)
 *(.rela.init)
 *(.rel.text .rel.text.* .rel.gnu.linkonce.t.*)
 *(.rela.text .rela.text.* .rela.gnu.linkonce.t.*)
 *(.rel.fini)
 *(.rela.fini)
 *(.rel.rodata .rel.rodata.* .rel.gnu.linkonce.r.*)
 *(.rela.rodata .rela.rodata.* .rela.gnu.linkonce.r.*)
 *(.rel.data .rel.data.* .rel.gnu.linkonce.d.*)
 *(.rela.data .rela.data.* .rela.gnu.linkonce.d.*)
 *(.rel.tdata .rel.tdata.* .rel.gnu.linkonce.td.*)
 *(.rela.tdata .rela.tdata.* .rela.gnu.linkonce.td.*)
 *(.rel.tbss .rel.tbss.* .rel.gnu.linkonce.tb.*)
 *(.rela.tbss .rela.tbss.* .rela.gnu.linkonce.tb.*)
 *(.rel.ctors)
 *(.rela.ctors)
 *(.rel.dtors)
 *(.rela.dtors)
 *(.rel.got)
 *(.rela.got)
 *(.rel.sdata .rel.sdata.* .rel.gnu.linkonce.s.*)
 *(.rela.sdata .rela.sdata.* .rela.gnu.linkonce.s.*)
 *(.rel.sbss .rel.sbss.* .rel.gnu.linkonce.sb.*)
 *(.rela.sbss .rela.sbss.* .rela.gnu.linkonce.sb.*)
 *(.rel.sdata2 .rel.sdata2.* .rel.gnu.linkonce.s2.*)
 *(.rela.sdata2 .rela.sdata2.* .rela.gnu.linkonce.s2.*)
 *(.rel.sbss2 .rel.sbss2.* .rel.gnu.linkonce.sb2.*)
 *(.rela.sbss2 .rela.sbss2.* .rela.gnu.linkonce.sb2.*)
 *(.rel.bss .rel.bss.* .rel.gnu.linkonce.b.*)
 *(.rela.bss .rela.bss.* .rela.gnu.linkonce.b.*)
 *(.rel.plt)
 *(.rela.plt)
 *(.rel.dyn)
 *(.init)
 *(.plt)
 *(.text .stub .text.* .gnu.linkonce.t.*)
 .text          0x000000000144022c       0x3c ../humidity_temp_bsp//obj/HAL/src/crt0.o
                0x000000000144022c                _start
 .text          0x0000000001440268      0x474 obj/default/rh_temp.o
                0x0000000001440268                main
 .text          0x00000000014406dc      0x980 c:/altera/15.0.0.139/nios2eds/bin/gnu/h-x86_64-mingw32/bin/../lib/gcc/nios2-elf/4.9.1/mno-hw-mul\libgcc.a(divdf3.o)
                0x00000000014406dc                __divdf3
 .text          0x000000000144105c      0x86c c:/altera/15.0.0.139/nios2eds/bin/gnu/h-x86_64-mingw32/bin/../lib/gcc/nios2-elf/4.9.1/mno-hw-mul\libgcc.a(muldf3.o)
                0x000000000144105c                __muldf3
 .text          0x00000000014418c8      0x8d0 c:/altera/15.0.0.139/nios2eds/bin/gnu/h-x86_64-mingw32/bin/../lib/gcc/nios2-elf/4.9.1/mno-hw-mul\libgcc.a(subdf3.o)
                0x00000000014418c8                __subdf3
 .text          0x0000000001442198       0xd0 c:/altera/15.0.0.139/nios2eds/bin/gnu/h-x86_64-mingw32/bin/../lib/gcc/nios2-elf/4.9.1/mno-hw-mul\libgcc.a(floatsidf.o)
                0x0000000001442198                __floatsidf
 .text          0x0000000001442268       0x64 c:/altera/15.0.0.139/nios2eds/bin/gnu/h-x86_64-mingw32/bin/../lib/gcc/nios2-elf/4.9.1/mno-hw-mul\libgcc.a(_clzsi2.o)
                0x0000000001442268                __clzsi2
 .text          0x00000000014422cc      0x12c c:/altera/15.0.0.139/nios2eds/bin/gnu/h-x86_64-mingw32/bin/../lib/gcc/nios2-elf/4.9.1/mno-hw-mul\libgcc.a(lib2-divmod.o)
                0x0000000001442338                __divsi3
                0x000000000144238c                __modsi3
                0x00000000014423e8                __udivsi3
                0x00000000014423f0                __umodsi3
 .text          0x00000000014423f8       0x28 c:/altera/15.0.0.139/nios2eds/bin/gnu/h-x86_64-mingw32/bin/../lib/gcc/nios2-elf/4.9.1/mno-hw-mul\libgcc.a(lib2-mul.o)
                0x00000000014423f8                __mulsi3
 .text          0x0000000001442420        0x0 c:/altera/15.0.0.139/nios2eds/bin/gnu/h-x86_64-mingw32/bin/../lib/gcc/nios2-elf/4.9.1/mno-hw-mul\libgcc.a(_clz.o)
 .text          0x0000000001442420       0x68 c:/altera/15.0.0.139/nios2eds/bin/gnu/h-x86_64-mingw32/bin/../lib/gcc/nios2-elf/4.9.1/../../../../../H-x86_64-mingw32/nios2-elf/lib/mno-hw-mul\libc.a(lib_a-printf.o)
                0x0000000001442420                _printf_r
                0x000000000144244c                printf
 .text          0x0000000001442488       0xcc c:/altera/15.0.0.139/nios2eds/bin/gnu/h-x86_64-mingw32/bin/../lib/gcc/nios2-elf/4.9.1/../../../../../H-x86_64-mingw32/nios2-elf/lib/mno-hw-mul\libc.a(lib_a-puts.o)
                0x0000000001442488                _puts_r
                0x0000000001442540                puts
 .text          0x0000000001442554       0x98 c:/altera/15.0.0.139/nios2eds/bin/gnu/h-x86_64-mingw32/bin/../lib/gcc/nios2-elf/4.9.1/../../../../../H-x86_64-mingw32/nios2-elf/lib/mno-hw-mul\libc.a(lib_a-strlen.o)
                0x0000000001442554                strlen
 .text          0x00000000014425ec     0x2120 c:/altera/15.0.0.139/nios2eds/bin/gnu/h-x86_64-mingw32/bin/../lib/gcc/nios2-elf/4.9.1/../../../../../H-x86_64-mingw32/nios2-elf/lib/mno-hw-mul\libc.a(lib_a-vfprintf.o)
                0x00000000014425ec                ___vfprintf_internal_r
                0x00000000014446e8                __vfprintf_internal
 .text          0x000000000144470c      0x130 c:/altera/15.0.0.139/nios2eds/bin/gnu/h-x86_64-mingw32/bin/../lib/gcc/nios2-elf/4.9.1/../../../../../H-x86_64-mingw32/nios2-elf/lib/mno-hw-mul\libc.a(lib_a-wsetup.o)
                0x000000000144470c                __swsetup_r
 .text          0x000000000144483c     0x1950 c:/altera/15.0.0.139/nios2eds/bin/gnu/h-x86_64-mingw32/bin/../lib/gcc/nios2-elf/4.9.1/../../../../../H-x86_64-mingw32/nios2-elf/lib/mno-hw-mul\libc.a(lib_a-dtoa.o)
                0x0000000001444a64                _dtoa_r
 .text          0x000000000144618c      0x258 c:/altera/15.0.0.139/nios2eds/bin/gnu/h-x86_64-mingw32/bin/../lib/gcc/nios2-elf/4.9.1/../../../../../H-x86_64-mingw32/nios2-elf/lib/mno-hw-mul\libc.a(lib_a-fflush.o)
                0x000000000144618c                _fflush_r
                0x00000000014463b4                fflush
 .text          0x00000000014463e4      0x3b4 c:/altera/15.0.0.139/nios2eds/bin/gnu/h-x86_64-mingw32/bin/../lib/gcc/nios2-elf/4.9.1/../../../../../H-x86_64-mingw32/nios2-elf/lib/mno-hw-mul\libc.a(lib_a-findfp.o)
                0x00000000014463f4                _cleanup_r
                0x00000000014465a0                __sfmoreglue
                0x0000000001446618                __sfp
                0x0000000001446730                _cleanup
                0x0000000001446748                __sinit
                0x0000000001446758                __sfp_lock_acquire
                0x000000000144675c                __sfp_lock_release
                0x0000000001446760                __sinit_lock_acquire
                0x0000000001446764                __sinit_lock_release
                0x0000000001446768                __fp_lock_all
                0x0000000001446780                __fp_unlock_all
 .text          0x0000000001446798      0x414 c:/altera/15.0.0.139/nios2eds/bin/gnu/h-x86_64-mingw32/bin/../lib/gcc/nios2-elf/4.9.1/../../../../../H-x86_64-mingw32/nios2-elf/lib/mno-hw-mul\libc.a(lib_a-freer.o)
                0x0000000001446798                _malloc_trim_r
                0x00000000014468bc                _free_r
 .text          0x0000000001446bac      0x4a4 c:/altera/15.0.0.139/nios2eds/bin/gnu/h-x86_64-mingw32/bin/../lib/gcc/nios2-elf/4.9.1/../../../../../H-x86_64-mingw32/nios2-elf/lib/mno-hw-mul\libc.a(lib_a-fvwrite.o)
                0x0000000001446bac                __sfvwrite_r
 .text          0x0000000001447050      0x170 c:/altera/15.0.0.139/nios2eds/bin/gnu/h-x86_64-mingw32/bin/../lib/gcc/nios2-elf/4.9.1/../../../../../H-x86_64-mingw32/nios2-elf/lib/mno-hw-mul\libc.a(lib_a-fwalk.o)
                0x0000000001447050                _fwalk
                0x0000000001447108                _fwalk_reent
 .text          0x00000000014471c0        0x0 c:/altera/15.0.0.139/nios2eds/bin/gnu/h-x86_64-mingw32/bin/../lib/gcc/nios2-elf/4.9.1/../../../../../H-x86_64-mingw32/nios2-elf/lib/mno-hw-mul\libc.a(lib_a-impure.o)
 .text          0x00000000014471c0       0xe0 c:/altera/15.0.0.139/nios2eds/bin/gnu/h-x86_64-mingw32/bin/../lib/gcc/nios2-elf/4.9.1/../../../../../H-x86_64-mingw32/nios2-elf/lib/mno-hw-mul\libc.a(lib_a-locale.o)
                0x00000000014471c0                _setlocale_r
                0x000000000144723c                __locale_charset
                0x0000000001447248                __locale_mb_cur_max
                0x0000000001447258                __locale_msgcharset
                0x0000000001447264                __locale_cjk_lang
                0x000000000144726c                _localeconv_r
                0x0000000001447278                setlocale
                0x0000000001447294                localeconv
 .text          0x00000000014472a0      0x1b8 c:/altera/15.0.0.139/nios2eds/bin/gnu/h-x86_64-mingw32/bin/../lib/gcc/nios2-elf/4.9.1/../../../../../H-x86_64-mingw32/nios2-elf/lib/mno-hw-mul\libc.a(lib_a-makebuf.o)
                0x00000000014472a0                __smakebuf_r
 .text          0x0000000001447458      0x7a8 c:/altera/15.0.0.139/nios2eds/bin/gnu/h-x86_64-mingw32/bin/../lib/gcc/nios2-elf/4.9.1/../../../../../H-x86_64-mingw32/nios2-elf/lib/mno-hw-mul\libc.a(lib_a-mallocr.o)
                0x0000000001447458                _malloc_r
 .text          0x0000000001447c00       0xe8 c:/altera/15.0.0.139/nios2eds/bin/gnu/h-x86_64-mingw32/bin/../lib/gcc/nios2-elf/4.9.1/../../../../../H-x86_64-mingw32/nios2-elf/lib/mno-hw-mul\libc.a(lib_a-memchr.o)
                0x0000000001447c00                memchr
 .text          0x0000000001447ce8      0x138 c:/altera/15.0.0.139/nios2eds/bin/gnu/h-x86_64-mingw32/bin/../lib/gcc/nios2-elf/4.9.1/../../../../../H-x86_64-mingw32/nios2-elf/lib/mno-hw-mul\libc.a(lib_a-memcpy.o)
                0x0000000001447ce8                memcpy
 .text          0x0000000001447e20      0x15c c:/altera/15.0.0.139/nios2eds/bin/gnu/h-x86_64-mingw32/bin/../lib/gcc/nios2-elf/4.9.1/../../../../../H-x86_64-mingw32/nios2-elf/lib/mno-hw-mul\libc.a(lib_a-memmove.o)
                0x0000000001447e20                memmove
 .text          0x0000000001447f7c      0x124 c:/altera/15.0.0.139/nios2eds/bin/gnu/h-x86_64-mingw32/bin/../lib/gcc/nios2-elf/4.9.1/../../../../../H-x86_64-mingw32/nios2-elf/lib/mno-hw-mul\libc.a(lib_a-memset.o)
                0x0000000001447f7c                memset
 .text          0x00000000014480a0     0x1048 c:/altera/15.0.0.139/nios2eds/bin/gnu/h-x86_64-mingw32/bin/../lib/gcc/nios2-elf/4.9.1/../../../../../H-x86_64-mingw32/nios2-elf/lib/mno-hw-mul\libc.a(lib_a-mprec.o)
                0x00000000014480a0                _Balloc
                0x0000000001448148                _Bfree
                0x0000000001448170                __multadd
                0x00000000014482ac                __s2b
                0x00000000014483b0                __hi0bits
                0x0000000001448418                __lo0bits
                0x00000000014484c8                __i2b
                0x0000000001448504                __multiply
                0x0000000001448794                __pow5mult
                0x00000000014488d4                __lshift
                0x0000000001448a1c                __mcmp
                0x0000000001448a7c                __mdiff
                0x0000000001448c14                __ulp
                0x0000000001448c74                __b2d
                0x0000000001448d90                __d2b
                0x0000000001448ecc                __ratio
                0x0000000001448f70                _mprec_log10
                0x0000000001448fe4                __copybits
                0x000000000144905c                __any_on
 .text          0x00000000014490e8      0x5a0 c:/altera/15.0.0.139/nios2eds/bin/gnu/h-x86_64-mingw32/bin/../lib/gcc/nios2-elf/4.9.1/../../../../../H-x86_64-mingw32/nios2-elf/lib/mno-hw-mul\libc.a(lib_a-reallocr.o)
                0x00000000014490e8                _realloc_r
 .text          0x0000000001449688       0x74 c:/altera/15.0.0.139/nios2eds/bin/gnu/h-x86_64-mingw32/bin/../lib/gcc/nios2-elf/4.9.1/../../../../../H-x86_64-mingw32/nios2-elf/lib/mno-hw-mul\libc.a(lib_a-s_fpclassify.o)
                0x0000000001449688                __fpclassifyd
 .text          0x00000000014496fc       0x54 c:/altera/15.0.0.139/nios2eds/bin/gnu/h-x86_64-mingw32/bin/../lib/gcc/nios2-elf/4.9.1/../../../../../H-x86_64-mingw32/nios2-elf/lib/mno-hw-mul\libc.a(lib_a-sbrkr.o)
                0x00000000014496fc                _sbrk_r
 .text          0x0000000001449750      0x13c c:/altera/15.0.0.139/nios2eds/bin/gnu/h-x86_64-mingw32/bin/../lib/gcc/nios2-elf/4.9.1/../../../../../H-x86_64-mingw32/nios2-elf/lib/mno-hw-mul\libc.a(lib_a-stdio.o)
                0x0000000001449750                __sread
                0x00000000014497a4                __seofread
                0x00000000014497ac                __swrite
                0x0000000001449828                __sseek
                0x0000000001449884                __sclose
 .text          0x000000000144988c       0xa4 c:/altera/15.0.0.139/nios2eds/bin/gnu/h-x86_64-mingw32/bin/../lib/gcc/nios2-elf/4.9.1/../../../../../H-x86_64-mingw32/nios2-elf/lib/mno-hw-mul\libc.a(lib_a-strcmp.o)
                0x000000000144988c                strcmp
 .text          0x0000000001449930     0x155c c:/altera/15.0.0.139/nios2eds/bin/gnu/h-x86_64-mingw32/bin/../lib/gcc/nios2-elf/4.9.1/../../../../../H-x86_64-mingw32/nios2-elf/lib/mno-hw-mul\libc.a(lib_a-vfiprintf.o)
                0x0000000001449a2c                __sprint_r
                0x0000000001449a44                ___vfiprintf_internal_r
                0x000000000144ae68                __vfiprintf_internal
 .text          0x000000000144ae8c       0x5c c:/altera/15.0.0.139/nios2eds/bin/gnu/h-x86_64-mingw32/bin/../lib/gcc/nios2-elf/4.9.1/../../../../../H-x86_64-mingw32/nios2-elf/lib/mno-hw-mul\libc.a(lib_a-writer.o)
                0x000000000144ae8c                _write_r
 .text          0x000000000144aee8       0x54 c:/altera/15.0.0.139/nios2eds/bin/gnu/h-x86_64-mingw32/bin/../lib/gcc/nios2-elf/4.9.1/../../../../../H-x86_64-mingw32/nios2-elf/lib/mno-hw-mul\libc.a(closer.o)
                0x000000000144aee8                _close_r
 .text          0x000000000144af3c       0xd8 c:/altera/15.0.0.139/nios2eds/bin/gnu/h-x86_64-mingw32/bin/../lib/gcc/nios2-elf/4.9.1/../../../../../H-x86_64-mingw32/nios2-elf/lib/mno-hw-mul\libc.a(lib_a-callocr.o)
                0x000000000144af3c                _calloc_r
 .text          0x000000000144b014      0x114 c:/altera/15.0.0.139/nios2eds/bin/gnu/h-x86_64-mingw32/bin/../lib/gcc/nios2-elf/4.9.1/../../../../../H-x86_64-mingw32/nios2-elf/lib/mno-hw-mul\libc.a(lib_a-fclose.o)
                0x000000000144b014                _fclose_r
                0x000000000144b114                fclose
 .text          0x000000000144b128      0x1dc c:/altera/15.0.0.139/nios2eds/bin/gnu/h-x86_64-mingw32/bin/../lib/gcc/nios2-elf/4.9.1/../../../../../H-x86_64-mingw32/nios2-elf/lib/mno-hw-mul\libc.a(lib_a-fputwc.o)
                0x000000000144b128                _fputwc_r
                0x000000000144b2ac                fputwc
 .text          0x000000000144b304       0x58 c:/altera/15.0.0.139/nios2eds/bin/gnu/h-x86_64-mingw32/bin/../lib/gcc/nios2-elf/4.9.1/../../../../../H-x86_64-mingw32/nios2-elf/lib/mno-hw-mul\libc.a(lib_a-fstatr.o)
                0x000000000144b304                _fstat_r
 .text          0x000000000144b35c        0x0 c:/altera/15.0.0.139/nios2eds/bin/gnu/h-x86_64-mingw32/bin/../lib/gcc/nios2-elf/4.9.1/../../../../../H-x86_64-mingw32/nios2-elf/lib/mno-hw-mul\libc.a(lib_a-int_errno.o)
 .text          0x000000000144b35c       0x54 c:/altera/15.0.0.139/nios2eds/bin/gnu/h-x86_64-mingw32/bin/../lib/gcc/nios2-elf/4.9.1/../../../../../H-x86_64-mingw32/nios2-elf/lib/mno-hw-mul\libc.a(lib_a-isattyr.o)
                0x000000000144b35c                _isatty_r
 .text          0x000000000144b3b0       0x5c c:/altera/15.0.0.139/nios2eds/bin/gnu/h-x86_64-mingw32/bin/../lib/gcc/nios2-elf/4.9.1/../../../../../H-x86_64-mingw32/nios2-elf/lib/mno-hw-mul\libc.a(lib_a-lseekr.o)
                0x000000000144b3b0                _lseek_r
 .text          0x000000000144b40c       0x5c c:/altera/15.0.0.139/nios2eds/bin/gnu/h-x86_64-mingw32/bin/../lib/gcc/nios2-elf/4.9.1/../../../../../H-x86_64-mingw32/nios2-elf/lib/mno-hw-mul\libc.a(lib_a-readr.o)
                0x000000000144b40c                _read_r
 .text          0x000000000144b468      0x170 c:/altera/15.0.0.139/nios2eds/bin/gnu/h-x86_64-mingw32/bin/../lib/gcc/nios2-elf/4.9.1/../../../../../H-x86_64-mingw32/nios2-elf/lib/mno-hw-mul\libc.a(lib_a-wbuf.o)
                0x000000000144b468                __swbuf_r
                0x000000000144b5bc                __swbuf
 .text          0x000000000144b5d8      0x174 c:/altera/15.0.0.139/nios2eds/bin/gnu/h-x86_64-mingw32/bin/../lib/gcc/nios2-elf/4.9.1/../../../../../H-x86_64-mingw32/nios2-elf/lib/mno-hw-mul\libc.a(lib_a-wcrtomb.o)
                0x000000000144b5d8                _wcrtomb_r
                0x000000000144b674                wcrtomb
 .text          0x000000000144b74c       0x8c c:/altera/15.0.0.139/nios2eds/bin/gnu/h-x86_64-mingw32/bin/../lib/gcc/nios2-elf/4.9.1/../../../../../H-x86_64-mingw32/nios2-elf/lib/mno-hw-mul\libc.a(lib_a-wctomb_r.o)
                0x000000000144b74c                __ascii_wctomb
                0x000000000144b77c                _wctomb_r
 .text          0x000000000144b7d8      0x640 c:/altera/15.0.0.139/nios2eds/bin/gnu/h-x86_64-mingw32/bin/../lib/gcc/nios2-elf/4.9.1/mno-hw-mul\libgcc.a(_udivdi3.o)
                0x000000000144b7d8                __udivdi3
 .text          0x000000000144be18      0x61c c:/altera/15.0.0.139/nios2eds/bin/gnu/h-x86_64-mingw32/bin/../lib/gcc/nios2-elf/4.9.1/mno-hw-mul\libgcc.a(_umoddi3.o)
                0x000000000144be18                __umoddi3
 .text          0x000000000144c434      0x89c c:/altera/15.0.0.139/nios2eds/bin/gnu/h-x86_64-mingw32/bin/../lib/gcc/nios2-elf/4.9.1/mno-hw-mul\libgcc.a(adddf3.o)
                0x000000000144c434                __adddf3
 .text          0x000000000144ccd0       0x84 c:/altera/15.0.0.139/nios2eds/bin/gnu/h-x86_64-mingw32/bin/../lib/gcc/nios2-elf/4.9.1/mno-hw-mul\libgcc.a(eqdf2.o)
                0x000000000144ccd0                __nedf2
                0x000000000144ccd0                __eqdf2
 .text          0x000000000144cd54       0xe0 c:/altera/15.0.0.139/nios2eds/bin/gnu/h-x86_64-mingw32/bin/../lib/gcc/nios2-elf/4.9.1/mno-hw-mul\libgcc.a(gedf2.o)
                0x000000000144cd54                __gedf2
                0x000000000144cd54                __gtdf2
 .text          0x000000000144ce34       0xe0 c:/altera/15.0.0.139/nios2eds/bin/gnu/h-x86_64-mingw32/bin/../lib/gcc/nios2-elf/4.9.1/mno-hw-mul\libgcc.a(ledf2.o)
                0x000000000144ce34                __ledf2
                0x000000000144ce34                __ltdf2
 .text          0x000000000144cf14       0x88 c:/altera/15.0.0.139/nios2eds/bin/gnu/h-x86_64-mingw32/bin/../lib/gcc/nios2-elf/4.9.1/mno-hw-mul\libgcc.a(fixdfsi.o)
                0x000000000144cf14                __fixdfsi
 .text          0x000000000144cf9c       0xa4 c:/altera/15.0.0.139/nios2eds/bin/gnu/h-x86_64-mingw32/bin/../lib/gcc/nios2-elf/4.9.1/mno-hw-mul\libgcc.a(floatunsidf.o)
                0x000000000144cf9c                __floatunsidf
 .text          0x000000000144d040      0x128 ../humidity_temp_bsp/\libhal_bsp.a(alt_close.o)
                0x000000000144d090                close
 .text          0x000000000144d168       0x2c ../humidity_temp_bsp/\libhal_bsp.a(alt_dev.o)
 .text          0x000000000144d194        0x0 ../humidity_temp_bsp/\libhal_bsp.a(alt_errno.o)
 .text          0x000000000144d194      0x108 ../humidity_temp_bsp/\libhal_bsp.a(alt_fstat.o)
                0x000000000144d1e4                fstat
 .text          0x000000000144d29c       0xfc ../humidity_temp_bsp/\libhal_bsp.a(alt_isatty.o)
                0x000000000144d2ec                isatty
 .text          0x000000000144d398       0xe4 ../humidity_temp_bsp/\libhal_bsp.a(alt_load.o)
                0x000000000144d3fc                alt_load
 .text          0x000000000144d47c      0x12c ../humidity_temp_bsp/\libhal_bsp.a(alt_lseek.o)
                0x000000000144d4cc                lseek
 .text          0x000000000144d5a8       0x68 ../humidity_temp_bsp/\libhal_bsp.a(alt_main.o)
                0x000000000144d5a8                alt_main
 .text          0x000000000144d610       0x40 ../humidity_temp_bsp/\libhal_bsp.a(alt_malloc_lock.o)
                0x000000000144d610                __malloc_lock
                0x000000000144d630                __malloc_unlock
 .text          0x000000000144d650      0x154 ../humidity_temp_bsp/\libhal_bsp.a(alt_read.o)
                0x000000000144d6a0                read
 .text          0x000000000144d7a4       0x80 ../humidity_temp_bsp/\libhal_bsp.a(alt_release_fd.o)
                0x000000000144d7a4                alt_release_fd
 .text          0x000000000144d824       0xb0 ../humidity_temp_bsp/\libhal_bsp.a(alt_sbrk.o)
                0x000000000144d824                sbrk
 .text          0x000000000144d8d4      0x150 ../humidity_temp_bsp/\libhal_bsp.a(alt_write.o)
                0x000000000144d924                write
 .text          0x000000000144da24       0xdc ../humidity_temp_bsp/\libhal_bsp.a(alt_sys_init.o)
                0x000000000144da5c                alt_irq_init
                0x000000000144da90                alt_sys_init
 .text          0x000000000144db00       0xc0 ../humidity_temp_bsp/\libhal_bsp.a(altera_avalon_jtag_uart_fd.o)
                0x000000000144db00                altera_avalon_jtag_uart_read_fd
                0x000000000144db60                altera_avalon_jtag_uart_write_fd
 .text          0x000000000144dbc0       0xe4 ../humidity_temp_bsp/\libhal_bsp.a(altera_avalon_jtag_uart_read.o)
                0x000000000144dbc0                altera_avalon_jtag_uart_read
 .text          0x000000000144dca4       0x94 ../humidity_temp_bsp/\libhal_bsp.a(altera_avalon_jtag_uart_write.o)
                0x000000000144dca4                altera_avalon_jtag_uart_write
 .text          0x000000000144dd38       0xfc ../humidity_temp_bsp/\libhal_bsp.a(altera_avalon_timer_sc.o)
                0x000000000144ddac                alt_avalon_timer_sc_init
 .text          0x000000000144de34      0x540 ../humidity_temp_bsp/\libhal_bsp.a(altera_modular_adc.o)
                0x000000000144ded8                alt_adc_word_read
                0x000000000144df84                altera_modular_adc_init
                0x000000000144dff4                alt_adc_register_callback
                0x000000000144e08c                altera_modular_adc_open
                0x000000000144e0cc                adc_stop
                0x000000000144e118                adc_start
                0x000000000144e14c                adc_set_mode_run_once
                0x000000000144e188                adc_set_mode_run_continuously
                0x000000000144e1c0                adc_recalibrate
                0x000000000144e238                adc_interrupt_enable
                0x000000000144e278                adc_interrupt_disable
                0x000000000144e2bc                adc_clear_interrupt_status
                0x000000000144e2fc                adc_interrupt_asserted
                0x000000000144e33c                adc_wait_for_interrupt
 .text          0x000000000144e374      0xefc ../humidity_temp_bsp/\libhal_bsp.a(altera_onchip_flash.o)
                0x000000000144e3ac                alt_onchip_flash_read
                0x000000000144e478                alt_onchip_flash_get_info
                0x000000000144e514                alt_onchip_flash_erase_block
                0x000000000144e67c                alt_onchip_flash_write_block
                0x000000000144e940                alt_onchip_flash_write
                0x000000000144ec18                altera_onchip_flash_init
                0x000000000144f0f0                alt_onchip_flash_poll_for_status_to_go_idle
                0x000000000144f170                alt_onchip_flash_poll_for_status_erase_passed
                0x000000000144f1f0                alt_onchip_flash_poll_for_status_write_passed
 .text          0x000000000144f270      0x278 ../humidity_temp_bsp/\libhal_bsp.a(i2c_opencores.o)
                0x000000000144f270                I2C_init
                0x000000000144f324                I2C_start
                0x000000000144f3c0                I2C_read
                0x000000000144f43c                I2C_write
 .text          0x000000000144f4e8       0x24 ../humidity_temp_bsp/\libhal_bsp.a(alt_dcache_flush.o)
                0x000000000144f4e8                alt_dcache_flush
 .text          0x000000000144f50c       0x1c ../humidity_temp_bsp/\libhal_bsp.a(alt_dcache_flush_all.o)
                0x000000000144f50c                alt_dcache_flush_all
 .text          0x000000000144f528       0xf4 ../humidity_temp_bsp/\libhal_bsp.a(alt_dev_llist_insert.o)
                0x000000000144f578                alt_dev_llist_insert
 .text          0x000000000144f61c       0x90 ../humidity_temp_bsp/\libhal_bsp.a(alt_find_dev.o)
                0x000000000144f61c                alt_find_dev
 .text          0x000000000144f6ac       0xb8 ../humidity_temp_bsp/\libhal_bsp.a(alt_flash_dev.o)
                0x000000000144f6ac                alt_flash_open_dev
                0x000000000144f714                alt_flash_close_dev
 .text          0x000000000144f764       0x1c ../humidity_temp_bsp/\libhal_bsp.a(alt_icache_flush_all.o)
                0x000000000144f764                alt_icache_flush_all
 .text          0x000000000144f780      0x1e0 ../humidity_temp_bsp/\libhal_bsp.a(alt_iic.o)
                0x000000000144f780                alt_ic_isr_register
                0x000000000144f7d0                alt_ic_irq_enable
                0x000000000144f870                alt_ic_irq_disable
                0x000000000144f914                alt_ic_irq_enabled
 .text          0x000000000144f960       0xf0 ../humidity_temp_bsp/\libhal_bsp.a(alt_iic_isr_register.o)
                0x000000000144f960                alt_iic_isr_register
 .text          0x000000000144fa50      0x158 ../humidity_temp_bsp/\libhal_bsp.a(alt_io_redirect.o)
                0x000000000144fb30                alt_io_redirect
 .text          0x000000000144fba8        0x0 ../humidity_temp_bsp/\libhal_bsp.a(alt_irq_entry.o)
 .text          0x000000000144fba8        0x0 ../humidity_temp_bsp/\libhal_bsp.a(alt_irq_handler.o)
 .text          0x000000000144fba8        0x0 ../humidity_temp_bsp/\libhal_bsp.a(alt_irq_vars.o)
 .text          0x000000000144fba8      0x2a4 ../humidity_temp_bsp/\libhal_bsp.a(alt_open.o)
                0x000000000144fcec                open
 .text          0x000000000144fe4c      0x19c ../humidity_temp_bsp/\libhal_bsp.a(alt_tick.o)
                0x000000000144fe4c                alt_alarm_stop
                0x000000000144fee4                alt_tick
 .text          0x000000000144ffe8       0x20 ../humidity_temp_bsp/\libhal_bsp.a(altera_nios2_gen2_irq.o)
                0x000000000144ffe8                altera_nios2_gen2_irq_init
 .text          0x0000000001450008        0x0 ../humidity_temp_bsp/\libhal_bsp.a(alt_exception_entry.o)
 .text          0x0000000001450008      0x114 ../humidity_temp_bsp/\libhal_bsp.a(alt_find_file.o)
                0x0000000001450008                alt_find_file
 .text          0x000000000145011c       0xd4 ../humidity_temp_bsp/\libhal_bsp.a(alt_get_fd.o)
                0x000000000145011c                alt_get_fd
 .text          0x00000000014501f0       0x9c ../humidity_temp_bsp/\libhal_bsp.a(alt_instruction_exception_entry.o)
                0x00000000014501f0                alt_exception_cause_generated_bad_addr
 .text          0x000000000145028c       0x38 c:/altera/15.0.0.139/nios2eds/bin/gnu/h-x86_64-mingw32/bin/../lib/gcc/nios2-elf/4.9.1/../../../../../H-x86_64-mingw32/nios2-elf/lib/mno-hw-mul\libc.a(lib_a-exit.o)
                0x000000000145028c                exit
 .text          0x00000000014502c4       0x7c c:/altera/15.0.0.139/nios2eds/bin/gnu/h-x86_64-mingw32/bin/../lib/gcc/nios2-elf/4.9.1/../../../../../H-x86_64-mingw32/nios2-elf/lib/mno-hw-mul\libc.a(lib_a-memcmp.o)
                0x00000000014502c4                memcmp
 .text          0x0000000001450340      0x194 c:/altera/15.0.0.139/nios2eds/bin/gnu/h-x86_64-mingw32/bin/../lib/gcc/nios2-elf/4.9.1/../../../../../H-x86_64-mingw32/nios2-elf/lib/mno-hw-mul\libc.a(lib_a-__call_atexit.o)
                0x0000000001450340                __call_exitprocs
 .text          0x00000000014504d4       0x34 ../humidity_temp_bsp/\libhal_bsp.a(alt_exit.o)
                0x00000000014504d4                _exit
 *(.gnu.warning.*)
 *(.fini)
                0x0000000001450508                PROVIDE (__etext, ABSOLUTE (.))
                0x0000000001450508                PROVIDE (_etext, ABSOLUTE (.))
                0x0000000001450508                PROVIDE (etext, ABSOLUTE (.))
 *(.eh_frame_hdr)
                0x0000000001450508                . = ALIGN (0x4)
                0x0000000001450508                PROVIDE (__preinit_array_start, ABSOLUTE (.))
 *(.preinit_array)
                0x0000000001450508                PROVIDE (__preinit_array_end, ABSOLUTE (.))
                0x0000000001450508                PROVIDE (__init_array_start, ABSOLUTE (.))
 *(.init_array)
                0x0000000001450508                PROVIDE (__init_array_end, ABSOLUTE (.))
                0x0000000001450508                PROVIDE (__fini_array_start, ABSOLUTE (.))
 *(.fini_array)
                0x0000000001450508                PROVIDE (__fini_array_end, ABSOLUTE (.))
 *(.eh_frame)
 *(.gcc_except_table .gcc_except_table.*)
 *(.dynamic)
                0x0000000001450508                PROVIDE (__CTOR_LIST__, ABSOLUTE (.))
 *(.ctors)
 *(SORT(.ctors.*))
                0x0000000001450508                PROVIDE (__CTOR_END__, ABSOLUTE (.))
                0x0000000001450508                PROVIDE (__DTOR_LIST__, ABSOLUTE (.))
 *(.dtors)
 *(SORT(.dtors.*))
                0x0000000001450508                PROVIDE (__DTOR_END__, ABSOLUTE (.))
 *(.jcr)
                0x0000000001450508                . = ALIGN (0x4)

.rodata         0x0000000001450508      0x488
                0x0000000001450508                PROVIDE (__ram_rodata_start, ABSOLUTE (.))
                0x0000000001450508                . = ALIGN (0x4)
 *(.rodata .rodata.* .gnu.linkonce.r.*)
 .rodata        0x0000000001450508      0x15c obj/default/rh_temp.o
 .rodata        0x0000000001450664      0x100 c:/altera/15.0.0.139/nios2eds/bin/gnu/h-x86_64-mingw32/bin/../lib/gcc/nios2-elf/4.9.1/mno-hw-mul\libgcc.a(_clz.o)
                0x0000000001450664                __clz_tab
 .rodata.str1.4
                0x0000000001450764        0x2 c:/altera/15.0.0.139/nios2eds/bin/gnu/h-x86_64-mingw32/bin/../lib/gcc/nios2-elf/4.9.1/../../../../../H-x86_64-mingw32/nios2-elf/lib/mno-hw-mul\libc.a(lib_a-puts.o)
                                          0x4 (size before relaxing)
 *fill*         0x0000000001450766        0x2 
 .rodata.str1.4
                0x0000000001450768       0x42 c:/altera/15.0.0.139/nios2eds/bin/gnu/h-x86_64-mingw32/bin/../lib/gcc/nios2-elf/4.9.1/../../../../../H-x86_64-mingw32/nios2-elf/lib/mno-hw-mul\libc.a(lib_a-vfprintf.o)
                                         0x44 (size before relaxing)
 .rodata        0x00000000014507aa       0x20 c:/altera/15.0.0.139/nios2eds/bin/gnu/h-x86_64-mingw32/bin/../lib/gcc/nios2-elf/4.9.1/../../../../../H-x86_64-mingw32/nios2-elf/lib/mno-hw-mul\libc.a(lib_a-vfprintf.o)
 *fill*         0x00000000014507ca        0x2 
 .rodata.str1.4
                0x00000000014507cc       0x10 c:/altera/15.0.0.139/nios2eds/bin/gnu/h-x86_64-mingw32/bin/../lib/gcc/nios2-elf/4.9.1/../../../../../H-x86_64-mingw32/nios2-elf/lib/mno-hw-mul\libc.a(lib_a-dtoa.o)
                                         0x14 (size before relaxing)
 .rodata.str1.4
                0x00000000014507dc        0x2 c:/altera/15.0.0.139/nios2eds/bin/gnu/h-x86_64-mingw32/bin/../lib/gcc/nios2-elf/4.9.1/../../../../../H-x86_64-mingw32/nios2-elf/lib/mno-hw-mul\libc.a(lib_a-impure.o)
                                          0x4 (size before relaxing)
 *fill*         0x00000000014507de        0x2 
 .rodata.str1.4
                0x00000000014507e0        0xc c:/altera/15.0.0.139/nios2eds/bin/gnu/h-x86_64-mingw32/bin/../lib/gcc/nios2-elf/4.9.1/../../../../../H-x86_64-mingw32/nios2-elf/lib/mno-hw-mul\libc.a(lib_a-locale.o)
                                         0x14 (size before relaxing)
 .rodata        0x00000000014507ec      0x124 c:/altera/15.0.0.139/nios2eds/bin/gnu/h-x86_64-mingw32/bin/../lib/gcc/nios2-elf/4.9.1/../../../../../H-x86_64-mingw32/nios2-elf/lib/mno-hw-mul\libc.a(lib_a-mprec.o)
                0x00000000014507f8                __mprec_tinytens
                0x0000000001450820                __mprec_bigtens
                0x0000000001450848                __mprec_tens
 .rodata.str1.4
                0x0000000000000000       0x30 c:/altera/15.0.0.139/nios2eds/bin/gnu/h-x86_64-mingw32/bin/../lib/gcc/nios2-elf/4.9.1/../../../../../H-x86_64-mingw32/nios2-elf/lib/mno-hw-mul\libc.a(lib_a-vfiprintf.o)
 .rodata        0x0000000001450910       0x20 c:/altera/15.0.0.139/nios2eds/bin/gnu/h-x86_64-mingw32/bin/../lib/gcc/nios2-elf/4.9.1/../../../../../H-x86_64-mingw32/nios2-elf/lib/mno-hw-mul\libc.a(lib_a-vfiprintf.o)
 .rodata        0x0000000001450930        0xc ../humidity_temp_bsp/\libhal_bsp.a(alt_dev.o)
 .rodata        0x000000000145093c       0x10 ../humidity_temp_bsp/\libhal_bsp.a(alt_main.o)
 .rodata        0x000000000145094c       0x44 ../humidity_temp_bsp/\libhal_bsp.a(alt_sys_init.o)
 *(.rodata1)
                0x0000000001450990                . = ALIGN (0x4)
                0x0000000001450990                PROVIDE (__ram_rodata_end, ABSOLUTE (.))
                0x0000000001450508                PROVIDE (__flash_rodata_start, LOADADDR (.rodata))

.rwdata         0x0000000001450990      0xc0c load address 0x000000000145159c
                0x0000000001450990                PROVIDE (__ram_rwdata_start, ABSOLUTE (.))
                0x0000000001450990                . = ALIGN (0x4)
 *(.got.plt)
 *(.got)
 *(.data1)
 *(.data .data.* .gnu.linkonce.d.*)
 .data          0x0000000001450990        0x0 ../humidity_temp_bsp//obj/HAL/src/crt0.o
 .data          0x0000000001450990        0x0 obj/default/rh_temp.o
 .data          0x0000000001450990        0x0 c:/altera/15.0.0.139/nios2eds/bin/gnu/h-x86_64-mingw32/bin/../lib/gcc/nios2-elf/4.9.1/mno-hw-mul\libgcc.a(divdf3.o)
 .data          0x0000000001450990        0x0 c:/altera/15.0.0.139/nios2eds/bin/gnu/h-x86_64-mingw32/bin/../lib/gcc/nios2-elf/4.9.1/mno-hw-mul\libgcc.a(muldf3.o)
 .data          0x0000000001450990        0x0 c:/altera/15.0.0.139/nios2eds/bin/gnu/h-x86_64-mingw32/bin/../lib/gcc/nios2-elf/4.9.1/mno-hw-mul\libgcc.a(subdf3.o)
 .data          0x0000000001450990        0x0 c:/altera/15.0.0.139/nios2eds/bin/gnu/h-x86_64-mingw32/bin/../lib/gcc/nios2-elf/4.9.1/mno-hw-mul\libgcc.a(floatsidf.o)
 .data          0x0000000001450990        0x0 c:/altera/15.0.0.139/nios2eds/bin/gnu/h-x86_64-mingw32/bin/../lib/gcc/nios2-elf/4.9.1/mno-hw-mul\libgcc.a(_clzsi2.o)
 .data          0x0000000001450990        0x0 c:/altera/15.0.0.139/nios2eds/bin/gnu/h-x86_64-mingw32/bin/../lib/gcc/nios2-elf/4.9.1/mno-hw-mul\libgcc.a(lib2-divmod.o)
 .data          0x0000000001450990        0x0 c:/altera/15.0.0.139/nios2eds/bin/gnu/h-x86_64-mingw32/bin/../lib/gcc/nios2-elf/4.9.1/mno-hw-mul\libgcc.a(lib2-mul.o)
 .data          0x0000000001450990        0x0 c:/altera/15.0.0.139/nios2eds/bin/gnu/h-x86_64-mingw32/bin/../lib/gcc/nios2-elf/4.9.1/mno-hw-mul\libgcc.a(_clz.o)
 .data          0x0000000001450990        0x0 c:/altera/15.0.0.139/nios2eds/bin/gnu/h-x86_64-mingw32/bin/../lib/gcc/nios2-elf/4.9.1/../../../../../H-x86_64-mingw32/nios2-elf/lib/mno-hw-mul\libc.a(lib_a-printf.o)
 .data          0x0000000001450990        0x0 c:/altera/15.0.0.139/nios2eds/bin/gnu/h-x86_64-mingw32/bin/../lib/gcc/nios2-elf/4.9.1/../../../../../H-x86_64-mingw32/nios2-elf/lib/mno-hw-mul\libc.a(lib_a-puts.o)
 .data          0x0000000001450990        0x0 c:/altera/15.0.0.139/nios2eds/bin/gnu/h-x86_64-mingw32/bin/../lib/gcc/nios2-elf/4.9.1/../../../../../H-x86_64-mingw32/nios2-elf/lib/mno-hw-mul\libc.a(lib_a-strlen.o)
 .data          0x0000000001450990        0x0 c:/altera/15.0.0.139/nios2eds/bin/gnu/h-x86_64-mingw32/bin/../lib/gcc/nios2-elf/4.9.1/../../../../../H-x86_64-mingw32/nios2-elf/lib/mno-hw-mul\libc.a(lib_a-vfprintf.o)
 .data          0x0000000001450990        0x0 c:/altera/15.0.0.139/nios2eds/bin/gnu/h-x86_64-mingw32/bin/../lib/gcc/nios2-elf/4.9.1/../../../../../H-x86_64-mingw32/nios2-elf/lib/mno-hw-mul\libc.a(lib_a-wsetup.o)
 .data          0x0000000001450990        0x0 c:/altera/15.0.0.139/nios2eds/bin/gnu/h-x86_64-mingw32/bin/../lib/gcc/nios2-elf/4.9.1/../../../../../H-x86_64-mingw32/nios2-elf/lib/mno-hw-mul\libc.a(lib_a-dtoa.o)
 .data          0x0000000001450990        0x0 c:/altera/15.0.0.139/nios2eds/bin/gnu/h-x86_64-mingw32/bin/../lib/gcc/nios2-elf/4.9.1/../../../../../H-x86_64-mingw32/nios2-elf/lib/mno-hw-mul\libc.a(lib_a-fflush.o)
 .data          0x0000000001450990        0x0 c:/altera/15.0.0.139/nios2eds/bin/gnu/h-x86_64-mingw32/bin/../lib/gcc/nios2-elf/4.9.1/../../../../../H-x86_64-mingw32/nios2-elf/lib/mno-hw-mul\libc.a(lib_a-findfp.o)
 .data          0x0000000001450990        0x0 c:/altera/15.0.0.139/nios2eds/bin/gnu/h-x86_64-mingw32/bin/../lib/gcc/nios2-elf/4.9.1/../../../../../H-x86_64-mingw32/nios2-elf/lib/mno-hw-mul\libc.a(lib_a-freer.o)
 .data          0x0000000001450990        0x0 c:/altera/15.0.0.139/nios2eds/bin/gnu/h-x86_64-mingw32/bin/../lib/gcc/nios2-elf/4.9.1/../../../../../H-x86_64-mingw32/nios2-elf/lib/mno-hw-mul\libc.a(lib_a-fvwrite.o)
 .data          0x0000000001450990        0x0 c:/altera/15.0.0.139/nios2eds/bin/gnu/h-x86_64-mingw32/bin/../lib/gcc/nios2-elf/4.9.1/../../../../../H-x86_64-mingw32/nios2-elf/lib/mno-hw-mul\libc.a(lib_a-fwalk.o)
 .data          0x0000000001450990      0x424 c:/altera/15.0.0.139/nios2eds/bin/gnu/h-x86_64-mingw32/bin/../lib/gcc/nios2-elf/4.9.1/../../../../../H-x86_64-mingw32/nios2-elf/lib/mno-hw-mul\libc.a(lib_a-impure.o)
 .data          0x0000000001450db4       0x78 c:/altera/15.0.0.139/nios2eds/bin/gnu/h-x86_64-mingw32/bin/../lib/gcc/nios2-elf/4.9.1/../../../../../H-x86_64-mingw32/nios2-elf/lib/mno-hw-mul\libc.a(lib_a-locale.o)
 .data          0x0000000001450e2c        0x0 c:/altera/15.0.0.139/nios2eds/bin/gnu/h-x86_64-mingw32/bin/../lib/gcc/nios2-elf/4.9.1/../../../../../H-x86_64-mingw32/nios2-elf/lib/mno-hw-mul\libc.a(lib_a-makebuf.o)
 .data          0x0000000001450e2c      0x408 c:/altera/15.0.0.139/nios2eds/bin/gnu/h-x86_64-mingw32/bin/../lib/gcc/nios2-elf/4.9.1/../../../../../H-x86_64-mingw32/nios2-elf/lib/mno-hw-mul\libc.a(lib_a-mallocr.o)
                0x0000000001450e2c                __malloc_av_
 .data          0x0000000001451234        0x0 c:/altera/15.0.0.139/nios2eds/bin/gnu/h-x86_64-mingw32/bin/../lib/gcc/nios2-elf/4.9.1/../../../../../H-x86_64-mingw32/nios2-elf/lib/mno-hw-mul\libc.a(lib_a-memchr.o)
 .data          0x0000000001451234        0x0 c:/altera/15.0.0.139/nios2eds/bin/gnu/h-x86_64-mingw32/bin/../lib/gcc/nios2-elf/4.9.1/../../../../../H-x86_64-mingw32/nios2-elf/lib/mno-hw-mul\libc.a(lib_a-memcpy.o)
 .data          0x0000000001451234        0x0 c:/altera/15.0.0.139/nios2eds/bin/gnu/h-x86_64-mingw32/bin/../lib/gcc/nios2-elf/4.9.1/../../../../../H-x86_64-mingw32/nios2-elf/lib/mno-hw-mul\libc.a(lib_a-memmove.o)
 .data          0x0000000001451234        0x0 c:/altera/15.0.0.139/nios2eds/bin/gnu/h-x86_64-mingw32/bin/../lib/gcc/nios2-elf/4.9.1/../../../../../H-x86_64-mingw32/nios2-elf/lib/mno-hw-mul\libc.a(lib_a-memset.o)
 .data          0x0000000001451234        0x0 c:/altera/15.0.0.139/nios2eds/bin/gnu/h-x86_64-mingw32/bin/../lib/gcc/nios2-elf/4.9.1/../../../../../H-x86_64-mingw32/nios2-elf/lib/mno-hw-mul\libc.a(lib_a-mprec.o)
 .data          0x0000000001451234        0x0 c:/altera/15.0.0.139/nios2eds/bin/gnu/h-x86_64-mingw32/bin/../lib/gcc/nios2-elf/4.9.1/../../../../../H-x86_64-mingw32/nios2-elf/lib/mno-hw-mul\libc.a(lib_a-reallocr.o)
 .data          0x0000000001451234        0x0 c:/altera/15.0.0.139/nios2eds/bin/gnu/h-x86_64-mingw32/bin/../lib/gcc/nios2-elf/4.9.1/../../../../../H-x86_64-mingw32/nios2-elf/lib/mno-hw-mul\libc.a(lib_a-s_fpclassify.o)
 .data          0x0000000001451234        0x0 c:/altera/15.0.0.139/nios2eds/bin/gnu/h-x86_64-mingw32/bin/../lib/gcc/nios2-elf/4.9.1/../../../../../H-x86_64-mingw32/nios2-elf/lib/mno-hw-mul\libc.a(lib_a-sbrkr.o)
 .data          0x0000000001451234        0x0 c:/altera/15.0.0.139/nios2eds/bin/gnu/h-x86_64-mingw32/bin/../lib/gcc/nios2-elf/4.9.1/../../../../../H-x86_64-mingw32/nios2-elf/lib/mno-hw-mul\libc.a(lib_a-stdio.o)
 .data          0x0000000001451234        0x0 c:/altera/15.0.0.139/nios2eds/bin/gnu/h-x86_64-mingw32/bin/../lib/gcc/nios2-elf/4.9.1/../../../../../H-x86_64-mingw32/nios2-elf/lib/mno-hw-mul\libc.a(lib_a-strcmp.o)
 .data          0x0000000001451234        0x0 c:/altera/15.0.0.139/nios2eds/bin/gnu/h-x86_64-mingw32/bin/../lib/gcc/nios2-elf/4.9.1/../../../../../H-x86_64-mingw32/nios2-elf/lib/mno-hw-mul\libc.a(lib_a-vfiprintf.o)
 .data          0x0000000001451234        0x0 c:/altera/15.0.0.139/nios2eds/bin/gnu/h-x86_64-mingw32/bin/../lib/gcc/nios2-elf/4.9.1/../../../../../H-x86_64-mingw32/nios2-elf/lib/mno-hw-mul\libc.a(lib_a-writer.o)
 .data          0x0000000001451234        0x0 c:/altera/15.0.0.139/nios2eds/bin/gnu/h-x86_64-mingw32/bin/../lib/gcc/nios2-elf/4.9.1/../../../../../H-x86_64-mingw32/nios2-elf/lib/mno-hw-mul\libc.a(closer.o)
 .data          0x0000000001451234        0x0 c:/altera/15.0.0.139/nios2eds/bin/gnu/h-x86_64-mingw32/bin/../lib/gcc/nios2-elf/4.9.1/../../../../../H-x86_64-mingw32/nios2-elf/lib/mno-hw-mul\libc.a(lib_a-callocr.o)
 .data          0x0000000001451234        0x0 c:/altera/15.0.0.139/nios2eds/bin/gnu/h-x86_64-mingw32/bin/../lib/gcc/nios2-elf/4.9.1/../../../../../H-x86_64-mingw32/nios2-elf/lib/mno-hw-mul\libc.a(lib_a-fclose.o)
 .data          0x0000000001451234        0x0 c:/altera/15.0.0.139/nios2eds/bin/gnu/h-x86_64-mingw32/bin/../lib/gcc/nios2-elf/4.9.1/../../../../../H-x86_64-mingw32/nios2-elf/lib/mno-hw-mul\libc.a(lib_a-fputwc.o)
 .data          0x0000000001451234        0x0 c:/altera/15.0.0.139/nios2eds/bin/gnu/h-x86_64-mingw32/bin/../lib/gcc/nios2-elf/4.9.1/../../../../../H-x86_64-mingw32/nios2-elf/lib/mno-hw-mul\libc.a(lib_a-fstatr.o)
 .data          0x0000000001451234        0x0 c:/altera/15.0.0.139/nios2eds/bin/gnu/h-x86_64-mingw32/bin/../lib/gcc/nios2-elf/4.9.1/../../../../../H-x86_64-mingw32/nios2-elf/lib/mno-hw-mul\libc.a(lib_a-int_errno.o)
 .data          0x0000000001451234        0x0 c:/altera/15.0.0.139/nios2eds/bin/gnu/h-x86_64-mingw32/bin/../lib/gcc/nios2-elf/4.9.1/../../../../../H-x86_64-mingw32/nios2-elf/lib/mno-hw-mul\libc.a(lib_a-isattyr.o)
 .data          0x0000000001451234        0x0 c:/altera/15.0.0.139/nios2eds/bin/gnu/h-x86_64-mingw32/bin/../lib/gcc/nios2-elf/4.9.1/../../../../../H-x86_64-mingw32/nios2-elf/lib/mno-hw-mul\libc.a(lib_a-lseekr.o)
 .data          0x0000000001451234        0x0 c:/altera/15.0.0.139/nios2eds/bin/gnu/h-x86_64-mingw32/bin/../lib/gcc/nios2-elf/4.9.1/../../../../../H-x86_64-mingw32/nios2-elf/lib/mno-hw-mul\libc.a(lib_a-readr.o)
 .data          0x0000000001451234        0x0 c:/altera/15.0.0.139/nios2eds/bin/gnu/h-x86_64-mingw32/bin/../lib/gcc/nios2-elf/4.9.1/../../../../../H-x86_64-mingw32/nios2-elf/lib/mno-hw-mul\libc.a(lib_a-wbuf.o)
 .data          0x0000000001451234        0x0 c:/altera/15.0.0.139/nios2eds/bin/gnu/h-x86_64-mingw32/bin/../lib/gcc/nios2-elf/4.9.1/../../../../../H-x86_64-mingw32/nios2-elf/lib/mno-hw-mul\libc.a(lib_a-wcrtomb.o)
 .data          0x0000000001451234        0x0 c:/altera/15.0.0.139/nios2eds/bin/gnu/h-x86_64-mingw32/bin/../lib/gcc/nios2-elf/4.9.1/../../../../../H-x86_64-mingw32/nios2-elf/lib/mno-hw-mul\libc.a(lib_a-wctomb_r.o)
 .data          0x0000000001451234        0x0 c:/altera/15.0.0.139/nios2eds/bin/gnu/h-x86_64-mingw32/bin/../lib/gcc/nios2-elf/4.9.1/mno-hw-mul\libgcc.a(_udivdi3.o)
 .data          0x0000000001451234        0x0 c:/altera/15.0.0.139/nios2eds/bin/gnu/h-x86_64-mingw32/bin/../lib/gcc/nios2-elf/4.9.1/mno-hw-mul\libgcc.a(_umoddi3.o)
 .data          0x0000000001451234        0x0 c:/altera/15.0.0.139/nios2eds/bin/gnu/h-x86_64-mingw32/bin/../lib/gcc/nios2-elf/4.9.1/mno-hw-mul\libgcc.a(adddf3.o)
 .data          0x0000000001451234        0x0 c:/altera/15.0.0.139/nios2eds/bin/gnu/h-x86_64-mingw32/bin/../lib/gcc/nios2-elf/4.9.1/mno-hw-mul\libgcc.a(eqdf2.o)
 .data          0x0000000001451234        0x0 c:/altera/15.0.0.139/nios2eds/bin/gnu/h-x86_64-mingw32/bin/../lib/gcc/nios2-elf/4.9.1/mno-hw-mul\libgcc.a(gedf2.o)
 .data          0x0000000001451234        0x0 c:/altera/15.0.0.139/nios2eds/bin/gnu/h-x86_64-mingw32/bin/../lib/gcc/nios2-elf/4.9.1/mno-hw-mul\libgcc.a(ledf2.o)
 .data          0x0000000001451234        0x0 c:/altera/15.0.0.139/nios2eds/bin/gnu/h-x86_64-mingw32/bin/../lib/gcc/nios2-elf/4.9.1/mno-hw-mul\libgcc.a(fixdfsi.o)
 .data          0x0000000001451234        0x0 c:/altera/15.0.0.139/nios2eds/bin/gnu/h-x86_64-mingw32/bin/../lib/gcc/nios2-elf/4.9.1/mno-hw-mul\libgcc.a(floatunsidf.o)
 .data          0x0000000001451234        0x0 ../humidity_temp_bsp/\libhal_bsp.a(alt_close.o)
 .data          0x0000000001451234      0x1a8 ../humidity_temp_bsp/\libhal_bsp.a(alt_dev.o)
                0x0000000001451234                alt_dev_null
                0x000000000145125c                alt_fd_list
 .data          0x00000000014513dc        0x0 ../humidity_temp_bsp/\libhal_bsp.a(alt_errno.o)
 .data          0x00000000014513dc        0x0 ../humidity_temp_bsp/\libhal_bsp.a(alt_fstat.o)
 .data          0x00000000014513dc        0x0 ../humidity_temp_bsp/\libhal_bsp.a(alt_isatty.o)
 .data          0x00000000014513dc        0x0 ../humidity_temp_bsp/\libhal_bsp.a(alt_load.o)
 .data          0x00000000014513dc        0x0 ../humidity_temp_bsp/\libhal_bsp.a(alt_lseek.o)
 .data          0x00000000014513dc        0x0 ../humidity_temp_bsp/\libhal_bsp.a(alt_main.o)
 .data          0x00000000014513dc        0x0 ../humidity_temp_bsp/\libhal_bsp.a(alt_malloc_lock.o)
 .data          0x00000000014513dc        0x0 ../humidity_temp_bsp/\libhal_bsp.a(alt_read.o)
 .data          0x00000000014513dc        0x0 ../humidity_temp_bsp/\libhal_bsp.a(alt_release_fd.o)
 .data          0x00000000014513dc        0x0 ../humidity_temp_bsp/\libhal_bsp.a(alt_sbrk.o)
 .data          0x00000000014513dc        0x0 ../humidity_temp_bsp/\libhal_bsp.a(alt_write.o)
 .data          0x00000000014513dc      0x168 ../humidity_temp_bsp/\libhal_bsp.a(alt_sys_init.o)
 .data          0x0000000001451544        0x0 ../humidity_temp_bsp/\libhal_bsp.a(altera_avalon_jtag_uart_fd.o)
 .data          0x0000000001451544        0x0 ../humidity_temp_bsp/\libhal_bsp.a(altera_avalon_jtag_uart_read.o)
 .data          0x0000000001451544        0x0 ../humidity_temp_bsp/\libhal_bsp.a(altera_avalon_jtag_uart_write.o)
 .data          0x0000000001451544        0x0 ../humidity_temp_bsp/\libhal_bsp.a(altera_avalon_timer_sc.o)
 .data          0x0000000001451544        0x0 ../humidity_temp_bsp/\libhal_bsp.a(altera_modular_adc.o)
 .data          0x0000000001451544        0x0 ../humidity_temp_bsp/\libhal_bsp.a(altera_onchip_flash.o)
 .data          0x0000000001451544        0x0 ../humidity_temp_bsp/\libhal_bsp.a(i2c_opencores.o)
 .data          0x0000000001451544        0x0 ../humidity_temp_bsp/\libhal_bsp.a(alt_dcache_flush.o)
 .data          0x0000000001451544        0x0 ../humidity_temp_bsp/\libhal_bsp.a(alt_dcache_flush_all.o)
 .data          0x0000000001451544        0x0 ../humidity_temp_bsp/\libhal_bsp.a(alt_dev_llist_insert.o)
 .data          0x0000000001451544        0x0 ../humidity_temp_bsp/\libhal_bsp.a(alt_find_dev.o)
 .data          0x0000000001451544        0x0 ../humidity_temp_bsp/\libhal_bsp.a(alt_flash_dev.o)
 .data          0x0000000001451544        0x0 ../humidity_temp_bsp/\libhal_bsp.a(alt_icache_flush_all.o)
 .data          0x0000000001451544        0x0 ../humidity_temp_bsp/\libhal_bsp.a(alt_iic.o)
 .data          0x0000000001451544        0x0 ../humidity_temp_bsp/\libhal_bsp.a(alt_iic_isr_register.o)
 .data          0x0000000001451544        0x0 ../humidity_temp_bsp/\libhal_bsp.a(alt_io_redirect.o)
 .data          0x0000000001451544        0x0 ../humidity_temp_bsp/\libhal_bsp.a(alt_irq_entry.o)
 .data          0x0000000001451544        0x0 ../humidity_temp_bsp/\libhal_bsp.a(alt_irq_handler.o)
 .data          0x0000000001451544        0x0 ../humidity_temp_bsp/\libhal_bsp.a(alt_irq_vars.o)
 .data          0x0000000001451544        0x0 ../humidity_temp_bsp/\libhal_bsp.a(alt_open.o)
 .data          0x0000000001451544        0x0 ../humidity_temp_bsp/\libhal_bsp.a(alt_tick.o)
 .data          0x0000000001451544        0x0 ../humidity_temp_bsp/\libhal_bsp.a(altera_nios2_gen2_irq.o)
 .data          0x0000000001451544        0x0 ../humidity_temp_bsp/\libhal_bsp.a(alt_exception_entry.o)
 .data          0x0000000001451544        0x0 ../humidity_temp_bsp/\libhal_bsp.a(alt_find_file.o)
 .data          0x0000000001451544        0x0 ../humidity_temp_bsp/\libhal_bsp.a(alt_get_fd.o)
 .data          0x0000000001451544        0x0 ../humidity_temp_bsp/\libhal_bsp.a(alt_instruction_exception_entry.o)
 .data          0x0000000001451544        0x0 c:/altera/15.0.0.139/nios2eds/bin/gnu/h-x86_64-mingw32/bin/../lib/gcc/nios2-elf/4.9.1/../../../../../H-x86_64-mingw32/nios2-elf/lib/mno-hw-mul\libc.a(lib_a-exit.o)
 .data          0x0000000001451544        0x0 c:/altera/15.0.0.139/nios2eds/bin/gnu/h-x86_64-mingw32/bin/../lib/gcc/nios2-elf/4.9.1/../../../../../H-x86_64-mingw32/nios2-elf/lib/mno-hw-mul\libc.a(lib_a-memcmp.o)
 .data          0x0000000001451544        0x0 c:/altera/15.0.0.139/nios2eds/bin/gnu/h-x86_64-mingw32/bin/../lib/gcc/nios2-elf/4.9.1/../../../../../H-x86_64-mingw32/nios2-elf/lib/mno-hw-mul\libc.a(lib_a-__call_atexit.o)
 .data          0x0000000001451544        0x0 ../humidity_temp_bsp/\libhal_bsp.a(alt_exit.o)
                0x0000000001459544                _gp = ABSOLUTE ((. + 0x8000))
                0x0000000001459544                PROVIDE (gp, _gp)
 *(.rwdata .rwdata.*)
 *(.sdata .sdata.* .gnu.linkonce.s.*)
 .sdata         0x0000000001451544        0x8 c:/altera/15.0.0.139/nios2eds/bin/gnu/h-x86_64-mingw32/bin/../lib/gcc/nios2-elf/4.9.1/../../../../../H-x86_64-mingw32/nios2-elf/lib/mno-hw-mul\libc.a(lib_a-impure.o)
                0x0000000001451544                _global_impure_ptr
                0x0000000001451548                _impure_ptr
 .sdata         0x000000000145154c        0x4 c:/altera/15.0.0.139/nios2eds/bin/gnu/h-x86_64-mingw32/bin/../lib/gcc/nios2-elf/4.9.1/../../../../../H-x86_64-mingw32/nios2-elf/lib/mno-hw-mul\libc.a(lib_a-locale.o)
                0x000000000145154c                __mb_cur_max
 .sdata         0x0000000001451550        0x8 c:/altera/15.0.0.139/nios2eds/bin/gnu/h-x86_64-mingw32/bin/../lib/gcc/nios2-elf/4.9.1/../../../../../H-x86_64-mingw32/nios2-elf/lib/mno-hw-mul\libc.a(lib_a-mallocr.o)
                0x0000000001451550                __malloc_sbrk_base
                0x0000000001451554                __malloc_trim_threshold
 .sdata         0x0000000001451558        0x4 c:/altera/15.0.0.139/nios2eds/bin/gnu/h-x86_64-mingw32/bin/../lib/gcc/nios2-elf/4.9.1/../../../../../H-x86_64-mingw32/nios2-elf/lib/mno-hw-mul\libc.a(lib_a-wctomb_r.o)
                0x0000000001451558                __wctomb
 .sdata         0x000000000145155c       0x14 ../humidity_temp_bsp/\libhal_bsp.a(alt_dev.o)
                0x000000000145155c                alt_fs_list
                0x0000000001451564                alt_dev_list
                0x000000000145156c                alt_max_fd
 .sdata         0x0000000001451570        0x4 ../humidity_temp_bsp/\libhal_bsp.a(alt_errno.o)
                0x0000000001451570                alt_errno
 .sdata         0x0000000001451574        0x4 ../humidity_temp_bsp/\libhal_bsp.a(alt_sbrk.o)
 .sdata         0x0000000001451578        0x8 ../humidity_temp_bsp/\libhal_bsp.a(altera_modular_adc.o)
                0x0000000001451578                altera_modular_adc_list
 .sdata         0x0000000001451580        0x8 ../humidity_temp_bsp/\libhal_bsp.a(altera_onchip_flash.o)
                0x0000000001451580                altera_onchip_flash_list
 .sdata         0x0000000001451588        0x8 ../humidity_temp_bsp/\libhal_bsp.a(alt_flash_dev.o)
                0x0000000001451588                alt_flash_dev_list
 .sdata         0x0000000001451590        0x4 ../humidity_temp_bsp/\libhal_bsp.a(alt_irq_vars.o)
                0x0000000001451590                alt_priority_mask
 .sdata         0x0000000001451594        0x8 ../humidity_temp_bsp/\libhal_bsp.a(alt_tick.o)
                0x0000000001451594                alt_alarm_list
 *(.sdata2 .sdata2.* .gnu.linkonce.s2.*)
                0x000000000145159c                . = ALIGN (0x4)
                0x000000000145159c                _edata = ABSOLUTE (.)
                0x000000000145159c                PROVIDE (edata, ABSOLUTE (.))
                0x000000000145159c                PROVIDE (__ram_rwdata_end, ABSOLUTE (.))
                0x000000000145159c                PROVIDE (__flash_rwdata_start, LOADADDR (.rwdata))

.bss            0x00000000014521a8      0x160
                0x00000000014521a8                __bss_start = ABSOLUTE (.)
                0x00000000014521a8                PROVIDE (__sbss_start, ABSOLUTE (.))
                0x00000000014521a8                PROVIDE (___sbss_start, ABSOLUTE (.))
 *(.dynsbss)
 *(.sbss .sbss.* .gnu.linkonce.sb.*)
 .sbss          0x00000000014521a8        0xc c:/altera/15.0.0.139/nios2eds/bin/gnu/h-x86_64-mingw32/bin/../lib/gcc/nios2-elf/4.9.1/../../../../../H-x86_64-mingw32/nios2-elf/lib/mno-hw-mul\libc.a(lib_a-locale.o)
                0x00000000014521a8                _PathLocale
                0x00000000014521ac                __mlocale_changed
                0x00000000014521b0                __nlocale_changed
 .sbss          0x00000000014521b4        0xc c:/altera/15.0.0.139/nios2eds/bin/gnu/h-x86_64-mingw32/bin/../lib/gcc/nios2-elf/4.9.1/../../../../../H-x86_64-mingw32/nios2-elf/lib/mno-hw-mul\libc.a(lib_a-mallocr.o)
                0x00000000014521b4                __malloc_max_total_mem
                0x00000000014521b8                __malloc_max_sbrked_mem
                0x00000000014521bc                __malloc_top_pad
 .sbss          0x00000000014521c0        0x4 c:/altera/15.0.0.139/nios2eds/bin/gnu/h-x86_64-mingw32/bin/../lib/gcc/nios2-elf/4.9.1/../../../../../H-x86_64-mingw32/nios2-elf/lib/mno-hw-mul\libc.a(lib_a-int_errno.o)
                0x00000000014521c0                errno
 .sbss          0x00000000014521c4        0xc ../humidity_temp_bsp/\libhal_bsp.a(alt_main.o)
                0x00000000014521c4                alt_argc
                0x00000000014521c8                alt_argv
                0x00000000014521cc                alt_envp
 .sbss          0x00000000014521d0        0x4 ../humidity_temp_bsp/\libhal_bsp.a(alt_irq_vars.o)
                0x00000000014521d0                alt_irq_active
 .sbss          0x00000000014521d4        0x8 ../humidity_temp_bsp/\libhal_bsp.a(alt_tick.o)
                0x00000000014521d4                _alt_tick_rate
                0x00000000014521d8                _alt_nticks
 .sbss          0x00000000014521dc        0x4 ../humidity_temp_bsp/\libhal_bsp.a(alt_instruction_exception_entry.o)
                0x00000000014521dc                alt_instruction_exception_handler
 *(.sbss2 .sbss2.* .gnu.linkonce.sb2.*)
 *(.scommon)
                0x00000000014521e0                PROVIDE (__sbss_end, ABSOLUTE (.))
                0x00000000014521e0                PROVIDE (___sbss_end, ABSOLUTE (.))
 *(.dynbss)
 *(.bss .bss.* .gnu.linkonce.b.*)
 .bss           0x00000000014521e0        0x0 ../humidity_temp_bsp//obj/HAL/src/crt0.o
 .bss           0x00000000014521e0        0x0 obj/default/rh_temp.o
 .bss           0x00000000014521e0        0x0 c:/altera/15.0.0.139/nios2eds/bin/gnu/h-x86_64-mingw32/bin/../lib/gcc/nios2-elf/4.9.1/mno-hw-mul\libgcc.a(divdf3.o)
 .bss           0x00000000014521e0        0x0 c:/altera/15.0.0.139/nios2eds/bin/gnu/h-x86_64-mingw32/bin/../lib/gcc/nios2-elf/4.9.1/mno-hw-mul\libgcc.a(muldf3.o)
 .bss           0x00000000014521e0        0x0 c:/altera/15.0.0.139/nios2eds/bin/gnu/h-x86_64-mingw32/bin/../lib/gcc/nios2-elf/4.9.1/mno-hw-mul\libgcc.a(subdf3.o)
 .bss           0x00000000014521e0        0x0 c:/altera/15.0.0.139/nios2eds/bin/gnu/h-x86_64-mingw32/bin/../lib/gcc/nios2-elf/4.9.1/mno-hw-mul\libgcc.a(floatsidf.o)
 .bss           0x00000000014521e0        0x0 c:/altera/15.0.0.139/nios2eds/bin/gnu/h-x86_64-mingw32/bin/../lib/gcc/nios2-elf/4.9.1/mno-hw-mul\libgcc.a(_clzsi2.o)
 .bss           0x00000000014521e0        0x0 c:/altera/15.0.0.139/nios2eds/bin/gnu/h-x86_64-mingw32/bin/../lib/gcc/nios2-elf/4.9.1/mno-hw-mul\libgcc.a(lib2-divmod.o)
 .bss           0x00000000014521e0        0x0 c:/altera/15.0.0.139/nios2eds/bin/gnu/h-x86_64-mingw32/bin/../lib/gcc/nios2-elf/4.9.1/mno-hw-mul\libgcc.a(lib2-mul.o)
 .bss           0x00000000014521e0        0x0 c:/altera/15.0.0.139/nios2eds/bin/gnu/h-x86_64-mingw32/bin/../lib/gcc/nios2-elf/4.9.1/mno-hw-mul\libgcc.a(_clz.o)
 .bss           0x00000000014521e0        0x0 c:/altera/15.0.0.139/nios2eds/bin/gnu/h-x86_64-mingw32/bin/../lib/gcc/nios2-elf/4.9.1/../../../../../H-x86_64-mingw32/nios2-elf/lib/mno-hw-mul\libc.a(lib_a-printf.o)
 .bss           0x00000000014521e0        0x0 c:/altera/15.0.0.139/nios2eds/bin/gnu/h-x86_64-mingw32/bin/../lib/gcc/nios2-elf/4.9.1/../../../../../H-x86_64-mingw32/nios2-elf/lib/mno-hw-mul\libc.a(lib_a-puts.o)
 .bss           0x00000000014521e0        0x0 c:/altera/15.0.0.139/nios2eds/bin/gnu/h-x86_64-mingw32/bin/../lib/gcc/nios2-elf/4.9.1/../../../../../H-x86_64-mingw32/nios2-elf/lib/mno-hw-mul\libc.a(lib_a-strlen.o)
 .bss           0x00000000014521e0        0x0 c:/altera/15.0.0.139/nios2eds/bin/gnu/h-x86_64-mingw32/bin/../lib/gcc/nios2-elf/4.9.1/../../../../../H-x86_64-mingw32/nios2-elf/lib/mno-hw-mul\libc.a(lib_a-vfprintf.o)
 .bss           0x00000000014521e0        0x0 c:/altera/15.0.0.139/nios2eds/bin/gnu/h-x86_64-mingw32/bin/../lib/gcc/nios2-elf/4.9.1/../../../../../H-x86_64-mingw32/nios2-elf/lib/mno-hw-mul\libc.a(lib_a-wsetup.o)
 .bss           0x00000000014521e0        0x0 c:/altera/15.0.0.139/nios2eds/bin/gnu/h-x86_64-mingw32/bin/../lib/gcc/nios2-elf/4.9.1/../../../../../H-x86_64-mingw32/nios2-elf/lib/mno-hw-mul\libc.a(lib_a-dtoa.o)
 .bss           0x00000000014521e0        0x0 c:/altera/15.0.0.139/nios2eds/bin/gnu/h-x86_64-mingw32/bin/../lib/gcc/nios2-elf/4.9.1/../../../../../H-x86_64-mingw32/nios2-elf/lib/mno-hw-mul\libc.a(lib_a-fflush.o)
 .bss           0x00000000014521e0        0x0 c:/altera/15.0.0.139/nios2eds/bin/gnu/h-x86_64-mingw32/bin/../lib/gcc/nios2-elf/4.9.1/../../../../../H-x86_64-mingw32/nios2-elf/lib/mno-hw-mul\libc.a(lib_a-findfp.o)
 .bss           0x00000000014521e0        0x0 c:/altera/15.0.0.139/nios2eds/bin/gnu/h-x86_64-mingw32/bin/../lib/gcc/nios2-elf/4.9.1/../../../../../H-x86_64-mingw32/nios2-elf/lib/mno-hw-mul\libc.a(lib_a-freer.o)
 .bss           0x00000000014521e0        0x0 c:/altera/15.0.0.139/nios2eds/bin/gnu/h-x86_64-mingw32/bin/../lib/gcc/nios2-elf/4.9.1/../../../../../H-x86_64-mingw32/nios2-elf/lib/mno-hw-mul\libc.a(lib_a-fvwrite.o)
 .bss           0x00000000014521e0        0x0 c:/altera/15.0.0.139/nios2eds/bin/gnu/h-x86_64-mingw32/bin/../lib/gcc/nios2-elf/4.9.1/../../../../../H-x86_64-mingw32/nios2-elf/lib/mno-hw-mul\libc.a(lib_a-fwalk.o)
 .bss           0x00000000014521e0        0x0 c:/altera/15.0.0.139/nios2eds/bin/gnu/h-x86_64-mingw32/bin/../lib/gcc/nios2-elf/4.9.1/../../../../../H-x86_64-mingw32/nios2-elf/lib/mno-hw-mul\libc.a(lib_a-impure.o)
 .bss           0x00000000014521e0        0x0 c:/altera/15.0.0.139/nios2eds/bin/gnu/h-x86_64-mingw32/bin/../lib/gcc/nios2-elf/4.9.1/../../../../../H-x86_64-mingw32/nios2-elf/lib/mno-hw-mul\libc.a(lib_a-locale.o)
 .bss           0x00000000014521e0        0x0 c:/altera/15.0.0.139/nios2eds/bin/gnu/h-x86_64-mingw32/bin/../lib/gcc/nios2-elf/4.9.1/../../../../../H-x86_64-mingw32/nios2-elf/lib/mno-hw-mul\libc.a(lib_a-makebuf.o)
 .bss           0x00000000014521e0       0x28 c:/altera/15.0.0.139/nios2eds/bin/gnu/h-x86_64-mingw32/bin/../lib/gcc/nios2-elf/4.9.1/../../../../../H-x86_64-mingw32/nios2-elf/lib/mno-hw-mul\libc.a(lib_a-mallocr.o)
                0x00000000014521e0                __malloc_current_mallinfo
 .bss           0x0000000001452208        0x0 c:/altera/15.0.0.139/nios2eds/bin/gnu/h-x86_64-mingw32/bin/../lib/gcc/nios2-elf/4.9.1/../../../../../H-x86_64-mingw32/nios2-elf/lib/mno-hw-mul\libc.a(lib_a-memchr.o)
 .bss           0x0000000001452208        0x0 c:/altera/15.0.0.139/nios2eds/bin/gnu/h-x86_64-mingw32/bin/../lib/gcc/nios2-elf/4.9.1/../../../../../H-x86_64-mingw32/nios2-elf/lib/mno-hw-mul\libc.a(lib_a-memcpy.o)
 .bss           0x0000000001452208        0x0 c:/altera/15.0.0.139/nios2eds/bin/gnu/h-x86_64-mingw32/bin/../lib/gcc/nios2-elf/4.9.1/../../../../../H-x86_64-mingw32/nios2-elf/lib/mno-hw-mul\libc.a(lib_a-memmove.o)
 .bss           0x0000000001452208        0x0 c:/altera/15.0.0.139/nios2eds/bin/gnu/h-x86_64-mingw32/bin/../lib/gcc/nios2-elf/4.9.1/../../../../../H-x86_64-mingw32/nios2-elf/lib/mno-hw-mul\libc.a(lib_a-memset.o)
 .bss           0x0000000001452208        0x0 c:/altera/15.0.0.139/nios2eds/bin/gnu/h-x86_64-mingw32/bin/../lib/gcc/nios2-elf/4.9.1/../../../../../H-x86_64-mingw32/nios2-elf/lib/mno-hw-mul\libc.a(lib_a-mprec.o)
 .bss           0x0000000001452208        0x0 c:/altera/15.0.0.139/nios2eds/bin/gnu/h-x86_64-mingw32/bin/../lib/gcc/nios2-elf/4.9.1/../../../../../H-x86_64-mingw32/nios2-elf/lib/mno-hw-mul\libc.a(lib_a-reallocr.o)
 .bss           0x0000000001452208        0x0 c:/altera/15.0.0.139/nios2eds/bin/gnu/h-x86_64-mingw32/bin/../lib/gcc/nios2-elf/4.9.1/../../../../../H-x86_64-mingw32/nios2-elf/lib/mno-hw-mul\libc.a(lib_a-s_fpclassify.o)
 .bss           0x0000000001452208        0x0 c:/altera/15.0.0.139/nios2eds/bin/gnu/h-x86_64-mingw32/bin/../lib/gcc/nios2-elf/4.9.1/../../../../../H-x86_64-mingw32/nios2-elf/lib/mno-hw-mul\libc.a(lib_a-sbrkr.o)
 .bss           0x0000000001452208        0x0 c:/altera/15.0.0.139/nios2eds/bin/gnu/h-x86_64-mingw32/bin/../lib/gcc/nios2-elf/4.9.1/../../../../../H-x86_64-mingw32/nios2-elf/lib/mno-hw-mul\libc.a(lib_a-stdio.o)
 .bss           0x0000000001452208        0x0 c:/altera/15.0.0.139/nios2eds/bin/gnu/h-x86_64-mingw32/bin/../lib/gcc/nios2-elf/4.9.1/../../../../../H-x86_64-mingw32/nios2-elf/lib/mno-hw-mul\libc.a(lib_a-strcmp.o)
 .bss           0x0000000001452208        0x0 c:/altera/15.0.0.139/nios2eds/bin/gnu/h-x86_64-mingw32/bin/../lib/gcc/nios2-elf/4.9.1/../../../../../H-x86_64-mingw32/nios2-elf/lib/mno-hw-mul\libc.a(lib_a-vfiprintf.o)
 .bss           0x0000000001452208        0x0 c:/altera/15.0.0.139/nios2eds/bin/gnu/h-x86_64-mingw32/bin/../lib/gcc/nios2-elf/4.9.1/../../../../../H-x86_64-mingw32/nios2-elf/lib/mno-hw-mul\libc.a(lib_a-writer.o)
 .bss           0x0000000001452208        0x0 c:/altera/15.0.0.139/nios2eds/bin/gnu/h-x86_64-mingw32/bin/../lib/gcc/nios2-elf/4.9.1/../../../../../H-x86_64-mingw32/nios2-elf/lib/mno-hw-mul\libc.a(closer.o)
 .bss           0x0000000001452208        0x0 c:/altera/15.0.0.139/nios2eds/bin/gnu/h-x86_64-mingw32/bin/../lib/gcc/nios2-elf/4.9.1/../../../../../H-x86_64-mingw32/nios2-elf/lib/mno-hw-mul\libc.a(lib_a-callocr.o)
 .bss           0x0000000001452208        0x0 c:/altera/15.0.0.139/nios2eds/bin/gnu/h-x86_64-mingw32/bin/../lib/gcc/nios2-elf/4.9.1/../../../../../H-x86_64-mingw32/nios2-elf/lib/mno-hw-mul\libc.a(lib_a-fclose.o)
 .bss           0x0000000001452208        0x0 c:/altera/15.0.0.139/nios2eds/bin/gnu/h-x86_64-mingw32/bin/../lib/gcc/nios2-elf/4.9.1/../../../../../H-x86_64-mingw32/nios2-elf/lib/mno-hw-mul\libc.a(lib_a-fputwc.o)
 .bss           0x0000000001452208        0x0 c:/altera/15.0.0.139/nios2eds/bin/gnu/h-x86_64-mingw32/bin/../lib/gcc/nios2-elf/4.9.1/../../../../../H-x86_64-mingw32/nios2-elf/lib/mno-hw-mul\libc.a(lib_a-fstatr.o)
 .bss           0x0000000001452208        0x0 c:/altera/15.0.0.139/nios2eds/bin/gnu/h-x86_64-mingw32/bin/../lib/gcc/nios2-elf/4.9.1/../../../../../H-x86_64-mingw32/nios2-elf/lib/mno-hw-mul\libc.a(lib_a-int_errno.o)
 .bss           0x0000000001452208        0x0 c:/altera/15.0.0.139/nios2eds/bin/gnu/h-x86_64-mingw32/bin/../lib/gcc/nios2-elf/4.9.1/../../../../../H-x86_64-mingw32/nios2-elf/lib/mno-hw-mul\libc.a(lib_a-isattyr.o)
 .bss           0x0000000001452208        0x0 c:/altera/15.0.0.139/nios2eds/bin/gnu/h-x86_64-mingw32/bin/../lib/gcc/nios2-elf/4.9.1/../../../../../H-x86_64-mingw32/nios2-elf/lib/mno-hw-mul\libc.a(lib_a-lseekr.o)
 .bss           0x0000000001452208        0x0 c:/altera/15.0.0.139/nios2eds/bin/gnu/h-x86_64-mingw32/bin/../lib/gcc/nios2-elf/4.9.1/../../../../../H-x86_64-mingw32/nios2-elf/lib/mno-hw-mul\libc.a(lib_a-readr.o)
 .bss           0x0000000001452208        0x0 c:/altera/15.0.0.139/nios2eds/bin/gnu/h-x86_64-mingw32/bin/../lib/gcc/nios2-elf/4.9.1/../../../../../H-x86_64-mingw32/nios2-elf/lib/mno-hw-mul\libc.a(lib_a-wbuf.o)
 .bss           0x0000000001452208        0x0 c:/altera/15.0.0.139/nios2eds/bin/gnu/h-x86_64-mingw32/bin/../lib/gcc/nios2-elf/4.9.1/../../../../../H-x86_64-mingw32/nios2-elf/lib/mno-hw-mul\libc.a(lib_a-wcrtomb.o)
 .bss           0x0000000001452208        0x0 c:/altera/15.0.0.139/nios2eds/bin/gnu/h-x86_64-mingw32/bin/../lib/gcc/nios2-elf/4.9.1/../../../../../H-x86_64-mingw32/nios2-elf/lib/mno-hw-mul\libc.a(lib_a-wctomb_r.o)
 .bss           0x0000000001452208        0x0 c:/altera/15.0.0.139/nios2eds/bin/gnu/h-x86_64-mingw32/bin/../lib/gcc/nios2-elf/4.9.1/mno-hw-mul\libgcc.a(_udivdi3.o)
 .bss           0x0000000001452208        0x0 c:/altera/15.0.0.139/nios2eds/bin/gnu/h-x86_64-mingw32/bin/../lib/gcc/nios2-elf/4.9.1/mno-hw-mul\libgcc.a(_umoddi3.o)
 .bss           0x0000000001452208        0x0 c:/altera/15.0.0.139/nios2eds/bin/gnu/h-x86_64-mingw32/bin/../lib/gcc/nios2-elf/4.9.1/mno-hw-mul\libgcc.a(adddf3.o)
 .bss           0x0000000001452208        0x0 c:/altera/15.0.0.139/nios2eds/bin/gnu/h-x86_64-mingw32/bin/../lib/gcc/nios2-elf/4.9.1/mno-hw-mul\libgcc.a(eqdf2.o)
 .bss           0x0000000001452208        0x0 c:/altera/15.0.0.139/nios2eds/bin/gnu/h-x86_64-mingw32/bin/../lib/gcc/nios2-elf/4.9.1/mno-hw-mul\libgcc.a(gedf2.o)
 .bss           0x0000000001452208        0x0 c:/altera/15.0.0.139/nios2eds/bin/gnu/h-x86_64-mingw32/bin/../lib/gcc/nios2-elf/4.9.1/mno-hw-mul\libgcc.a(ledf2.o)
 .bss           0x0000000001452208        0x0 c:/altera/15.0.0.139/nios2eds/bin/gnu/h-x86_64-mingw32/bin/../lib/gcc/nios2-elf/4.9.1/mno-hw-mul\libgcc.a(fixdfsi.o)
 .bss           0x0000000001452208        0x0 c:/altera/15.0.0.139/nios2eds/bin/gnu/h-x86_64-mingw32/bin/../lib/gcc/nios2-elf/4.9.1/mno-hw-mul\libgcc.a(floatunsidf.o)
 .bss           0x0000000001452208        0x0 ../humidity_temp_bsp/\libhal_bsp.a(alt_close.o)
 .bss           0x0000000001452208        0x0 ../humidity_temp_bsp/\libhal_bsp.a(alt_dev.o)
 .bss           0x0000000001452208        0x0 ../humidity_temp_bsp/\libhal_bsp.a(alt_errno.o)
 .bss           0x0000000001452208        0x0 ../humidity_temp_bsp/\libhal_bsp.a(alt_fstat.o)
 .bss           0x0000000001452208        0x0 ../humidity_temp_bsp/\libhal_bsp.a(alt_isatty.o)
 .bss           0x0000000001452208        0x0 ../humidity_temp_bsp/\libhal_bsp.a(alt_load.o)
 .bss           0x0000000001452208        0x0 ../humidity_temp_bsp/\libhal_bsp.a(alt_lseek.o)
 .bss           0x0000000001452208        0x0 ../humidity_temp_bsp/\libhal_bsp.a(alt_main.o)
 .bss           0x0000000001452208        0x0 ../humidity_temp_bsp/\libhal_bsp.a(alt_malloc_lock.o)
 .bss           0x0000000001452208        0x0 ../humidity_temp_bsp/\libhal_bsp.a(alt_read.o)
 .bss           0x0000000001452208        0x0 ../humidity_temp_bsp/\libhal_bsp.a(alt_release_fd.o)
 .bss           0x0000000001452208        0x0 ../humidity_temp_bsp/\libhal_bsp.a(alt_sbrk.o)
 .bss           0x0000000001452208        0x0 ../humidity_temp_bsp/\libhal_bsp.a(alt_write.o)
 .bss           0x0000000001452208        0x0 ../humidity_temp_bsp/\libhal_bsp.a(alt_sys_init.o)
 .bss           0x0000000001452208        0x0 ../humidity_temp_bsp/\libhal_bsp.a(altera_avalon_jtag_uart_fd.o)
 .bss           0x0000000001452208        0x0 ../humidity_temp_bsp/\libhal_bsp.a(altera_avalon_jtag_uart_read.o)
 .bss           0x0000000001452208        0x0 ../humidity_temp_bsp/\libhal_bsp.a(altera_avalon_jtag_uart_write.o)
 .bss           0x0000000001452208        0x0 ../humidity_temp_bsp/\libhal_bsp.a(altera_avalon_timer_sc.o)
 .bss           0x0000000001452208        0x0 ../humidity_temp_bsp/\libhal_bsp.a(altera_modular_adc.o)
 .bss           0x0000000001452208        0x0 ../humidity_temp_bsp/\libhal_bsp.a(altera_onchip_flash.o)
 .bss           0x0000000001452208        0x0 ../humidity_temp_bsp/\libhal_bsp.a(i2c_opencores.o)
 .bss           0x0000000001452208        0x0 ../humidity_temp_bsp/\libhal_bsp.a(alt_dcache_flush.o)
 .bss           0x0000000001452208        0x0 ../humidity_temp_bsp/\libhal_bsp.a(alt_dcache_flush_all.o)
 .bss           0x0000000001452208        0x0 ../humidity_temp_bsp/\libhal_bsp.a(alt_dev_llist_insert.o)
 .bss           0x0000000001452208        0x0 ../humidity_temp_bsp/\libhal_bsp.a(alt_find_dev.o)
 .bss           0x0000000001452208        0x0 ../humidity_temp_bsp/\libhal_bsp.a(alt_flash_dev.o)
 .bss           0x0000000001452208        0x0 ../humidity_temp_bsp/\libhal_bsp.a(alt_icache_flush_all.o)
 .bss           0x0000000001452208        0x0 ../humidity_temp_bsp/\libhal_bsp.a(alt_iic.o)
 .bss           0x0000000001452208        0x0 ../humidity_temp_bsp/\libhal_bsp.a(alt_iic_isr_register.o)
 .bss           0x0000000001452208        0x0 ../humidity_temp_bsp/\libhal_bsp.a(alt_io_redirect.o)
 .bss           0x0000000001452208        0x0 ../humidity_temp_bsp/\libhal_bsp.a(alt_irq_entry.o)
 .bss           0x0000000001452208        0x0 ../humidity_temp_bsp/\libhal_bsp.a(alt_irq_handler.o)
 .bss           0x0000000001452208        0x0 ../humidity_temp_bsp/\libhal_bsp.a(alt_irq_vars.o)
 .bss           0x0000000001452208        0x0 ../humidity_temp_bsp/\libhal_bsp.a(alt_open.o)
 .bss           0x0000000001452208        0x0 ../humidity_temp_bsp/\libhal_bsp.a(alt_tick.o)
 .bss           0x0000000001452208        0x0 ../humidity_temp_bsp/\libhal_bsp.a(altera_nios2_gen2_irq.o)
 .bss           0x0000000001452208        0x0 ../humidity_temp_bsp/\libhal_bsp.a(alt_exception_entry.o)
 .bss           0x0000000001452208        0x0 ../humidity_temp_bsp/\libhal_bsp.a(alt_find_file.o)
 .bss           0x0000000001452208        0x0 ../humidity_temp_bsp/\libhal_bsp.a(alt_get_fd.o)
 .bss           0x0000000001452208        0x0 ../humidity_temp_bsp/\libhal_bsp.a(alt_instruction_exception_entry.o)
 .bss           0x0000000001452208        0x0 c:/altera/15.0.0.139/nios2eds/bin/gnu/h-x86_64-mingw32/bin/../lib/gcc/nios2-elf/4.9.1/../../../../../H-x86_64-mingw32/nios2-elf/lib/mno-hw-mul\libc.a(lib_a-exit.o)
 .bss           0x0000000001452208        0x0 c:/altera/15.0.0.139/nios2eds/bin/gnu/h-x86_64-mingw32/bin/../lib/gcc/nios2-elf/4.9.1/../../../../../H-x86_64-mingw32/nios2-elf/lib/mno-hw-mul\libc.a(lib_a-memcmp.o)
 .bss           0x0000000001452208        0x0 c:/altera/15.0.0.139/nios2eds/bin/gnu/h-x86_64-mingw32/bin/../lib/gcc/nios2-elf/4.9.1/../../../../../H-x86_64-mingw32/nios2-elf/lib/mno-hw-mul\libc.a(lib_a-__call_atexit.o)
 .bss           0x0000000001452208        0x0 ../humidity_temp_bsp/\libhal_bsp.a(alt_exit.o)
 *(COMMON)
 COMMON         0x0000000001452208      0x100 ../humidity_temp_bsp/\libhal_bsp.a(alt_irq_handler.o)
                0x0000000001452208                alt_irq
                0x0000000001452308                . = ALIGN (0x4)
                0x0000000001452308                __bss_end = ABSOLUTE (.)

.ufm_flash_data
                0x0000000001200000        0x0 load address 0x0000000001452308
                0x0000000001200000                PROVIDE (_alt_partition_ufm_flash_data_start, ABSOLUTE (.))
 *(.ufm_flash_data .ufm_flash_data. ufm_flash_data.*)
                0x0000000001200000                . = ALIGN (0x4)
                0x0000000001200000                PROVIDE (_alt_partition_ufm_flash_data_end, ABSOLUTE (.))
                0x0000000001452308                PROVIDE (_alt_partition_ufm_flash_data_load_addr, LOADADDR (.ufm_flash_data))

.onchip_ram     0x0000000001452308        0x0
                0x0000000001452308                PROVIDE (_alt_partition_onchip_ram_start, ABSOLUTE (.))
 *(.onchip_ram .onchip_ram. onchip_ram.*)
                0x0000000001452308                . = ALIGN (0x4)
                0x0000000001452308                PROVIDE (_alt_partition_onchip_ram_end, ABSOLUTE (.))
                0x0000000001452308                _end = ABSOLUTE (.)
                0x0000000001452308                end = ABSOLUTE (.)
                0x0000000001452308                __alt_stack_base = ABSOLUTE (.)
                0x0000000001452308                PROVIDE (_alt_partition_onchip_ram_load_addr, LOADADDR (.onchip_ram))

.stab
 *(.stab)

.stabstr
 *(.stabstr)

.stab.excl
 *(.stab.excl)

.stab.exclstr
 *(.stab.exclstr)

.stab.index
 *(.stab.index)

.stab.indexstr
 *(.stab.indexstr)

.comment        0x0000000000000000       0x23
 *(.comment)
 .comment       0x0000000000000000       0x23 obj/default/rh_temp.o
                                         0x24 (size before relaxing)
 .comment       0x0000000000000000       0x24 c:/altera/15.0.0.139/nios2eds/bin/gnu/h-x86_64-mingw32/bin/../lib/gcc/nios2-elf/4.9.1/mno-hw-mul\libgcc.a(divdf3.o)
 .comment       0x0000000000000000       0x24 c:/altera/15.0.0.139/nios2eds/bin/gnu/h-x86_64-mingw32/bin/../lib/gcc/nios2-elf/4.9.1/mno-hw-mul\libgcc.a(muldf3.o)
 .comment       0x0000000000000000       0x24 c:/altera/15.0.0.139/nios2eds/bin/gnu/h-x86_64-mingw32/bin/../lib/gcc/nios2-elf/4.9.1/mno-hw-mul\libgcc.a(subdf3.o)
 .comment       0x0000000000000000       0x24 c:/altera/15.0.0.139/nios2eds/bin/gnu/h-x86_64-mingw32/bin/../lib/gcc/nios2-elf/4.9.1/mno-hw-mul\libgcc.a(floatsidf.o)
 .comment       0x0000000000000000       0x24 c:/altera/15.0.0.139/nios2eds/bin/gnu/h-x86_64-mingw32/bin/../lib/gcc/nios2-elf/4.9.1/mno-hw-mul\libgcc.a(_clzsi2.o)
 .comment       0x0000000000000000       0x24 c:/altera/15.0.0.139/nios2eds/bin/gnu/h-x86_64-mingw32/bin/../lib/gcc/nios2-elf/4.9.1/mno-hw-mul\libgcc.a(lib2-divmod.o)
 .comment       0x0000000000000000       0x24 c:/altera/15.0.0.139/nios2eds/bin/gnu/h-x86_64-mingw32/bin/../lib/gcc/nios2-elf/4.9.1/mno-hw-mul\libgcc.a(lib2-mul.o)
 .comment       0x0000000000000000       0x24 c:/altera/15.0.0.139/nios2eds/bin/gnu/h-x86_64-mingw32/bin/../lib/gcc/nios2-elf/4.9.1/mno-hw-mul\libgcc.a(_clz.o)
 .comment       0x0000000000000000       0x24 c:/altera/15.0.0.139/nios2eds/bin/gnu/h-x86_64-mingw32/bin/../lib/gcc/nios2-elf/4.9.1/../../../../../H-x86_64-mingw32/nios2-elf/lib/mno-hw-mul\libc.a(lib_a-printf.o)
 .comment       0x0000000000000000       0x24 c:/altera/15.0.0.139/nios2eds/bin/gnu/h-x86_64-mingw32/bin/../lib/gcc/nios2-elf/4.9.1/../../../../../H-x86_64-mingw32/nios2-elf/lib/mno-hw-mul\libc.a(lib_a-puts.o)
 .comment       0x0000000000000000       0x24 c:/altera/15.0.0.139/nios2eds/bin/gnu/h-x86_64-mingw32/bin/../lib/gcc/nios2-elf/4.9.1/../../../../../H-x86_64-mingw32/nios2-elf/lib/mno-hw-mul\libc.a(lib_a-strlen.o)
 .comment       0x0000000000000000       0x24 c:/altera/15.0.0.139/nios2eds/bin/gnu/h-x86_64-mingw32/bin/../lib/gcc/nios2-elf/4.9.1/../../../../../H-x86_64-mingw32/nios2-elf/lib/mno-hw-mul\libc.a(lib_a-vfprintf.o)
 .comment       0x0000000000000000       0x24 c:/altera/15.0.0.139/nios2eds/bin/gnu/h-x86_64-mingw32/bin/../lib/gcc/nios2-elf/4.9.1/../../../../../H-x86_64-mingw32/nios2-elf/lib/mno-hw-mul\libc.a(lib_a-wsetup.o)
 .comment       0x0000000000000000       0x24 c:/altera/15.0.0.139/nios2eds/bin/gnu/h-x86_64-mingw32/bin/../lib/gcc/nios2-elf/4.9.1/../../../../../H-x86_64-mingw32/nios2-elf/lib/mno-hw-mul\libc.a(lib_a-dtoa.o)
 .comment       0x0000000000000000       0x24 c:/altera/15.0.0.139/nios2eds/bin/gnu/h-x86_64-mingw32/bin/../lib/gcc/nios2-elf/4.9.1/../../../../../H-x86_64-mingw32/nios2-elf/lib/mno-hw-mul\libc.a(lib_a-fflush.o)
 .comment       0x0000000000000000       0x24 c:/altera/15.0.0.139/nios2eds/bin/gnu/h-x86_64-mingw32/bin/../lib/gcc/nios2-elf/4.9.1/../../../../../H-x86_64-mingw32/nios2-elf/lib/mno-hw-mul\libc.a(lib_a-findfp.o)
 .comment       0x0000000000000000       0x24 c:/altera/15.0.0.139/nios2eds/bin/gnu/h-x86_64-mingw32/bin/../lib/gcc/nios2-elf/4.9.1/../../../../../H-x86_64-mingw32/nios2-elf/lib/mno-hw-mul\libc.a(lib_a-freer.o)
 .comment       0x0000000000000000       0x24 c:/altera/15.0.0.139/nios2eds/bin/gnu/h-x86_64-mingw32/bin/../lib/gcc/nios2-elf/4.9.1/../../../../../H-x86_64-mingw32/nios2-elf/lib/mno-hw-mul\libc.a(lib_a-fvwrite.o)
 .comment       0x0000000000000000       0x24 c:/altera/15.0.0.139/nios2eds/bin/gnu/h-x86_64-mingw32/bin/../lib/gcc/nios2-elf/4.9.1/../../../../../H-x86_64-mingw32/nios2-elf/lib/mno-hw-mul\libc.a(lib_a-fwalk.o)
 .comment       0x0000000000000000       0x24 c:/altera/15.0.0.139/nios2eds/bin/gnu/h-x86_64-mingw32/bin/../lib/gcc/nios2-elf/4.9.1/../../../../../H-x86_64-mingw32/nios2-elf/lib/mno-hw-mul\libc.a(lib_a-impure.o)
 .comment       0x0000000000000000       0x24 c:/altera/15.0.0.139/nios2eds/bin/gnu/h-x86_64-mingw32/bin/../lib/gcc/nios2-elf/4.9.1/../../../../../H-x86_64-mingw32/nios2-elf/lib/mno-hw-mul\libc.a(lib_a-locale.o)
 .comment       0x0000000000000000       0x24 c:/altera/15.0.0.139/nios2eds/bin/gnu/h-x86_64-mingw32/bin/../lib/gcc/nios2-elf/4.9.1/../../../../../H-x86_64-mingw32/nios2-elf/lib/mno-hw-mul\libc.a(lib_a-makebuf.o)
 .comment       0x0000000000000000       0x24 c:/altera/15.0.0.139/nios2eds/bin/gnu/h-x86_64-mingw32/bin/../lib/gcc/nios2-elf/4.9.1/../../../../../H-x86_64-mingw32/nios2-elf/lib/mno-hw-mul\libc.a(lib_a-mallocr.o)
 .comment       0x0000000000000000       0x24 c:/altera/15.0.0.139/nios2eds/bin/gnu/h-x86_64-mingw32/bin/../lib/gcc/nios2-elf/4.9.1/../../../../../H-x86_64-mingw32/nios2-elf/lib/mno-hw-mul\libc.a(lib_a-memchr.o)
 .comment       0x0000000000000000       0x24 c:/altera/15.0.0.139/nios2eds/bin/gnu/h-x86_64-mingw32/bin/../lib/gcc/nios2-elf/4.9.1/../../../../../H-x86_64-mingw32/nios2-elf/lib/mno-hw-mul\libc.a(lib_a-memcpy.o)
 .comment       0x0000000000000000       0x24 c:/altera/15.0.0.139/nios2eds/bin/gnu/h-x86_64-mingw32/bin/../lib/gcc/nios2-elf/4.9.1/../../../../../H-x86_64-mingw32/nios2-elf/lib/mno-hw-mul\libc.a(lib_a-memmove.o)
 .comment       0x0000000000000000       0x24 c:/altera/15.0.0.139/nios2eds/bin/gnu/h-x86_64-mingw32/bin/../lib/gcc/nios2-elf/4.9.1/../../../../../H-x86_64-mingw32/nios2-elf/lib/mno-hw-mul\libc.a(lib_a-memset.o)
 .comment       0x0000000000000000       0x24 c:/altera/15.0.0.139/nios2eds/bin/gnu/h-x86_64-mingw32/bin/../lib/gcc/nios2-elf/4.9.1/../../../../../H-x86_64-mingw32/nios2-elf/lib/mno-hw-mul\libc.a(lib_a-mprec.o)
 .comment       0x0000000000000000       0x24 c:/altera/15.0.0.139/nios2eds/bin/gnu/h-x86_64-mingw32/bin/../lib/gcc/nios2-elf/4.9.1/../../../../../H-x86_64-mingw32/nios2-elf/lib/mno-hw-mul\libc.a(lib_a-reallocr.o)
 .comment       0x0000000000000000       0x24 c:/altera/15.0.0.139/nios2eds/bin/gnu/h-x86_64-mingw32/bin/../lib/gcc/nios2-elf/4.9.1/../../../../../H-x86_64-mingw32/nios2-elf/lib/mno-hw-mul\libc.a(lib_a-s_fpclassify.o)
 .comment       0x0000000000000000       0x24 c:/altera/15.0.0.139/nios2eds/bin/gnu/h-x86_64-mingw32/bin/../lib/gcc/nios2-elf/4.9.1/../../../../../H-x86_64-mingw32/nios2-elf/lib/mno-hw-mul\libc.a(lib_a-sbrkr.o)
 .comment       0x0000000000000000       0x24 c:/altera/15.0.0.139/nios2eds/bin/gnu/h-x86_64-mingw32/bin/../lib/gcc/nios2-elf/4.9.1/../../../../../H-x86_64-mingw32/nios2-elf/lib/mno-hw-mul\libc.a(lib_a-stdio.o)
 .comment       0x0000000000000000       0x24 c:/altera/15.0.0.139/nios2eds/bin/gnu/h-x86_64-mingw32/bin/../lib/gcc/nios2-elf/4.9.1/../../../../../H-x86_64-mingw32/nios2-elf/lib/mno-hw-mul\libc.a(lib_a-strcmp.o)
 .comment       0x0000000000000000       0x24 c:/altera/15.0.0.139/nios2eds/bin/gnu/h-x86_64-mingw32/bin/../lib/gcc/nios2-elf/4.9.1/../../../../../H-x86_64-mingw32/nios2-elf/lib/mno-hw-mul\libc.a(lib_a-vfiprintf.o)
 .comment       0x0000000000000000       0x24 c:/altera/15.0.0.139/nios2eds/bin/gnu/h-x86_64-mingw32/bin/../lib/gcc/nios2-elf/4.9.1/../../../../../H-x86_64-mingw32/nios2-elf/lib/mno-hw-mul\libc.a(lib_a-writer.o)
 .comment       0x0000000000000000       0x24 c:/altera/15.0.0.139/nios2eds/bin/gnu/h-x86_64-mingw32/bin/../lib/gcc/nios2-elf/4.9.1/../../../../../H-x86_64-mingw32/nios2-elf/lib/mno-hw-mul\libc.a(closer.o)
 .comment       0x0000000000000000       0x24 c:/altera/15.0.0.139/nios2eds/bin/gnu/h-x86_64-mingw32/bin/../lib/gcc/nios2-elf/4.9.1/../../../../../H-x86_64-mingw32/nios2-elf/lib/mno-hw-mul\libc.a(lib_a-callocr.o)
 .comment       0x0000000000000000       0x24 c:/altera/15.0.0.139/nios2eds/bin/gnu/h-x86_64-mingw32/bin/../lib/gcc/nios2-elf/4.9.1/../../../../../H-x86_64-mingw32/nios2-elf/lib/mno-hw-mul\libc.a(lib_a-fclose.o)
 .comment       0x0000000000000000       0x24 c:/altera/15.0.0.139/nios2eds/bin/gnu/h-x86_64-mingw32/bin/../lib/gcc/nios2-elf/4.9.1/../../../../../H-x86_64-mingw32/nios2-elf/lib/mno-hw-mul\libc.a(lib_a-fputwc.o)
 .comment       0x0000000000000000       0x24 c:/altera/15.0.0.139/nios2eds/bin/gnu/h-x86_64-mingw32/bin/../lib/gcc/nios2-elf/4.9.1/../../../../../H-x86_64-mingw32/nios2-elf/lib/mno-hw-mul\libc.a(lib_a-fstatr.o)
 .comment       0x0000000000000000       0x24 c:/altera/15.0.0.139/nios2eds/bin/gnu/h-x86_64-mingw32/bin/../lib/gcc/nios2-elf/4.9.1/../../../../../H-x86_64-mingw32/nios2-elf/lib/mno-hw-mul\libc.a(lib_a-int_errno.o)
 .comment       0x0000000000000000       0x24 c:/altera/15.0.0.139/nios2eds/bin/gnu/h-x86_64-mingw32/bin/../lib/gcc/nios2-elf/4.9.1/../../../../../H-x86_64-mingw32/nios2-elf/lib/mno-hw-mul\libc.a(lib_a-isattyr.o)
 .comment       0x0000000000000000       0x24 c:/altera/15.0.0.139/nios2eds/bin/gnu/h-x86_64-mingw32/bin/../lib/gcc/nios2-elf/4.9.1/../../../../../H-x86_64-mingw32/nios2-elf/lib/mno-hw-mul\libc.a(lib_a-lseekr.o)
 .comment       0x0000000000000000       0x24 c:/altera/15.0.0.139/nios2eds/bin/gnu/h-x86_64-mingw32/bin/../lib/gcc/nios2-elf/4.9.1/../../../../../H-x86_64-mingw32/nios2-elf/lib/mno-hw-mul\libc.a(lib_a-readr.o)
 .comment       0x0000000000000000       0x24 c:/altera/15.0.0.139/nios2eds/bin/gnu/h-x86_64-mingw32/bin/../lib/gcc/nios2-elf/4.9.1/../../../../../H-x86_64-mingw32/nios2-elf/lib/mno-hw-mul\libc.a(lib_a-wbuf.o)
 .comment       0x0000000000000000       0x24 c:/altera/15.0.0.139/nios2eds/bin/gnu/h-x86_64-mingw32/bin/../lib/gcc/nios2-elf/4.9.1/../../../../../H-x86_64-mingw32/nios2-elf/lib/mno-hw-mul\libc.a(lib_a-wcrtomb.o)
 .comment       0x0000000000000000       0x24 c:/altera/15.0.0.139/nios2eds/bin/gnu/h-x86_64-mingw32/bin/../lib/gcc/nios2-elf/4.9.1/../../../../../H-x86_64-mingw32/nios2-elf/lib/mno-hw-mul\libc.a(lib_a-wctomb_r.o)
 .comment       0x0000000000000000       0x24 c:/altera/15.0.0.139/nios2eds/bin/gnu/h-x86_64-mingw32/bin/../lib/gcc/nios2-elf/4.9.1/mno-hw-mul\libgcc.a(_udivdi3.o)
 .comment       0x0000000000000000       0x24 c:/altera/15.0.0.139/nios2eds/bin/gnu/h-x86_64-mingw32/bin/../lib/gcc/nios2-elf/4.9.1/mno-hw-mul\libgcc.a(_umoddi3.o)
 .comment       0x0000000000000000       0x24 c:/altera/15.0.0.139/nios2eds/bin/gnu/h-x86_64-mingw32/bin/../lib/gcc/nios2-elf/4.9.1/mno-hw-mul\libgcc.a(adddf3.o)
 .comment       0x0000000000000000       0x24 c:/altera/15.0.0.139/nios2eds/bin/gnu/h-x86_64-mingw32/bin/../lib/gcc/nios2-elf/4.9.1/mno-hw-mul\libgcc.a(eqdf2.o)
 .comment       0x0000000000000000       0x24 c:/altera/15.0.0.139/nios2eds/bin/gnu/h-x86_64-mingw32/bin/../lib/gcc/nios2-elf/4.9.1/mno-hw-mul\libgcc.a(gedf2.o)
 .comment       0x0000000000000000       0x24 c:/altera/15.0.0.139/nios2eds/bin/gnu/h-x86_64-mingw32/bin/../lib/gcc/nios2-elf/4.9.1/mno-hw-mul\libgcc.a(ledf2.o)
 .comment       0x0000000000000000       0x24 c:/altera/15.0.0.139/nios2eds/bin/gnu/h-x86_64-mingw32/bin/../lib/gcc/nios2-elf/4.9.1/mno-hw-mul\libgcc.a(fixdfsi.o)
 .comment       0x0000000000000000       0x24 c:/altera/15.0.0.139/nios2eds/bin/gnu/h-x86_64-mingw32/bin/../lib/gcc/nios2-elf/4.9.1/mno-hw-mul\libgcc.a(floatunsidf.o)
 .comment       0x0000000000000000       0x24 ../humidity_temp_bsp/\libhal_bsp.a(alt_close.o)
 .comment       0x0000000000000000       0x24 ../humidity_temp_bsp/\libhal_bsp.a(alt_dev.o)
 .comment       0x0000000000000000       0x24 ../humidity_temp_bsp/\libhal_bsp.a(alt_errno.o)
 .comment       0x0000000000000000       0x24 ../humidity_temp_bsp/\libhal_bsp.a(alt_fstat.o)
 .comment       0x0000000000000000       0x24 ../humidity_temp_bsp/\libhal_bsp.a(alt_isatty.o)
 .comment       0x0000000000000000       0x24 ../humidity_temp_bsp/\libhal_bsp.a(alt_load.o)
 .comment       0x0000000000000000       0x24 ../humidity_temp_bsp/\libhal_bsp.a(alt_lseek.o)
 .comment       0x0000000000000000       0x24 ../humidity_temp_bsp/\libhal_bsp.a(alt_main.o)
 .comment       0x0000000000000000       0x24 ../humidity_temp_bsp/\libhal_bsp.a(alt_malloc_lock.o)
 .comment       0x0000000000000000       0x24 ../humidity_temp_bsp/\libhal_bsp.a(alt_read.o)
 .comment       0x0000000000000000       0x24 ../humidity_temp_bsp/\libhal_bsp.a(alt_release_fd.o)
 .comment       0x0000000000000000       0x24 ../humidity_temp_bsp/\libhal_bsp.a(alt_sbrk.o)
 .comment       0x0000000000000000       0x24 ../humidity_temp_bsp/\libhal_bsp.a(alt_write.o)
 .comment       0x0000000000000000       0x24 ../humidity_temp_bsp/\libhal_bsp.a(alt_sys_init.o)
 .comment       0x0000000000000000       0x24 ../humidity_temp_bsp/\libhal_bsp.a(altera_avalon_jtag_uart_fd.o)
 .comment       0x0000000000000000       0x24 ../humidity_temp_bsp/\libhal_bsp.a(altera_avalon_jtag_uart_read.o)
 .comment       0x0000000000000000       0x24 ../humidity_temp_bsp/\libhal_bsp.a(altera_avalon_jtag_uart_write.o)
 .comment       0x0000000000000000       0x24 ../humidity_temp_bsp/\libhal_bsp.a(altera_avalon_timer_sc.o)
 .comment       0x0000000000000000       0x24 ../humidity_temp_bsp/\libhal_bsp.a(altera_modular_adc.o)
 .comment       0x0000000000000000       0x24 ../humidity_temp_bsp/\libhal_bsp.a(altera_onchip_flash.o)
 .comment       0x0000000000000000       0x24 ../humidity_temp_bsp/\libhal_bsp.a(i2c_opencores.o)
 .comment       0x0000000000000000       0x24 ../humidity_temp_bsp/\libhal_bsp.a(alt_dcache_flush.o)
 .comment       0x0000000000000000       0x24 ../humidity_temp_bsp/\libhal_bsp.a(alt_dcache_flush_all.o)
 .comment       0x0000000000000000       0x24 ../humidity_temp_bsp/\libhal_bsp.a(alt_dev_llist_insert.o)
 .comment       0x0000000000000000       0x24 ../humidity_temp_bsp/\libhal_bsp.a(alt_find_dev.o)
 .comment       0x0000000000000000       0x24 ../humidity_temp_bsp/\libhal_bsp.a(alt_flash_dev.o)
 .comment       0x0000000000000000       0x24 ../humidity_temp_bsp/\libhal_bsp.a(alt_icache_flush_all.o)
 .comment       0x0000000000000000       0x24 ../humidity_temp_bsp/\libhal_bsp.a(alt_iic.o)
 .comment       0x0000000000000000       0x24 ../humidity_temp_bsp/\libhal_bsp.a(alt_iic_isr_register.o)
 .comment       0x0000000000000000       0x24 ../humidity_temp_bsp/\libhal_bsp.a(alt_io_redirect.o)
 .comment       0x0000000000000000       0x24 ../humidity_temp_bsp/\libhal_bsp.a(alt_irq_handler.o)
 .comment       0x0000000000000000       0x24 ../humidity_temp_bsp/\libhal_bsp.a(alt_irq_vars.o)
 .comment       0x0000000000000000       0x24 ../humidity_temp_bsp/\libhal_bsp.a(alt_open.o)
 .comment       0x0000000000000000       0x24 ../humidity_temp_bsp/\libhal_bsp.a(alt_tick.o)
 .comment       0x0000000000000000       0x24 ../humidity_temp_bsp/\libhal_bsp.a(altera_nios2_gen2_irq.o)
 .comment       0x0000000000000000       0x24 ../humidity_temp_bsp/\libhal_bsp.a(alt_find_file.o)
 .comment       0x0000000000000000       0x24 ../humidity_temp_bsp/\libhal_bsp.a(alt_get_fd.o)
 .comment       0x0000000000000000       0x24 ../humidity_temp_bsp/\libhal_bsp.a(alt_instruction_exception_entry.o)
 .comment       0x0000000000000000       0x24 c:/altera/15.0.0.139/nios2eds/bin/gnu/h-x86_64-mingw32/bin/../lib/gcc/nios2-elf/4.9.1/../../../../../H-x86_64-mingw32/nios2-elf/lib/mno-hw-mul\libc.a(lib_a-exit.o)
 .comment       0x0000000000000000       0x24 c:/altera/15.0.0.139/nios2eds/bin/gnu/h-x86_64-mingw32/bin/../lib/gcc/nios2-elf/4.9.1/../../../../../H-x86_64-mingw32/nios2-elf/lib/mno-hw-mul\libc.a(lib_a-memcmp.o)
 .comment       0x0000000000000000       0x24 c:/altera/15.0.0.139/nios2eds/bin/gnu/h-x86_64-mingw32/bin/../lib/gcc/nios2-elf/4.9.1/../../../../../H-x86_64-mingw32/nios2-elf/lib/mno-hw-mul\libc.a(lib_a-__call_atexit.o)