TimeQuest Timing Analyzer report for DECA_Gsensor
Sun May 31 22:52:55 2015
Quartus II 64-Bit Version 15.0.0 Build 145 04/22/2015 SJ Full Version


---------------------
; Table of Contents ;
---------------------
  1. Legal Notice
  2. TimeQuest Timing Analyzer Summary
  3. Parallel Compilation
  4. SDC File List
  5. Clocks
  6. Slow 1200mV 85C Model Fmax Summary
  7. Slow 1200mV 85C Model Setup Summary
  8. Slow 1200mV 85C Model Hold Summary
  9. Slow 1200mV 85C Model Recovery Summary
 10. Slow 1200mV 85C Model Removal Summary
 11. Slow 1200mV 85C Model Minimum Pulse Width Summary
 12. Setup Times
 13. Hold Times
 14. Clock to Output Times
 15. Minimum Clock to Output Times
 16. Slow 1200mV 0C Model Fmax Summary
 17. Slow 1200mV 0C Model Setup Summary
 18. Slow 1200mV 0C Model Hold Summary
 19. Slow 1200mV 0C Model Recovery Summary
 20. Slow 1200mV 0C Model Removal Summary
 21. Slow 1200mV 0C Model Minimum Pulse Width Summary
 22. Setup Times
 23. Hold Times
 24. Clock to Output Times
 25. Minimum Clock to Output Times
 26. Fast 1200mV 0C Model Setup Summary
 27. Fast 1200mV 0C Model Hold Summary
 28. Fast 1200mV 0C Model Recovery Summary
 29. Fast 1200mV 0C Model Removal Summary
 30. Fast 1200mV 0C Model Minimum Pulse Width Summary
 31. Setup Times
 32. Hold Times
 33. Clock to Output Times
 34. Minimum Clock to Output Times
 35. Multicorner Timing Analysis Summary
 36. Setup Times
 37. Hold Times
 38. Clock to Output Times
 39. Minimum Clock to Output Times
 40. Board Trace Model Assignments
 41. Input Transition Times
 42. Signal Integrity Metrics (Slow 1200mv 0c Model)
 43. Signal Integrity Metrics (Slow 1200mv 85c Model)
 44. Signal Integrity Metrics (Fast 1200mv 0c Model)
 45. Setup Transfers
 46. Hold Transfers
 47. Recovery Transfers
 48. Removal Transfers
 49. Report TCCS
 50. Report RSKM
 51. Unconstrained Paths
 52. TimeQuest Timing Analyzer Messages



----------------
; Legal Notice ;
----------------
Copyright (C) 1991-2015 Altera Corporation. All rights reserved.
Your use of Altera Corporation's design tools, logic functions 
and other software and tools, and its AMPP partner logic 
functions, and any output files from any of the foregoing 
(including device programming or simulation files), and any 
associated documentation or information are expressly subject 
to the terms and conditions of the Altera Program License 
Subscription Agreement, the Altera Quartus II License Agreement,
the Altera MegaCore Function License Agreement, or other 
applicable license agreement, including, without limitation, 
that your use is for the sole purpose of programming logic 
devices manufactured by Altera and sold by Altera or its 
authorized distributors.  Please refer to the applicable 
agreement for further details.



+--------------------------------------------------------------------------+
; TimeQuest Timing Analyzer Summary                                        ;
+--------------------+-----------------------------------------------------+
; Quartus II Version ; Version 15.0.0 Build 145 04/22/2015 SJ Full Version ;
; Revision Name      ; DECA_Gsensor                                        ;
; Device Family      ; MAX 10                                              ;
; Device Name        ; 10M50DAF484C6GES                                    ;
; Timing Models      ; Preliminary                                         ;
; Delay Model        ; Combined                                            ;
; Rise/Fall Delays   ; Enabled                                             ;
+--------------------+-----------------------------------------------------+


+------------------------------------------+
; Parallel Compilation                     ;
+----------------------------+-------------+
; Processors                 ; Number      ;
+----------------------------+-------------+
; Number detected on machine ; 8           ;
; Maximum allowed            ; 4           ;
;                            ;             ;
; Average used               ; 1.60        ;
; Maximum used               ; 4           ;
;                            ;             ;
; Usage by Processor         ; % Time Used ;
;     Processor 1            ; 100.0%      ;
;     Processors 2-4         ;  20.0%      ;
;     Processors 5-8         ;   0.0%      ;
+----------------------------+-------------+


+------------------------------------------------------------------------------------------------+
; SDC File List                                                                                  ;
+------------------------------------------------------------+--------+--------------------------+
; SDC File Path                                              ; Status ; Read at                  ;
+------------------------------------------------------------+--------+--------------------------+
; dual_boot/synthesis/submodules/altera_reset_controller.sdc ; OK     ; Sun May 31 22:52:51 2015 ;
; DECA_Gsensor.SDC                                           ; OK     ; Sun May 31 22:52:51 2015 ;
+------------------------------------------------------------+--------+--------------------------+


+-----------------------------------------------------------------------------------------------------------------------------------------------------------------------------------------------------------+
; Clocks                                                                                                                                                                                                    ;
+---------------------+------+---------+-----------+-------+--------+------------+-----------+-------------+-------+--------+-----------+------------+----------+--------+--------+-------------------------+
; Clock Name          ; Type ; Period  ; Frequency ; Rise  ; Fall   ; Duty Cycle ; Divide by ; Multiply by ; Phase ; Offset ; Edge List ; Edge Shift ; Inverted ; Master ; Source ; Targets                 ;
+---------------------+------+---------+-----------+-------+--------+------------+-----------+-------------+-------+--------+-----------+------------+----------+--------+--------+-------------------------+
; ADC_CLK_10          ; Base ; 100.000 ; 10.0 MHz  ; 0.000 ; 50.000 ;            ;           ;             ;       ;        ;           ;            ;          ;        ;        ; { ADC_CLK_10 }          ;
; altera_reserved_tck ; Base ; 100.000 ; 10.0 MHz  ; 0.000 ; 50.000 ;            ;           ;             ;       ;        ;           ;            ;          ;        ;        ; { altera_reserved_tck } ;
; MAX10_CLK1_50       ; Base ; 20.000  ; 50.0 MHz  ; 0.000 ; 10.000 ;            ;           ;             ;       ;        ;           ;            ;          ;        ;        ; { MAX10_CLK1_50 }       ;
; MAX10_CLK2_50       ; Base ; 20.000  ; 50.0 MHz  ; 0.000 ; 10.000 ;            ;           ;             ;       ;        ;           ;            ;          ;        ;        ; { MAX10_CLK2_50 }       ;
+---------------------+------+---------+-----------+-------+--------+------------+-----------+-------------+-------+--------+-----------+------------+----------+--------+--------+-------------------------+


+----------------------------------------------------------+
; Slow 1200mV 85C Model Fmax Summary                       ;
+-----------+-----------------+---------------------+------+
; Fmax      ; Restricted Fmax ; Clock Name          ; Note ;
+-----------+-----------------+---------------------+------+
; 82.33 MHz ; 82.33 MHz       ; altera_reserved_tck ;      ;
; 245.4 MHz ; 245.4 MHz       ; MAX10_CLK1_50       ;      ;
+-----------+-----------------+---------------------+------+
This panel reports FMAX for every clock in the design, regardless of the user-specified clock periods.  FMAX is only computed for paths where the source and destination registers or ports are driven by the same clock.  Paths of different clocks, including generated clocks, are ignored.  For paths between a clock and its inversion, FMAX is computed as if the rising and falling edges are scaled along with FMAX, such that the duty cycle (in terms of a percentage) is maintained. Altera recommends that you always use clock constraints and other slack reports for sign-off analysis.


+----------------------------------------------+
; Slow 1200mV 85C Model Setup Summary          ;
+---------------------+--------+---------------+
; Clock               ; Slack  ; End Point TNS ;
+---------------------+--------+---------------+
; MAX10_CLK1_50       ; 15.925 ; 0.000         ;
; altera_reserved_tck ; 43.927 ; 0.000         ;
+---------------------+--------+---------------+


+---------------------------------------------+
; Slow 1200mV 85C Model Hold Summary          ;
+---------------------+-------+---------------+
; Clock               ; Slack ; End Point TNS ;
+---------------------+-------+---------------+
; altera_reserved_tck ; 0.323 ; 0.000         ;
; MAX10_CLK1_50       ; 0.325 ; 0.000         ;
+---------------------+-------+---------------+


+----------------------------------------------+
; Slow 1200mV 85C Model Recovery Summary       ;
+---------------------+--------+---------------+
; Clock               ; Slack  ; End Point TNS ;
+---------------------+--------+---------------+
; MAX10_CLK1_50       ; 17.818 ; 0.000         ;
; altera_reserved_tck ; 48.789 ; 0.000         ;
+---------------------+--------+---------------+


+----------------------------------------------+
; Slow 1200mV 85C Model Removal Summary        ;
+---------------------+--------+---------------+
; Clock               ; Slack  ; End Point TNS ;
+---------------------+--------+---------------+
; MAX10_CLK1_50       ; -0.026 ; -0.276        ;
; altera_reserved_tck ; 0.861  ; 0.000         ;
+---------------------+--------+---------------+


+---------------------------------------------------+
; Slow 1200mV 85C Model Minimum Pulse Width Summary ;
+---------------------+--------+--------------------+
; Clock               ; Slack  ; End Point TNS      ;
+---------------------+--------+--------------------+
; MAX10_CLK1_50       ; 9.541  ; 0.000              ;
; MAX10_CLK2_50       ; 16.000 ; 0.000              ;
; altera_reserved_tck ; 49.509 ; 0.000              ;
; ADC_CLK_10          ; 96.000 ; 0.000              ;
+---------------------+--------+--------------------+


+----------------------------------------------------------------------------------------------+
; Setup Times                                                                                  ;
+---------------------+---------------------+-------+-------+------------+---------------------+
; Data Port           ; Clock Port          ; Rise  ; Fall  ; Clock Edge ; Clock Reference     ;
+---------------------+---------------------+-------+-------+------------+---------------------+
; altera_reserved_tdi ; altera_reserved_tck ; 2.796 ; 2.937 ; Rise       ; altera_reserved_tck ;
; altera_reserved_tms ; altera_reserved_tck ; 3.026 ; 3.167 ; Rise       ; altera_reserved_tck ;
+---------------------+---------------------+-------+-------+------------+---------------------+


+----------------------------------------------------------------------------------------------+
; Hold Times                                                                                   ;
+---------------------+---------------------+-------+-------+------------+---------------------+
; Data Port           ; Clock Port          ; Rise  ; Fall  ; Clock Edge ; Clock Reference     ;
+---------------------+---------------------+-------+-------+------------+---------------------+
; altera_reserved_tdi ; altera_reserved_tck ; 1.075 ; 0.934 ; Rise       ; altera_reserved_tck ;
; altera_reserved_tms ; altera_reserved_tck ; 0.877 ; 0.736 ; Rise       ; altera_reserved_tck ;
+---------------------+---------------------+-------+-------+------------+---------------------+


+------------------------------------------------------------------------------------------------+
; Clock to Output Times                                                                          ;
+---------------------+---------------------+--------+--------+------------+---------------------+
; Data Port           ; Clock Port          ; Rise   ; Fall   ; Clock Edge ; Clock Reference     ;
+---------------------+---------------------+--------+--------+------------+---------------------+
; LED[*]              ; MAX10_CLK1_50       ; 9.620  ; 9.426  ; Rise       ; MAX10_CLK1_50       ;
;  LED[0]             ; MAX10_CLK1_50       ; 8.900  ; 8.782  ; Rise       ; MAX10_CLK1_50       ;
;  LED[1]             ; MAX10_CLK1_50       ; 8.930  ; 8.753  ; Rise       ; MAX10_CLK1_50       ;
;  LED[2]             ; MAX10_CLK1_50       ; 9.077  ; 8.953  ; Rise       ; MAX10_CLK1_50       ;
;  LED[3]             ; MAX10_CLK1_50       ; 8.853  ; 8.739  ; Rise       ; MAX10_CLK1_50       ;
;  LED[4]             ; MAX10_CLK1_50       ; 9.224  ; 9.067  ; Rise       ; MAX10_CLK1_50       ;
;  LED[5]             ; MAX10_CLK1_50       ; 9.177  ; 9.026  ; Rise       ; MAX10_CLK1_50       ;
;  LED[6]             ; MAX10_CLK1_50       ; 9.435  ; 9.324  ; Rise       ; MAX10_CLK1_50       ;
;  LED[7]             ; MAX10_CLK1_50       ; 9.620  ; 9.426  ; Rise       ; MAX10_CLK1_50       ;
; altera_reserved_tdo ; altera_reserved_tck ; 10.928 ; 10.868 ; Fall       ; altera_reserved_tck ;
+---------------------+---------------------+--------+--------+------------+---------------------+


+----------------------------------------------------------------------------------------------+
; Minimum Clock to Output Times                                                                ;
+---------------------+---------------------+-------+-------+------------+---------------------+
; Data Port           ; Clock Port          ; Rise  ; Fall  ; Clock Edge ; Clock Reference     ;
+---------------------+---------------------+-------+-------+------------+---------------------+
; LED[*]              ; MAX10_CLK1_50       ; 8.528 ; 8.418 ; Rise       ; MAX10_CLK1_50       ;
;  LED[0]             ; MAX10_CLK1_50       ; 8.572 ; 8.458 ; Rise       ; MAX10_CLK1_50       ;
;  LED[1]             ; MAX10_CLK1_50       ; 8.601 ; 8.430 ; Rise       ; MAX10_CLK1_50       ;
;  LED[2]             ; MAX10_CLK1_50       ; 8.743 ; 8.623 ; Rise       ; MAX10_CLK1_50       ;
;  LED[3]             ; MAX10_CLK1_50       ; 8.528 ; 8.418 ; Rise       ; MAX10_CLK1_50       ;
;  LED[4]             ; MAX10_CLK1_50       ; 8.884 ; 8.732 ; Rise       ; MAX10_CLK1_50       ;
;  LED[5]             ; MAX10_CLK1_50       ; 8.840 ; 8.693 ; Rise       ; MAX10_CLK1_50       ;
;  LED[6]             ; MAX10_CLK1_50       ; 9.087 ; 8.979 ; Rise       ; MAX10_CLK1_50       ;
;  LED[7]             ; MAX10_CLK1_50       ; 9.263 ; 9.076 ; Rise       ; MAX10_CLK1_50       ;
; altera_reserved_tdo ; altera_reserved_tck ; 8.510 ; 8.450 ; Fall       ; altera_reserved_tck ;
+---------------------+---------------------+-------+-------+------------+---------------------+


+--------------------------------------------------------------------------------------------------------------------+
; Slow 1200mV 0C Model Fmax Summary                                                                                  ;
+------------+-----------------+---------------------+---------------------------------------------------------------+
; Fmax       ; Restricted Fmax ; Clock Name          ; Note                                                          ;
+------------+-----------------+---------------------+---------------------------------------------------------------+
; 90.94 MHz  ; 90.94 MHz       ; altera_reserved_tck ;                                                               ;
; 269.61 MHz ; 250.0 MHz       ; MAX10_CLK1_50       ; limit due to minimum period restriction (max I/O toggle rate) ;
+------------+-----------------+---------------------+---------------------------------------------------------------+
This panel reports FMAX for every clock in the design, regardless of the user-specified clock periods.  FMAX is only computed for paths where the source and destination registers or ports are driven by the same clock.  Paths of different clocks, including generated clocks, are ignored.  For paths between a clock and its inversion, FMAX is computed as if the rising and falling edges are scaled along with FMAX, such that the duty cycle (in terms of a percentage) is maintained. Altera recommends that you always use clock constraints and other slack reports for sign-off analysis.


+----------------------------------------------+
; Slow 1200mV 0C Model Setup Summary           ;
+---------------------+--------+---------------+
; Clock               ; Slack  ; End Point TNS ;
+---------------------+--------+---------------+
; MAX10_CLK1_50       ; 16.291 ; 0.000         ;
; altera_reserved_tck ; 44.502 ; 0.000         ;
+---------------------+--------+---------------+


+---------------------------------------------+
; Slow 1200mV 0C Model Hold Summary           ;
+---------------------+-------+---------------+
; Clock               ; Slack ; End Point TNS ;
+---------------------+-------+---------------+
; altera_reserved_tck ; 0.294 ; 0.000         ;
; MAX10_CLK1_50       ; 0.295 ; 0.000         ;
+---------------------+-------+---------------+


+----------------------------------------------+
; Slow 1200mV 0C Model Recovery Summary        ;
+---------------------+--------+---------------+
; Clock               ; Slack  ; End Point TNS ;
+---------------------+--------+---------------+
; MAX10_CLK1_50       ; 17.986 ; 0.000         ;
; altera_reserved_tck ; 48.882 ; 0.000         ;
+---------------------+--------+---------------+


+----------------------------------------------+
; Slow 1200mV 0C Model Removal Summary         ;
+---------------------+--------+---------------+
; Clock               ; Slack  ; End Point TNS ;
+---------------------+--------+---------------+
; MAX10_CLK1_50       ; -0.010 ; -0.104        ;
; altera_reserved_tck ; 0.790  ; 0.000         ;
+---------------------+--------+---------------+


+--------------------------------------------------+
; Slow 1200mV 0C Model Minimum Pulse Width Summary ;
+---------------------+--------+-------------------+
; Clock               ; Slack  ; End Point TNS     ;
+---------------------+--------+-------------------+
; MAX10_CLK1_50       ; 9.560  ; 0.000             ;
; MAX10_CLK2_50       ; 16.000 ; 0.000             ;
; altera_reserved_tck ; 49.528 ; 0.000             ;
; ADC_CLK_10          ; 96.000 ; 0.000             ;
+---------------------+--------+-------------------+


+----------------------------------------------------------------------------------------------+
; Setup Times                                                                                  ;
+---------------------+---------------------+-------+-------+------------+---------------------+
; Data Port           ; Clock Port          ; Rise  ; Fall  ; Clock Edge ; Clock Reference     ;
+---------------------+---------------------+-------+-------+------------+---------------------+
; altera_reserved_tdi ; altera_reserved_tck ; 2.788 ; 2.908 ; Rise       ; altera_reserved_tck ;
; altera_reserved_tms ; altera_reserved_tck ; 3.037 ; 3.157 ; Rise       ; altera_reserved_tck ;
+---------------------+---------------------+-------+-------+------------+---------------------+


+----------------------------------------------------------------------------------------------+
; Hold Times                                                                                   ;
+---------------------+---------------------+-------+-------+------------+---------------------+
; Data Port           ; Clock Port          ; Rise  ; Fall  ; Clock Edge ; Clock Reference     ;
+---------------------+---------------------+-------+-------+------------+---------------------+
; altera_reserved_tdi ; altera_reserved_tck ; 0.878 ; 0.758 ; Rise       ; altera_reserved_tck ;
; altera_reserved_tms ; altera_reserved_tck ; 0.703 ; 0.583 ; Rise       ; altera_reserved_tck ;
+---------------------+---------------------+-------+-------+------------+---------------------+


+------------------------------------------------------------------------------------------------+
; Clock to Output Times                                                                          ;
+---------------------+---------------------+--------+--------+------------+---------------------+
; Data Port           ; Clock Port          ; Rise   ; Fall   ; Clock Edge ; Clock Reference     ;
+---------------------+---------------------+--------+--------+------------+---------------------+
; LED[*]              ; MAX10_CLK1_50       ; 8.699  ; 8.655  ; Rise       ; MAX10_CLK1_50       ;
;  LED[0]             ; MAX10_CLK1_50       ; 8.053  ; 8.066  ; Rise       ; MAX10_CLK1_50       ;
;  LED[1]             ; MAX10_CLK1_50       ; 8.077  ; 8.020  ; Rise       ; MAX10_CLK1_50       ;
;  LED[2]             ; MAX10_CLK1_50       ; 8.220  ; 8.206  ; Rise       ; MAX10_CLK1_50       ;
;  LED[3]             ; MAX10_CLK1_50       ; 8.010  ; 8.029  ; Rise       ; MAX10_CLK1_50       ;
;  LED[4]             ; MAX10_CLK1_50       ; 8.340  ; 8.332  ; Rise       ; MAX10_CLK1_50       ;
;  LED[5]             ; MAX10_CLK1_50       ; 8.316  ; 8.281  ; Rise       ; MAX10_CLK1_50       ;
;  LED[6]             ; MAX10_CLK1_50       ; 8.538  ; 8.576  ; Rise       ; MAX10_CLK1_50       ;
;  LED[7]             ; MAX10_CLK1_50       ; 8.699  ; 8.655  ; Rise       ; MAX10_CLK1_50       ;
; altera_reserved_tdo ; altera_reserved_tck ; 10.322 ; 10.221 ; Fall       ; altera_reserved_tck ;
+---------------------+---------------------+--------+--------+------------+---------------------+


+----------------------------------------------------------------------------------------------+
; Minimum Clock to Output Times                                                                ;
+---------------------+---------------------+-------+-------+------------+---------------------+
; Data Port           ; Clock Port          ; Rise  ; Fall  ; Clock Edge ; Clock Reference     ;
+---------------------+---------------------+-------+-------+------------+---------------------+
; LED[*]              ; MAX10_CLK1_50       ; 7.713 ; 7.722 ; Rise       ; MAX10_CLK1_50       ;
;  LED[0]             ; MAX10_CLK1_50       ; 7.754 ; 7.766 ; Rise       ; MAX10_CLK1_50       ;
;  LED[1]             ; MAX10_CLK1_50       ; 7.776 ; 7.722 ; Rise       ; MAX10_CLK1_50       ;
;  LED[2]             ; MAX10_CLK1_50       ; 7.915 ; 7.902 ; Rise       ; MAX10_CLK1_50       ;
;  LED[3]             ; MAX10_CLK1_50       ; 7.713 ; 7.732 ; Rise       ; MAX10_CLK1_50       ;
;  LED[4]             ; MAX10_CLK1_50       ; 8.030 ; 8.023 ; Rise       ; MAX10_CLK1_50       ;
;  LED[5]             ; MAX10_CLK1_50       ; 8.007 ; 7.974 ; Rise       ; MAX10_CLK1_50       ;
;  LED[6]             ; MAX10_CLK1_50       ; 8.220 ; 8.257 ; Rise       ; MAX10_CLK1_50       ;
;  LED[7]             ; MAX10_CLK1_50       ; 8.373 ; 8.332 ; Rise       ; MAX10_CLK1_50       ;
; altera_reserved_tdo ; altera_reserved_tck ; 7.914 ; 7.813 ; Fall       ; altera_reserved_tck ;
+---------------------+---------------------+-------+-------+------------+---------------------+


+----------------------------------------------+
; Fast 1200mV 0C Model Setup Summary           ;
+---------------------+--------+---------------+
; Clock               ; Slack  ; End Point TNS ;
+---------------------+--------+---------------+
; MAX10_CLK1_50       ; 17.989 ; 0.000         ;
; altera_reserved_tck ; 47.275 ; 0.000         ;
+---------------------+--------+---------------+


+---------------------------------------------+
; Fast 1200mV 0C Model Hold Summary           ;
+---------------------+-------+---------------+
; Clock               ; Slack ; End Point TNS ;
+---------------------+-------+---------------+
; altera_reserved_tck ; 0.147 ; 0.000         ;
; MAX10_CLK1_50       ; 0.149 ; 0.000         ;
+---------------------+-------+---------------+


+----------------------------------------------+
; Fast 1200mV 0C Model Recovery Summary        ;
+---------------------+--------+---------------+
; Clock               ; Slack  ; End Point TNS ;
+---------------------+--------+---------------+
; MAX10_CLK1_50       ; 18.933 ; 0.000         ;
; altera_reserved_tck ; 49.710 ; 0.000         ;
+---------------------+--------+---------------+


+----------------------------------------------+
; Fast 1200mV 0C Model Removal Summary         ;
+---------------------+--------+---------------+
; Clock               ; Slack  ; End Point TNS ;
+---------------------+--------+---------------+
; MAX10_CLK1_50       ; -0.015 ; -0.165        ;
; altera_reserved_tck ; 0.410  ; 0.000         ;
+---------------------+--------+---------------+


+--------------------------------------------------+
; Fast 1200mV 0C Model Minimum Pulse Width Summary ;
+---------------------+--------+-------------------+
; Clock               ; Slack  ; End Point TNS     ;
+---------------------+--------+-------------------+
; MAX10_CLK1_50       ; 9.387  ; 0.000             ;
; MAX10_CLK2_50       ; 16.000 ; 0.000             ;
; altera_reserved_tck ; 49.364 ; 0.000             ;
; ADC_CLK_10          ; 96.000 ; 0.000             ;
+---------------------+--------+-------------------+


+----------------------------------------------------------------------------------------------+
; Setup Times                                                                                  ;
+---------------------+---------------------+-------+-------+------------+---------------------+
; Data Port           ; Clock Port          ; Rise  ; Fall  ; Clock Edge ; Clock Reference     ;
+---------------------+---------------------+-------+-------+------------+---------------------+
; altera_reserved_tdi ; altera_reserved_tck ; 1.177 ; 1.533 ; Rise       ; altera_reserved_tck ;
; altera_reserved_tms ; altera_reserved_tck ; 1.297 ; 1.653 ; Rise       ; altera_reserved_tck ;
+---------------------+---------------------+-------+-------+------------+---------------------+


+----------------------------------------------------------------------------------------------+
; Hold Times                                                                                   ;
+---------------------+---------------------+-------+-------+------------+---------------------+
; Data Port           ; Clock Port          ; Rise  ; Fall  ; Clock Edge ; Clock Reference     ;
+---------------------+---------------------+-------+-------+------------+---------------------+
; altera_reserved_tdi ; altera_reserved_tck ; 0.802 ; 0.446 ; Rise       ; altera_reserved_tck ;
; altera_reserved_tms ; altera_reserved_tck ; 0.634 ; 0.278 ; Rise       ; altera_reserved_tck ;
+---------------------+---------------------+-------+-------+------------+---------------------+


+----------------------------------------------------------------------------------------------+
; Clock to Output Times                                                                        ;
+---------------------+---------------------+-------+-------+------------+---------------------+
; Data Port           ; Clock Port          ; Rise  ; Fall  ; Clock Edge ; Clock Reference     ;
+---------------------+---------------------+-------+-------+------------+---------------------+
; LED[*]              ; MAX10_CLK1_50       ; 5.089 ; 4.858 ; Rise       ; MAX10_CLK1_50       ;
;  LED[0]             ; MAX10_CLK1_50       ; 4.683 ; 4.507 ; Rise       ; MAX10_CLK1_50       ;
;  LED[1]             ; MAX10_CLK1_50       ; 4.700 ; 4.507 ; Rise       ; MAX10_CLK1_50       ;
;  LED[2]             ; MAX10_CLK1_50       ; 4.801 ; 4.617 ; Rise       ; MAX10_CLK1_50       ;
;  LED[3]             ; MAX10_CLK1_50       ; 4.670 ; 4.505 ; Rise       ; MAX10_CLK1_50       ;
;  LED[4]             ; MAX10_CLK1_50       ; 4.860 ; 4.659 ; Rise       ; MAX10_CLK1_50       ;
;  LED[5]             ; MAX10_CLK1_50       ; 4.879 ; 4.675 ; Rise       ; MAX10_CLK1_50       ;
;  LED[6]             ; MAX10_CLK1_50       ; 4.996 ; 4.791 ; Rise       ; MAX10_CLK1_50       ;
;  LED[7]             ; MAX10_CLK1_50       ; 5.089 ; 4.858 ; Rise       ; MAX10_CLK1_50       ;
; altera_reserved_tdo ; altera_reserved_tck ; 5.787 ; 5.731 ; Fall       ; altera_reserved_tck ;
+---------------------+---------------------+-------+-------+------------+---------------------+


+----------------------------------------------------------------------------------------------+
; Minimum Clock to Output Times                                                                ;
+---------------------+---------------------+-------+-------+------------+---------------------+
; Data Port           ; Clock Port          ; Rise  ; Fall  ; Clock Edge ; Clock Reference     ;
+---------------------+---------------------+-------+-------+------------+---------------------+
; LED[*]              ; MAX10_CLK1_50       ; 4.516 ; 4.357 ; Rise       ; MAX10_CLK1_50       ;
;  LED[0]             ; MAX10_CLK1_50       ; 4.528 ; 4.358 ; Rise       ; MAX10_CLK1_50       ;
;  LED[1]             ; MAX10_CLK1_50       ; 4.545 ; 4.358 ; Rise       ; MAX10_CLK1_50       ;
;  LED[2]             ; MAX10_CLK1_50       ; 4.643 ; 4.465 ; Rise       ; MAX10_CLK1_50       ;
;  LED[3]             ; MAX10_CLK1_50       ; 4.516 ; 4.357 ; Rise       ; MAX10_CLK1_50       ;
;  LED[4]             ; MAX10_CLK1_50       ; 4.699 ; 4.504 ; Rise       ; MAX10_CLK1_50       ;
;  LED[5]             ; MAX10_CLK1_50       ; 4.718 ; 4.521 ; Rise       ; MAX10_CLK1_50       ;
;  LED[6]             ; MAX10_CLK1_50       ; 4.830 ; 4.632 ; Rise       ; MAX10_CLK1_50       ;
;  LED[7]             ; MAX10_CLK1_50       ; 4.918 ; 4.695 ; Rise       ; MAX10_CLK1_50       ;
; altera_reserved_tdo ; altera_reserved_tck ; 4.487 ; 4.431 ; Fall       ; altera_reserved_tck ;
+---------------------+---------------------+-------+-------+------------+---------------------+


+----------------------------------------------------------------------------------+
; Multicorner Timing Analysis Summary                                              ;
+----------------------+--------+-------+----------+---------+---------------------+
; Clock                ; Setup  ; Hold  ; Recovery ; Removal ; Minimum Pulse Width ;
+----------------------+--------+-------+----------+---------+---------------------+
; Worst-case Slack     ; 15.925 ; 0.147 ; 17.818   ; -0.026  ; 9.387               ;
;  ADC_CLK_10          ; N/A    ; N/A   ; N/A      ; N/A     ; 96.000              ;
;  MAX10_CLK1_50       ; 15.925 ; 0.149 ; 17.818   ; -0.026  ; 9.387               ;
;  MAX10_CLK2_50       ; N/A    ; N/A   ; N/A      ; N/A     ; 16.000              ;
;  altera_reserved_tck ; 43.927 ; 0.147 ; 48.789   ; 0.410   ; 49.364              ;
; Design-wide TNS      ; 0.0    ; 0.0   ; 0.0      ; -0.276  ; 0.0                 ;
;  ADC_CLK_10          ; N/A    ; N/A   ; N/A      ; N/A     ; 0.000               ;
;  MAX10_CLK1_50       ; 0.000  ; 0.000 ; 0.000    ; -0.276  ; 0.000               ;
;  MAX10_CLK2_50       ; N/A    ; N/A   ; N/A      ; N/A     ; 0.000               ;
;  altera_reserved_tck ; 0.000  ; 0.000 ; 0.000    ; 0.000   ; 0.000               ;
+----------------------+--------+-------+----------+---------+---------------------+


+----------------------------------------------------------------------------------------------+
; Setup Times                                                                                  ;
+---------------------+---------------------+-------+-------+------------+---------------------+
; Data Port           ; Clock Port          ; Rise  ; Fall  ; Clock Edge ; Clock Reference     ;
+---------------------+---------------------+-------+-------+------------+---------------------+
; altera_reserved_tdi ; altera_reserved_tck ; 2.796 ; 2.937 ; Rise       ; altera_reserved_tck ;
; altera_reserved_tms ; altera_reserved_tck ; 3.037 ; 3.167 ; Rise       ; altera_reserved_tck ;
+---------------------+---------------------+-------+-------+------------+---------------------+


+----------------------------------------------------------------------------------------------+
; Hold Times                                                                                   ;
+---------------------+---------------------+-------+-------+------------+---------------------+
; Data Port           ; Clock Port          ; Rise  ; Fall  ; Clock Edge ; Clock Reference     ;
+---------------------+---------------------+-------+-------+------------+---------------------+
; altera_reserved_tdi ; altera_reserved_tck ; 1.075 ; 0.934 ; Rise       ; altera_reserved_tck ;
; altera_reserved_tms ; altera_reserved_tck ; 0.877 ; 0.736 ; Rise       ; altera_reserved_tck ;
+---------------------+---------------------+-------+-------+------------+---------------------+


+------------------------------------------------------------------------------------------------+
; Clock to Output Times                                                                          ;
+---------------------+---------------------+--------+--------+------------+---------------------+
; Data Port           ; Clock Port          ; Rise   ; Fall   ; Clock Edge ; Clock Reference     ;
+---------------------+---------------------+--------+--------+------------+---------------------+
; LED[*]              ; MAX10_CLK1_50       ; 9.620  ; 9.426  ; Rise       ; MAX10_CLK1_50       ;
;  LED[0]             ; MAX10_CLK1_50       ; 8.900  ; 8.782  ; Rise       ; MAX10_CLK1_50       ;
;  LED[1]             ; MAX10_CLK1_50       ; 8.930  ; 8.753  ; Rise       ; MAX10_CLK1_50       ;
;  LED[2]             ; MAX10_CLK1_50       ; 9.077  ; 8.953  ; Rise       ; MAX10_CLK1_50       ;
;  LED[3]             ; MAX10_CLK1_50       ; 8.853  ; 8.739  ; Rise       ; MAX10_CLK1_50       ;
;  LED[4]             ; MAX10_CLK1_50       ; 9.224  ; 9.067  ; Rise       ; MAX10_CLK1_50       ;
;  LED[5]             ; MAX10_CLK1_50       ; 9.177  ; 9.026  ; Rise       ; MAX10_CLK1_50       ;
;  LED[6]             ; MAX10_CLK1_50       ; 9.435  ; 9.324  ; Rise       ; MAX10_CLK1_50       ;
;  LED[7]             ; MAX10_CLK1_50       ; 9.620  ; 9.426  ; Rise       ; MAX10_CLK1_50       ;
; altera_reserved_tdo ; altera_reserved_tck ; 10.928 ; 10.868 ; Fall       ; altera_reserved_tck ;
+---------------------+---------------------+--------+--------+------------+---------------------+


+----------------------------------------------------------------------------------------------+
; Minimum Clock to Output Times                                                                ;
+---------------------+---------------------+-------+-------+------------+---------------------+
; Data Port           ; Clock Port          ; Rise  ; Fall  ; Clock Edge ; Clock Reference     ;
+---------------------+---------------------+-------+-------+------------+---------------------+
; LED[*]              ; MAX10_CLK1_50       ; 4.516 ; 4.357 ; Rise       ; MAX10_CLK1_50       ;
;  LED[0]             ; MAX10_CLK1_50       ; 4.528 ; 4.358 ; Rise       ; MAX10_CLK1_50       ;
;  LED[1]             ; MAX10_CLK1_50       ; 4.545 ; 4.358 ; Rise       ; MAX10_CLK1_50       ;
;  LED[2]             ; MAX10_CLK1_50       ; 4.643 ; 4.465 ; Rise       ; MAX10_CLK1_50       ;
;  LED[3]             ; MAX10_CLK1_50       ; 4.516 ; 4.357 ; Rise       ; MAX10_CLK1_50       ;
;  LED[4]             ; MAX10_CLK1_50       ; 4.699 ; 4.504 ; Rise       ; MAX10_CLK1_50       ;
;  LED[5]             ; MAX10_CLK1_50       ; 4.718 ; 4.521 ; Rise       ; MAX10_CLK1_50       ;
;  LED[6]             ; MAX10_CLK1_50       ; 4.830 ; 4.632 ; Rise       ; MAX10_CLK1_50       ;
;  LED[7]             ; MAX10_CLK1_50       ; 4.918 ; 4.695 ; Rise       ; MAX10_CLK1_50       ;
; altera_reserved_tdo ; altera_reserved_tck ; 4.487 ; 4.431 ; Fall       ; altera_reserved_tck ;
+---------------------+---------------------+-------+-------+------------+---------------------+


+------------------------------------------------------------------------------------------------------------------------------------------------------------------------------------------------------------------------------------------------------------------------------------------------------------------------------------------------------------------------------------------------------------------------+
; Board Trace Model Assignments                                                                                                                                                                                                                                                                                                                                                                                          ;
+---------------------+--------------+-------------------+-------------------------+-------------------------+---------------+---------------------+----------------+------------------+--------+------------------+------------------------+------------------------+--------------+---------------+-----------------+-------+---------------------+--------------------+---------------+-----------------+-------------+
; Pin                 ; I/O Standard ; Near Tline Length ; Near Tline L per Length ; Near Tline C per Length ; Near Series R ; Near Differential R ; Near Pull-up R ; Near Pull-down R ; Near C ; Far Tline Length ; Far Tline L per Length ; Far Tline C per Length ; Far Series R ; Far Pull-up R ; Far Pull-down R ; Far C ; Termination Voltage ; Far Differential R ; EBD File Name ; EBD Signal Name ; EBD Far-end ;
+---------------------+--------------+-------------------+-------------------------+-------------------------+---------------+---------------------+----------------+------------------+--------+------------------+------------------------+------------------------+--------------+---------------+-----------------+-------+---------------------+--------------------+---------------+-----------------+-------------+
; LED[0]              ; 1.5 V        ; 0 in              ; 0 H/in                  ; 0 F/in                  ; short         ; -                   ; open           ; open             ; open   ; 0 in             ; 0 H/in                 ; 0 F/in                 ; short        ; open          ; open            ; open  ; 0 V                 ; -                  ; n/a           ; n/a             ; n/a         ;
; LED[1]              ; 1.5 V        ; 0 in              ; 0 H/in                  ; 0 F/in                  ; short         ; -                   ; open           ; open             ; open   ; 0 in             ; 0 H/in                 ; 0 F/in                 ; short        ; open          ; open            ; open  ; 0 V                 ; -                  ; n/a           ; n/a             ; n/a         ;
; LED[2]              ; 1.5 V        ; 0 in              ; 0 H/in                  ; 0 F/in                  ; short         ; -                   ; open           ; open             ; open   ; 0 in             ; 0 H/in                 ; 0 F/in                 ; short        ; open          ; open            ; open  ; 0 V                 ; -                  ; n/a           ; n/a             ; n/a         ;
; LED[3]              ; 1.5 V        ; 0 in              ; 0 H/in                  ; 0 F/in                  ; short         ; -                   ; open           ; open             ; open   ; 0 in             ; 0 H/in                 ; 0 F/in                 ; short        ; open          ; open            ; open  ; 0 V                 ; -                  ; n/a           ; n/a             ; n/a         ;
; LED[4]              ; 1.5 V        ; 0 in              ; 0 H/in                  ; 0 F/in                  ; short         ; -                   ; open           ; open             ; open   ; 0 in             ; 0 H/in                 ; 0 F/in                 ; short        ; open          ; open            ; open  ; 0 V                 ; -                  ; n/a           ; n/a             ; n/a         ;
; LED[5]              ; 1.5 V        ; 0 in              ; 0 H/in                  ; 0 F/in                  ; short         ; -                   ; open           ; open             ; open   ; 0 in             ; 0 H/in                 ; 0 F/in                 ; short        ; open          ; open            ; open  ; 0 V                 ; -                  ; n/a           ; n/a             ; n/a         ;
; LED[6]              ; 1.5 V        ; 0 in              ; 0 H/in                  ; 0 F/in                  ; short         ; -                   ; open           ; open             ; open   ; 0 in             ; 0 H/in                 ; 0 F/in                 ; short        ; open          ; open            ; open  ; 0 V                 ; -                  ; n/a           ; n/a             ; n/a         ;
; LED[7]              ; 1.5 V        ; 0 in              ; 0 H/in                  ; 0 F/in                  ; short         ; -                   ; open           ; open             ; open   ; 0 in             ; 0 H/in                 ; 0 F/in                 ; short        ; open          ; open            ; open  ; 0 V                 ; -                  ; n/a           ; n/a             ; n/a         ;
; G_SENSOR_CS_n       ; 1.5 V        ; 0 in              ; 0 H/in                  ; 0 F/in                  ; short         ; -                   ; open           ; open             ; open   ; 0 in             ; 0 H/in                 ; 0 F/in                 ; short        ; open          ; open            ; open  ; 0 V                 ; -                  ; n/a           ; n/a             ; n/a         ;
; G_SENSOR_SCLK       ; 1.5 V        ; 0 in              ; 0 H/in                  ; 0 F/in                  ; short         ; -                   ; open           ; open             ; open   ; 0 in             ; 0 H/in                 ; 0 F/in                 ; short        ; open          ; open            ; open  ; 0 V                 ; -                  ; n/a           ; n/a             ; n/a         ;
; G_SENSOR_SDI        ; 1.5 V        ; 0 in              ; 0 H/in                  ; 0 F/in                  ; short         ; -                   ; open           ; open             ; open   ; 0 in             ; 0 H/in                 ; 0 F/in                 ; short        ; open          ; open            ; open  ; 0 V                 ; -                  ; n/a           ; n/a             ; n/a         ;
; G_SENSOR_SDO        ; 1.5 V        ; 0 in              ; 0 H/in                  ; 0 F/in                  ; short         ; -                   ; open           ; open             ; open   ; 0 in             ; 0 H/in                 ; 0 F/in                 ; short        ; open          ; open            ; open  ; 0 V                 ; -                  ; n/a           ; n/a             ; n/a         ;
; altera_reserved_tdo ; 2.5 V        ; 0 in              ; 0 H/in                  ; 0 F/in                  ; short         ; -                   ; open           ; open             ; open   ; 0 in             ; 0 H/in                 ; 0 F/in                 ; short        ; open          ; open            ; open  ; 0 V                 ; -                  ; n/a           ; n/a             ; n/a         ;
+---------------------+--------------+-------------------+-------------------------+-------------------------+---------------+---------------------+----------------+------------------+--------+------------------+------------------------+------------------------+--------------+---------------+-----------------+-------+---------------------+--------------------+---------------+-----------------+-------------+


+---------------------------------------------------------------------------------+
; Input Transition Times                                                          ;
+---------------------+-----------------------+-----------------+-----------------+
; Pin                 ; I/O Standard          ; 10-90 Rise Time ; 90-10 Fall Time ;
+---------------------+-----------------------+-----------------+-----------------+
; ADC_CLK_10          ; 2.5 V                 ; 2000 ps         ; 2000 ps         ;
; MAX10_CLK2_50       ; 3.3-V LVTTL           ; 2640 ps         ; 2640 ps         ;
; KEY[1]              ; 1.5 V Schmitt Trigger ; 1200 ps         ; 1200 ps         ;
; SW[0]               ; 1.5 V Schmitt Trigger ; 1200 ps         ; 1200 ps         ;
; SW[1]               ; 1.5 V Schmitt Trigger ; 1200 ps         ; 1200 ps         ;
; G_SENSOR_SCLK       ; 1.5 V                 ; 1200 ps         ; 1200 ps         ;
; G_SENSOR_SDI        ; 1.5 V                 ; 1200 ps         ; 1200 ps         ;
; G_SENSOR_SDO        ; 1.5 V                 ; 1200 ps         ; 1200 ps         ;
; G_SENSOR_INT1       ; 1.5 V                 ; 1200 ps         ; 1200 ps         ;
; G_SENSOR_INT2       ; 1.5 V                 ; 1200 ps         ; 1200 ps         ;
; KEY[0]              ; 1.5 V Schmitt Trigger ; 1200 ps         ; 1200 ps         ;
; MAX10_CLK1_50       ; 2.5 V                 ; 2000 ps         ; 2000 ps         ;
; altera_reserved_tms ; 2.5 V Schmitt Trigger ; 2000 ps         ; 2000 ps         ;
; altera_reserved_tck ; 2.5 V Schmitt Trigger ; 2000 ps         ; 2000 ps         ;
; altera_reserved_tdi ; 2.5 V Schmitt Trigger ; 2000 ps         ; 2000 ps         ;
; ~ALTERA_CONFIG_SEL~ ; 1.5 V                 ; 1200 ps         ; 1200 ps         ;
+---------------------+-----------------------+-----------------+-----------------+


+--------------------------------------------------------------------------------------------------------------------------------------------------------------------------------------------------------------------------------------------------------------------------------------------------------------------------------------------------------------------------------------------------------------------------------------------------------------------------------------------------------------------------------------------------------------------------------------------------------------------------------------------------------------------------------------------------+
; Signal Integrity Metrics (Slow 1200mv 0c Model)                                                                                                                                                                                                                                                                                                                                                                                                                                                                                                                                                                                                                                                  ;
+---------------------+--------------+---------------------+---------------------+------------------------------+------------------------------+---------------------+---------------------+--------------------------------------+--------------------------------------+-----------------------------+-----------------------------+----------------------------+----------------------------+-----------------------------+-----------------------------+--------------------+--------------------+-------------------------------------+-------------------------------------+----------------------------+----------------------------+---------------------------+---------------------------+
; Pin                 ; I/O Standard ; Board Delay on Rise ; Board Delay on Fall ; Steady State Voh at FPGA Pin ; Steady State Vol at FPGA Pin ; Voh Max at FPGA Pin ; Vol Min at FPGA Pin ; Ringback Voltage on Rise at FPGA Pin ; Ringback Voltage on Fall at FPGA Pin ; 10-90 Rise Time at FPGA Pin ; 90-10 Fall Time at FPGA Pin ; Monotonic Rise at FPGA Pin ; Monotonic Fall at FPGA Pin ; Steady State Voh at Far-end ; Steady State Vol at Far-end ; Voh Max at Far-end ; Vol Min at Far-end ; Ringback Voltage on Rise at Far-end ; Ringback Voltage on Fall at Far-end ; 10-90 Rise Time at Far-end ; 90-10 Fall Time at Far-end ; Monotonic Rise at Far-end ; Monotonic Fall at Far-end ;
+---------------------+--------------+---------------------+---------------------+------------------------------+------------------------------+---------------------+---------------------+--------------------------------------+--------------------------------------+-----------------------------+-----------------------------+----------------------------+----------------------------+-----------------------------+-----------------------------+--------------------+--------------------+-------------------------------------+-------------------------------------+----------------------------+----------------------------+---------------------------+---------------------------+
; LED[0]              ; 1.5 V        ; 0 s                 ; 0 s                 ; 1.37 V                       ; 5.84e-09 V                   ; 1.4 V               ; -0.01 V             ; 0.095 V                              ; 0.043 V                              ; 4.7e-10 s                   ; 5.87e-10 s                  ; Yes                        ; Yes                        ; 1.37 V                      ; 5.84e-09 V                  ; 1.4 V              ; -0.01 V            ; 0.095 V                             ; 0.043 V                             ; 4.7e-10 s                  ; 5.87e-10 s                 ; Yes                       ; Yes                       ;
; LED[1]              ; 1.5 V        ; 0 s                 ; 0 s                 ; 1.37 V                       ; 5.84e-09 V                   ; 1.4 V               ; -0.01 V             ; 0.095 V                              ; 0.043 V                              ; 4.7e-10 s                   ; 5.87e-10 s                  ; Yes                        ; Yes                        ; 1.37 V                      ; 5.84e-09 V                  ; 1.4 V              ; -0.01 V            ; 0.095 V                             ; 0.043 V                             ; 4.7e-10 s                  ; 5.87e-10 s                 ; Yes                       ; Yes                       ;
; LED[2]              ; 1.5 V        ; 0 s                 ; 0 s                 ; 1.37 V                       ; 5.84e-09 V                   ; 1.4 V               ; -0.01 V             ; 0.095 V                              ; 0.043 V                              ; 4.7e-10 s                   ; 5.87e-10 s                  ; Yes                        ; Yes                        ; 1.37 V                      ; 5.84e-09 V                  ; 1.4 V              ; -0.01 V            ; 0.095 V                             ; 0.043 V                             ; 4.7e-10 s                  ; 5.87e-10 s                 ; Yes                       ; Yes                       ;
; LED[3]              ; 1.5 V        ; 0 s                 ; 0 s                 ; 1.37 V                       ; 5.84e-09 V                   ; 1.4 V               ; -0.01 V             ; 0.095 V                              ; 0.043 V                              ; 4.7e-10 s                   ; 5.87e-10 s                  ; Yes                        ; Yes                        ; 1.37 V                      ; 5.84e-09 V                  ; 1.4 V              ; -0.01 V            ; 0.095 V                             ; 0.043 V                             ; 4.7e-10 s                  ; 5.87e-10 s                 ; Yes                       ; Yes                       ;
; LED[4]              ; 1.5 V        ; 0 s                 ; 0 s                 ; 1.37 V                       ; 5.84e-09 V                   ; 1.4 V               ; -0.01 V             ; 0.095 V                              ; 0.043 V                              ; 4.7e-10 s                   ; 5.87e-10 s                  ; Yes                        ; Yes                        ; 1.37 V                      ; 5.84e-09 V                  ; 1.4 V              ; -0.01 V            ; 0.095 V                             ; 0.043 V                             ; 4.7e-10 s                  ; 5.87e-10 s                 ; Yes                       ; Yes                       ;
; LED[5]              ; 1.5 V        ; 0 s                 ; 0 s                 ; 1.37 V                       ; 5.84e-09 V                   ; 1.4 V               ; -0.01 V             ; 0.095 V                              ; 0.043 V                              ; 4.7e-10 s                   ; 5.87e-10 s                  ; Yes                        ; Yes                        ; 1.37 V                      ; 5.84e-09 V                  ; 1.4 V              ; -0.01 V            ; 0.095 V                             ; 0.043 V                             ; 4.7e-10 s                  ; 5.87e-10 s                 ; Yes                       ; Yes                       ;
; LED[6]              ; 1.5 V        ; 0 s                 ; 0 s                 ; 1.37 V                       ; 5.84e-09 V                   ; 1.4 V               ; -0.01 V             ; 0.095 V                              ; 0.043 V                              ; 4.7e-10 s                   ; 5.87e-10 s                  ; Yes                        ; Yes                        ; 1.37 V                      ; 5.84e-09 V                  ; 1.4 V              ; -0.01 V            ; 0.095 V                             ; 0.043 V                             ; 4.7e-10 s                  ; 5.87e-10 s                 ; Yes                       ; Yes                       ;
; LED[7]              ; 1.5 V        ; 0 s                 ; 0 s                 ; 1.37 V                       ; 5.84e-09 V                   ; 1.4 V               ; -0.01 V             ; 0.095 V                              ; 0.043 V                              ; 4.7e-10 s                   ; 5.87e-10 s                  ; Yes                        ; Yes                        ; 1.37 V                      ; 5.84e-09 V                  ; 1.4 V              ; -0.01 V            ; 0.095 V                             ; 0.043 V                             ; 4.7e-10 s                  ; 5.87e-10 s                 ; Yes                       ; Yes                       ;
; G_SENSOR_CS_n       ; 1.5 V        ; 0 s                 ; 0 s                 ; 1.37 V                       ; 5.84e-09 V                   ; 1.4 V               ; -0.01 V             ; 0.095 V                              ; 0.043 V                              ; 4.7e-10 s                   ; 5.87e-10 s                  ; Yes                        ; Yes                        ; 1.37 V                      ; 5.84e-09 V                  ; 1.4 V              ; -0.01 V            ; 0.095 V                             ; 0.043 V                             ; 4.7e-10 s                  ; 5.87e-10 s                 ; Yes                       ; Yes                       ;
; G_SENSOR_SCLK       ; 1.5 V        ; 0 s                 ; 0 s                 ; 1.37 V                       ; 5.84e-09 V                   ; 1.4 V               ; -0.01 V             ; 0.095 V                              ; 0.043 V                              ; 4.7e-10 s                   ; 5.87e-10 s                  ; Yes                        ; Yes                        ; 1.37 V                      ; 5.84e-09 V                  ; 1.4 V              ; -0.01 V            ; 0.095 V                             ; 0.043 V                             ; 4.7e-10 s                  ; 5.87e-10 s                 ; Yes                       ; Yes                       ;
; G_SENSOR_SDI        ; 1.5 V        ; 0 s                 ; 0 s                 ; 1.37 V                       ; 5.84e-09 V                   ; 1.4 V               ; -0.01 V             ; 0.095 V                              ; 0.043 V                              ; 4.7e-10 s                   ; 5.87e-10 s                  ; Yes                        ; Yes                        ; 1.37 V                      ; 5.84e-09 V                  ; 1.4 V              ; -0.01 V            ; 0.095 V                             ; 0.043 V                             ; 4.7e-10 s                  ; 5.87e-10 s                 ; Yes                       ; Yes                       ;
; G_SENSOR_SDO        ; 1.5 V        ; 0 s                 ; 0 s                 ; 1.37 V                       ; 5.84e-09 V                   ; 1.4 V               ; -0.01 V             ; 0.095 V                              ; 0.043 V                              ; 4.7e-10 s                   ; 5.87e-10 s                  ; Yes                        ; Yes                        ; 1.37 V                      ; 5.84e-09 V                  ; 1.4 V              ; -0.01 V            ; 0.095 V                             ; 0.043 V                             ; 4.7e-10 s                  ; 5.87e-10 s                 ; Yes                       ; Yes                       ;
; altera_reserved_tdo ; 2.5 V        ; 0 s                 ; 0 s                 ; 2.32 V                       ; 2.37e-08 V                   ; 2.38 V              ; -0.036 V            ; 0.163 V                              ; 0.239 V                              ; 6.46e-10 s                  ; 6.63e-10 s                  ; No                         ; No                         ; 2.32 V                      ; 2.37e-08 V                  ; 2.38 V             ; -0.036 V           ; 0.163 V                             ; 0.239 V                             ; 6.46e-10 s                 ; 6.63e-10 s                 ; No                        ; No                        ;
+---------------------+--------------+---------------------+---------------------+------------------------------+------------------------------+---------------------+---------------------+--------------------------------------+--------------------------------------+-----------------------------+-----------------------------+----------------------------+----------------------------+-----------------------------+-----------------------------+--------------------+--------------------+-------------------------------------+-------------------------------------+----------------------------+----------------------------+---------------------------+---------------------------+


+--------------------------------------------------------------------------------------------------------------------------------------------------------------------------------------------------------------------------------------------------------------------------------------------------------------------------------------------------------------------------------------------------------------------------------------------------------------------------------------------------------------------------------------------------------------------------------------------------------------------------------------------------------------------------------------------------+
; Signal Integrity Metrics (Slow 1200mv 85c Model)                                                                                                                                                                                                                                                                                                                                                                                                                                                                                                                                                                                                                                                 ;
+---------------------+--------------+---------------------+---------------------+------------------------------+------------------------------+---------------------+---------------------+--------------------------------------+--------------------------------------+-----------------------------+-----------------------------+----------------------------+----------------------------+-----------------------------+-----------------------------+--------------------+--------------------+-------------------------------------+-------------------------------------+----------------------------+----------------------------+---------------------------+---------------------------+
; Pin                 ; I/O Standard ; Board Delay on Rise ; Board Delay on Fall ; Steady State Voh at FPGA Pin ; Steady State Vol at FPGA Pin ; Voh Max at FPGA Pin ; Vol Min at FPGA Pin ; Ringback Voltage on Rise at FPGA Pin ; Ringback Voltage on Fall at FPGA Pin ; 10-90 Rise Time at FPGA Pin ; 90-10 Fall Time at FPGA Pin ; Monotonic Rise at FPGA Pin ; Monotonic Fall at FPGA Pin ; Steady State Voh at Far-end ; Steady State Vol at Far-end ; Voh Max at Far-end ; Vol Min at Far-end ; Ringback Voltage on Rise at Far-end ; Ringback Voltage on Fall at Far-end ; 10-90 Rise Time at Far-end ; 90-10 Fall Time at Far-end ; Monotonic Rise at Far-end ; Monotonic Fall at Far-end ;
+---------------------+--------------+---------------------+---------------------+------------------------------+------------------------------+---------------------+---------------------+--------------------------------------+--------------------------------------+-----------------------------+-----------------------------+----------------------------+----------------------------+-----------------------------+-----------------------------+--------------------+--------------------+-------------------------------------+-------------------------------------+----------------------------+----------------------------+---------------------------+---------------------------+
; LED[0]              ; 1.5 V        ; 0 s                 ; 0 s                 ; 1.37 V                       ; 1.06e-06 V                   ; 1.39 V              ; -0.00663 V          ; 0.057 V                              ; 0.034 V                              ; 6.09e-10 s                  ; 6.71e-10 s                  ; Yes                        ; Yes                        ; 1.37 V                      ; 1.06e-06 V                  ; 1.39 V             ; -0.00663 V         ; 0.057 V                             ; 0.034 V                             ; 6.09e-10 s                 ; 6.71e-10 s                 ; Yes                       ; Yes                       ;
; LED[1]              ; 1.5 V        ; 0 s                 ; 0 s                 ; 1.37 V                       ; 1.06e-06 V                   ; 1.39 V              ; -0.00663 V          ; 0.057 V                              ; 0.034 V                              ; 6.09e-10 s                  ; 6.71e-10 s                  ; Yes                        ; Yes                        ; 1.37 V                      ; 1.06e-06 V                  ; 1.39 V             ; -0.00663 V         ; 0.057 V                             ; 0.034 V                             ; 6.09e-10 s                 ; 6.71e-10 s                 ; Yes                       ; Yes                       ;
; LED[2]              ; 1.5 V        ; 0 s                 ; 0 s                 ; 1.37 V                       ; 1.06e-06 V                   ; 1.39 V              ; -0.00663 V          ; 0.057 V                              ; 0.034 V                              ; 6.09e-10 s                  ; 6.71e-10 s                  ; Yes                        ; Yes                        ; 1.37 V                      ; 1.06e-06 V                  ; 1.39 V             ; -0.00663 V         ; 0.057 V                             ; 0.034 V                             ; 6.09e-10 s                 ; 6.71e-10 s                 ; Yes                       ; Yes                       ;
; LED[3]              ; 1.5 V        ; 0 s                 ; 0 s                 ; 1.37 V                       ; 1.06e-06 V                   ; 1.39 V              ; -0.00663 V          ; 0.057 V                              ; 0.034 V                              ; 6.09e-10 s                  ; 6.71e-10 s                  ; Yes                        ; Yes                        ; 1.37 V                      ; 1.06e-06 V                  ; 1.39 V             ; -0.00663 V         ; 0.057 V                             ; 0.034 V                             ; 6.09e-10 s                 ; 6.71e-10 s                 ; Yes                       ; Yes                       ;
; LED[4]              ; 1.5 V        ; 0 s                 ; 0 s                 ; 1.37 V                       ; 1.06e-06 V                   ; 1.39 V              ; -0.00663 V          ; 0.057 V                              ; 0.034 V                              ; 6.09e-10 s                  ; 6.71e-10 s                  ; Yes                        ; Yes                        ; 1.37 V                      ; 1.06e-06 V                  ; 1.39 V             ; -0.00663 V         ; 0.057 V                             ; 0.034 V                             ; 6.09e-10 s                 ; 6.71e-10 s                 ; Yes                       ; Yes                       ;
; LED[5]              ; 1.5 V        ; 0 s                 ; 0 s                 ; 1.37 V                       ; 1.06e-06 V                   ; 1.39 V              ; -0.00663 V          ; 0.057 V                              ; 0.034 V                              ; 6.09e-10 s                  ; 6.71e-10 s                  ; Yes                        ; Yes                        ; 1.37 V                      ; 1.06e-06 V                  ; 1.39 V             ; -0.00663 V         ; 0.057 V                             ; 0.034 V                             ; 6.09e-10 s                 ; 6.71e-10 s                 ; Yes                       ; Yes                       ;
; LED[6]              ; 1.5 V        ; 0 s                 ; 0 s                 ; 1.37 V                       ; 1.06e-06 V                   ; 1.39 V              ; -0.00663 V          ; 0.057 V                              ; 0.034 V                              ; 6.09e-10 s                  ; 6.71e-10 s                  ; Yes                        ; Yes                        ; 1.37 V                      ; 1.06e-06 V                  ; 1.39 V             ; -0.00663 V         ; 0.057 V                             ; 0.034 V                             ; 6.09e-10 s                 ; 6.71e-10 s                 ; Yes                       ; Yes                       ;
; LED[7]              ; 1.5 V        ; 0 s                 ; 0 s                 ; 1.37 V                       ; 1.06e-06 V                   ; 1.39 V              ; -0.00663 V          ; 0.057 V                              ; 0.034 V                              ; 6.09e-10 s                  ; 6.71e-10 s                  ; Yes                        ; Yes                        ; 1.37 V                      ; 1.06e-06 V                  ; 1.39 V             ; -0.00663 V         ; 0.057 V                             ; 0.034 V                             ; 6.09e-10 s                 ; 6.71e-10 s                 ; Yes                       ; Yes                       ;
; G_SENSOR_CS_n       ; 1.5 V        ; 0 s                 ; 0 s                 ; 1.37 V                       ; 1.06e-06 V                   ; 1.39 V              ; -0.00663 V          ; 0.057 V                              ; 0.034 V                              ; 6.09e-10 s                  ; 6.71e-10 s                  ; Yes                        ; Yes                        ; 1.37 V                      ; 1.06e-06 V                  ; 1.39 V             ; -0.00663 V         ; 0.057 V                             ; 0.034 V                             ; 6.09e-10 s                 ; 6.71e-10 s                 ; Yes                       ; Yes                       ;
; G_SENSOR_SCLK       ; 1.5 V        ; 0 s                 ; 0 s                 ; 1.37 V                       ; 1.06e-06 V                   ; 1.39 V              ; -0.00663 V          ; 0.057 V                              ; 0.034 V                              ; 6.09e-10 s                  ; 6.71e-10 s                  ; Yes                        ; Yes                        ; 1.37 V                      ; 1.06e-06 V                  ; 1.39 V             ; -0.00663 V         ; 0.057 V                             ; 0.034 V                             ; 6.09e-10 s                 ; 6.71e-10 s                 ; Yes                       ; Yes                       ;
; G_SENSOR_SDI        ; 1.5 V        ; 0 s                 ; 0 s                 ; 1.37 V                       ; 1.06e-06 V                   ; 1.39 V              ; -0.00663 V          ; 0.057 V                              ; 0.034 V                              ; 6.09e-10 s                  ; 6.71e-10 s                  ; Yes                        ; Yes                        ; 1.37 V                      ; 1.06e-06 V                  ; 1.39 V             ; -0.00663 V         ; 0.057 V                             ; 0.034 V                             ; 6.09e-10 s                 ; 6.71e-10 s                 ; Yes                       ; Yes                       ;
; G_SENSOR_SDO        ; 1.5 V        ; 0 s                 ; 0 s                 ; 1.37 V                       ; 1.06e-06 V                   ; 1.39 V              ; -0.00663 V          ; 0.057 V                              ; 0.034 V                              ; 6.09e-10 s                  ; 6.71e-10 s                  ; Yes                        ; Yes                        ; 1.37 V                      ; 1.06e-06 V                  ; 1.39 V             ; -0.00663 V         ; 0.057 V                             ; 0.034 V                             ; 6.09e-10 s                 ; 6.71e-10 s                 ; Yes                       ; Yes                       ;
; altera_reserved_tdo ; 2.5 V        ; 0 s                 ; 0 s                 ; 2.32 V                       ; 3.7e-06 V                    ; 2.36 V              ; -0.0169 V           ; 0.24 V                               ; 0.193 V                              ; 7e-10 s                     ; 8.35e-10 s                  ; No                         ; Yes                        ; 2.32 V                      ; 3.7e-06 V                   ; 2.36 V             ; -0.0169 V          ; 0.24 V                              ; 0.193 V                             ; 7e-10 s                    ; 8.35e-10 s                 ; No                        ; Yes                       ;
+---------------------+--------------+---------------------+---------------------+------------------------------+------------------------------+---------------------+---------------------+--------------------------------------+--------------------------------------+-----------------------------+-----------------------------+----------------------------+----------------------------+-----------------------------+-----------------------------+--------------------+--------------------+-------------------------------------+-------------------------------------+----------------------------+----------------------------+---------------------------+---------------------------+


+--------------------------------------------------------------------------------------------------------------------------------------------------------------------------------------------------------------------------------------------------------------------------------------------------------------------------------------------------------------------------------------------------------------------------------------------------------------------------------------------------------------------------------------------------------------------------------------------------------------------------------------------------------------------------------------------------+
; Signal Integrity Metrics (Fast 1200mv 0c Model)                                                                                                                                                                                                                                                                                                                                                                                                                                                                                                                                                                                                                                                  ;
+---------------------+--------------+---------------------+---------------------+------------------------------+------------------------------+---------------------+---------------------+--------------------------------------+--------------------------------------+-----------------------------+-----------------------------+----------------------------+----------------------------+-----------------------------+-----------------------------+--------------------+--------------------+-------------------------------------+-------------------------------------+----------------------------+----------------------------+---------------------------+---------------------------+
; Pin                 ; I/O Standard ; Board Delay on Rise ; Board Delay on Fall ; Steady State Voh at FPGA Pin ; Steady State Vol at FPGA Pin ; Voh Max at FPGA Pin ; Vol Min at FPGA Pin ; Ringback Voltage on Rise at FPGA Pin ; Ringback Voltage on Fall at FPGA Pin ; 10-90 Rise Time at FPGA Pin ; 90-10 Fall Time at FPGA Pin ; Monotonic Rise at FPGA Pin ; Monotonic Fall at FPGA Pin ; Steady State Voh at Far-end ; Steady State Vol at Far-end ; Voh Max at Far-end ; Vol Min at Far-end ; Ringback Voltage on Rise at Far-end ; Ringback Voltage on Fall at Far-end ; 10-90 Rise Time at Far-end ; 90-10 Fall Time at Far-end ; Monotonic Rise at Far-end ; Monotonic Fall at Far-end ;
+---------------------+--------------+---------------------+---------------------+------------------------------+------------------------------+---------------------+---------------------+--------------------------------------+--------------------------------------+-----------------------------+-----------------------------+----------------------------+----------------------------+-----------------------------+-----------------------------+--------------------+--------------------+-------------------------------------+-------------------------------------+----------------------------+----------------------------+---------------------------+---------------------------+
; LED[0]              ; 1.5 V        ; 0 s                 ; 0 s                 ; 1.57 V                       ; 2.95e-08 V                   ; 1.63 V              ; -0.0358 V           ; 0.146 V                              ; 0.059 V                              ; 2.83e-10 s                  ; 4.1e-10 s                   ; Yes                        ; Yes                        ; 1.57 V                      ; 2.95e-08 V                  ; 1.63 V             ; -0.0358 V          ; 0.146 V                             ; 0.059 V                             ; 2.83e-10 s                 ; 4.1e-10 s                  ; Yes                       ; Yes                       ;
; LED[1]              ; 1.5 V        ; 0 s                 ; 0 s                 ; 1.57 V                       ; 2.95e-08 V                   ; 1.63 V              ; -0.0358 V           ; 0.146 V                              ; 0.059 V                              ; 2.83e-10 s                  ; 4.1e-10 s                   ; Yes                        ; Yes                        ; 1.57 V                      ; 2.95e-08 V                  ; 1.63 V             ; -0.0358 V          ; 0.146 V                             ; 0.059 V                             ; 2.83e-10 s                 ; 4.1e-10 s                  ; Yes                       ; Yes                       ;
; LED[2]              ; 1.5 V        ; 0 s                 ; 0 s                 ; 1.57 V                       ; 2.95e-08 V                   ; 1.63 V              ; -0.0358 V           ; 0.146 V                              ; 0.059 V                              ; 2.83e-10 s                  ; 4.1e-10 s                   ; Yes                        ; Yes                        ; 1.57 V                      ; 2.95e-08 V                  ; 1.63 V             ; -0.0358 V          ; 0.146 V                             ; 0.059 V                             ; 2.83e-10 s                 ; 4.1e-10 s                  ; Yes                       ; Yes                       ;
; LED[3]              ; 1.5 V        ; 0 s                 ; 0 s                 ; 1.57 V                       ; 2.95e-08 V                   ; 1.63 V              ; -0.0358 V           ; 0.146 V                              ; 0.059 V                              ; 2.83e-10 s                  ; 4.1e-10 s                   ; Yes                        ; Yes                        ; 1.57 V                      ; 2.95e-08 V                  ; 1.63 V             ; -0.0358 V          ; 0.146 V                             ; 0.059 V                             ; 2.83e-10 s                 ; 4.1e-10 s                  ; Yes                       ; Yes                       ;
; LED[4]              ; 1.5 V        ; 0 s                 ; 0 s                 ; 1.57 V                       ; 2.95e-08 V                   ; 1.63 V              ; -0.0358 V           ; 0.146 V                              ; 0.059 V                              ; 2.83e-10 s                  ; 4.1e-10 s                   ; Yes                        ; Yes                        ; 1.57 V                      ; 2.95e-08 V                  ; 1.63 V             ; -0.0358 V          ; 0.146 V                             ; 0.059 V                             ; 2.83e-10 s                 ; 4.1e-10 s                  ; Yes                       ; Yes                       ;
; LED[5]              ; 1.5 V        ; 0 s                 ; 0 s                 ; 1.57 V                       ; 2.95e-08 V                   ; 1.63 V              ; -0.0358 V           ; 0.146 V                              ; 0.059 V                              ; 2.83e-10 s                  ; 4.1e-10 s                   ; Yes                        ; Yes                        ; 1.57 V                      ; 2.95e-08 V                  ; 1.63 V             ; -0.0358 V          ; 0.146 V                             ; 0.059 V                             ; 2.83e-10 s                 ; 4.1e-10 s                  ; Yes                       ; Yes                       ;
; LED[6]              ; 1.5 V        ; 0 s                 ; 0 s                 ; 1.57 V                       ; 2.95e-08 V                   ; 1.63 V              ; -0.0358 V           ; 0.146 V                              ; 0.059 V                              ; 2.83e-10 s                  ; 4.1e-10 s                   ; Yes                        ; Yes                        ; 1.57 V                      ; 2.95e-08 V                  ; 1.63 V             ; -0.0358 V          ; 0.146 V                             ; 0.059 V                             ; 2.83e-10 s                 ; 4.1e-10 s                  ; Yes                       ; Yes                       ;
; LED[7]              ; 1.5 V        ; 0 s                 ; 0 s                 ; 1.57 V                       ; 2.95e-08 V                   ; 1.63 V              ; -0.0358 V           ; 0.146 V                              ; 0.059 V                              ; 2.83e-10 s                  ; 4.1e-10 s                   ; Yes                        ; Yes                        ; 1.57 V                      ; 2.95e-08 V                  ; 1.63 V             ; -0.0358 V          ; 0.146 V                             ; 0.059 V                             ; 2.83e-10 s                 ; 4.1e-10 s                  ; Yes                       ; Yes                       ;
; G_SENSOR_CS_n       ; 1.5 V        ; 0 s                 ; 0 s                 ; 1.57 V                       ; 2.95e-08 V                   ; 1.63 V              ; -0.0358 V           ; 0.146 V                              ; 0.059 V                              ; 2.83e-10 s                  ; 4.1e-10 s                   ; Yes                        ; Yes                        ; 1.57 V                      ; 2.95e-08 V                  ; 1.63 V             ; -0.0358 V          ; 0.146 V                             ; 0.059 V                             ; 2.83e-10 s                 ; 4.1e-10 s                  ; Yes                       ; Yes                       ;
; G_SENSOR_SCLK       ; 1.5 V        ; 0 s                 ; 0 s                 ; 1.57 V                       ; 2.95e-08 V                   ; 1.63 V              ; -0.0358 V           ; 0.146 V                              ; 0.059 V                              ; 2.83e-10 s                  ; 4.1e-10 s                   ; Yes                        ; Yes                        ; 1.57 V                      ; 2.95e-08 V                  ; 1.63 V             ; -0.0358 V          ; 0.146 V                             ; 0.059 V                             ; 2.83e-10 s                 ; 4.1e-10 s                  ; Yes                       ; Yes                       ;
; G_SENSOR_SDI        ; 1.5 V        ; 0 s                 ; 0 s                 ; 1.57 V                       ; 2.95e-08 V                   ; 1.63 V              ; -0.0358 V           ; 0.146 V                              ; 0.059 V                              ; 2.83e-10 s                  ; 4.1e-10 s                   ; Yes                        ; Yes                        ; 1.57 V                      ; 2.95e-08 V                  ; 1.63 V             ; -0.0358 V          ; 0.146 V                             ; 0.059 V                             ; 2.83e-10 s                 ; 4.1e-10 s                  ; Yes                       ; Yes                       ;
; G_SENSOR_SDO        ; 1.5 V        ; 0 s                 ; 0 s                 ; 1.57 V                       ; 2.95e-08 V                   ; 1.63 V              ; -0.0358 V           ; 0.146 V                              ; 0.059 V                              ; 2.83e-10 s                  ; 4.1e-10 s                   ; Yes                        ; Yes                        ; 1.57 V                      ; 2.95e-08 V                  ; 1.63 V             ; -0.0358 V          ; 0.146 V                             ; 0.059 V                             ; 2.83e-10 s                 ; 4.1e-10 s                  ; Yes                       ; Yes                       ;
; altera_reserved_tdo ; 2.5 V        ; 0 s                 ; 0 s                 ; 2.62 V                       ; 1.94e-07 V                   ; 2.72 V              ; -0.0267 V           ; 0.222 V                              ; 0.078 V                              ; 4.6e-10 s                   ; 5e-10 s                     ; No                         ; Yes                        ; 2.62 V                      ; 1.94e-07 V                  ; 2.72 V             ; -0.0267 V          ; 0.222 V                             ; 0.078 V                             ; 4.6e-10 s                  ; 5e-10 s                    ; No                        ; Yes                       ;
+---------------------+--------------+---------------------+---------------------+------------------------------+------------------------------+---------------------+---------------------+--------------------------------------+--------------------------------------+-----------------------------+-----------------------------+----------------------------+----------------------------+-----------------------------+-----------------------------+--------------------+--------------------+-------------------------------------+-------------------------------------+----------------------------+----------------------------+---------------------------+---------------------------+


+---------------------------------------------------------------------------------------+
; Setup Transfers                                                                       ;
+---------------------+---------------------+----------+----------+----------+----------+
; From Clock          ; To Clock            ; RR Paths ; FR Paths ; RF Paths ; FF Paths ;
+---------------------+---------------------+----------+----------+----------+----------+
; altera_reserved_tck ; altera_reserved_tck ; 8620     ; 0        ; 84       ; 0        ;
; MAX10_CLK1_50       ; MAX10_CLK1_50       ; 2309     ; 0        ; 0        ; 0        ;
+---------------------+---------------------+----------+----------+----------+----------+
Entries labeled "false path" only account for clock-to-clock false paths and not path-based false paths. As a result, actual path counts may be lower than reported.


+---------------------------------------------------------------------------------------+
; Hold Transfers                                                                        ;
+---------------------+---------------------+----------+----------+----------+----------+
; From Clock          ; To Clock            ; RR Paths ; FR Paths ; RF Paths ; FF Paths ;
+---------------------+---------------------+----------+----------+----------+----------+
; altera_reserved_tck ; altera_reserved_tck ; 8620     ; 0        ; 84       ; 0        ;
; MAX10_CLK1_50       ; MAX10_CLK1_50       ; 2309     ; 0        ; 0        ; 0        ;
+---------------------+---------------------+----------+----------+----------+----------+
Entries labeled "false path" only account for clock-to-clock false paths and not path-based false paths. As a result, actual path counts may be lower than reported.


+---------------------------------------------------------------------------------------+
; Recovery Transfers                                                                    ;
+---------------------+---------------------+----------+----------+----------+----------+
; From Clock          ; To Clock            ; RR Paths ; FR Paths ; RF Paths ; FF Paths ;
+---------------------+---------------------+----------+----------+----------+----------+
; altera_reserved_tck ; altera_reserved_tck ; 530      ; 0        ; 1        ; 0        ;
; MAX10_CLK1_50       ; MAX10_CLK1_50       ; 21       ; 0        ; 0        ; 0        ;
+---------------------+---------------------+----------+----------+----------+----------+
Entries labeled "false path" only account for clock-to-clock false paths and not path-based false paths. As a result, actual path counts may be lower than reported.


+---------------------------------------------------------------------------------------+
; Removal Transfers                                                                     ;
+---------------------+---------------------+----------+----------+----------+----------+
; From Clock          ; To Clock            ; RR Paths ; FR Paths ; RF Paths ; FF Paths ;
+---------------------+---------------------+----------+----------+----------+----------+
; altera_reserved_tck ; altera_reserved_tck ; 530      ; 0        ; 1        ; 0        ;
; MAX10_CLK1_50       ; MAX10_CLK1_50       ; 21       ; 0        ; 0        ; 0        ;
+---------------------+---------------------+----------+----------+----------+----------+
Entries labeled "false path" only account for clock-to-clock false paths and not path-based false paths. As a result, actual path counts may be lower than reported.


---------------
; Report TCCS ;
---------------
No dedicated SERDES Transmitter circuitry present in device or used in design


---------------
; Report RSKM ;
---------------
No non-DPA dedicated SERDES Receiver circuitry present in device or used in design


+------------------------------------------------+
; Unconstrained Paths                            ;
+---------------------------------+-------+------+
; Property                        ; Setup ; Hold ;
+---------------------------------+-------+------+
; Illegal Clocks                  ; 0     ; 0    ;
; Unconstrained Clocks            ; 1     ; 1    ;
; Unconstrained Input Ports       ; 6     ; 6    ;
; Unconstrained Input Port Paths  ; 238   ; 238  ;
; Unconstrained Output Ports      ; 12    ; 12   ;
; Unconstrained Output Port Paths ; 12    ; 12   ;
+---------------------------------+-------+------+


+------------------------------------+
; TimeQuest Timing Analyzer Messages ;
+------------------------------------+
Warning (125092): Tcl Script File adc_qsys/synthesis/adc_qsys.qip not found
    Info (125063): set_global_assignment -name QIP_FILE adc_qsys/synthesis/adc_qsys.qip
Info: *******************************************************************
Info: Running Quartus II 64-Bit TimeQuest Timing Analyzer
    Info: Version 15.0.0 Build 145 04/22/2015 SJ Full Version
    Info: Processing started: Sun May 31 22:52:48 2015
Info: Command: quartus_sta DECA_Gsensor -c DECA_Gsensor
Info: qsta_default_script.tcl version: #11
Info (11104): Parallel Compilation has detected 8 hyper-threaded processors. However, the extra hyper-threaded processors will not be used by default. Parallel Compilation will use 4 of the 4 physical processors detected instead.
Info (21077): Low junction temperature is 0 degrees C
Info (21077): High junction temperature is 85 degrees C
Info (332164): Evaluating HDL-embedded SDC commands
    Info (332165): Entity sld_hub
        Info (332166): create_clock -name altera_reserved_tck [get_ports {altera_reserved_tck}] -period 10MHz   
        Info (332166): set_clock_groups -asynchronous -group {altera_reserved_tck}
Info (332104): Reading SDC File: 'dual_boot/synthesis/submodules/altera_reset_controller.sdc'
Info (332104): Reading SDC File: 'DECA_Gsensor.SDC'
Info (332151): Clock uncertainty is not calculated until you update the timing netlist.
Warning (332060): Node: SPI_CTL:spi|SYS_CLK was determined to be a clock but was found without an associated clock assignment.
    Info (13166): Register SPI_CTL:spi|DATA_RDY is being clocked by SPI_CTL:spi|SYS_CLK
Info (332097): The following timing edges are non-unate.  TimeQuest will assume pos-unate behavior for these edges in the clock network.
    Info (332098): Cell: altera_internal_jtag  from: tck  to: tckutap
Info (332123): Deriving Clock Uncertainty. Please refer to report_sdc in TimeQuest to see clock uncertainties.
Info: Found TIMEQUEST_REPORT_SCRIPT_INCLUDE_DEFAULT_ANALYSIS = ON
Info: Analyzing Slow 1200mV 85C Model
Info: Can't run Report Timing Closure Recommendations. The current device family is not supported.
Info (332146): Worst-case setup slack is 15.925
    Info (332119):     Slack       End Point TNS Clock 
    Info (332119): ========= =================== =====================
    Info (332119):    15.925               0.000 MAX10_CLK1_50 
    Info (332119):    43.927               0.000 altera_reserved_tck 
Info (332146): Worst-case hold slack is 0.323
    Info (332119):     Slack       End Point TNS Clock 
    Info (332119): ========= =================== =====================
    Info (332119):     0.323               0.000 altera_reserved_tck 
    Info (332119):     0.325               0.000 MAX10_CLK1_50 
Info (332146): Worst-case recovery slack is 17.818
    Info (332119):     Slack       End Point TNS Clock 
    Info (332119): ========= =================== =====================
    Info (332119):    17.818               0.000 MAX10_CLK1_50 
    Info (332119):    48.789               0.000 altera_reserved_tck 
Critical Warning (332148): Timing requirements not met
Info (332146): Worst-case removal slack is -0.026
    Info (332119):     Slack       End Point TNS Clock 
    Info (332119): ========= =================== =====================
    Info (332119):    -0.026              -0.276 MAX10_CLK1_50 
    Info (332119):     0.861               0.000 altera_reserved_tck 
Info (332146): Worst-case minimum pulse width slack is 9.541
    Info (332119):     Slack       End Point TNS Clock 
    Info (332119): ========= =================== =====================
    Info (332119):     9.541               0.000 MAX10_CLK1_50 
    Info (332119):    16.000               0.000 MAX10_CLK2_50 
    Info (332119):    49.509               0.000 altera_reserved_tck 
    Info (332119):    96.000               0.000 ADC_CLK_10 
Info (332001): The selected device family is not supported by the report_metastability command.
Info: Analyzing Slow 1200mV 0C Model
Info (334003): Started post-fitting delay annotation
Warning (334000): Timing characteristics of device 10M50DAF484C6GES are preliminary
Info (334004): Delay annotation completed successfully
Warning (332060): Node: SPI_CTL:spi|SYS_CLK was determined to be a clock but was found without an associated clock assignment.
    Info (13166): Register SPI_CTL:spi|DATA_RDY is being clocked by SPI_CTL:spi|SYS_CLK
Info (332097): The following timing edges are non-unate.  TimeQuest will assume pos-unate behavior for these edges in the clock network.
    Info (332098): Cell: altera_internal_jtag  from: tck  to: tckutap
Info (332123): Deriving Clock Uncertainty. Please refer to report_sdc in TimeQuest to see clock uncertainties.
Info (332146): Worst-case setup slack is 16.291
    Info (332119):     Slack       End Point TNS Clock 
    Info (332119): ========= =================== =====================
    Info (332119):    16.291               0.000 MAX10_CLK1_50 
    Info (332119):    44.502               0.000 altera_reserved_tck 
Info (332146): Worst-case hold slack is 0.294
    Info (332119):     Slack       End Point TNS Clock 
    Info (332119): ========= =================== =====================
    Info (332119):     0.294               0.000 altera_reserved_tck 
    Info (332119):     0.295               0.000 MAX10_CLK1_50 
Info (332146): Worst-case recovery slack is 17.986
    Info (332119):     Slack       End Point TNS Clock 
    Info (332119): ========= =================== =====================
    Info (332119):    17.986               0.000 MAX10_CLK1_50 
    Info (332119):    48.882               0.000 altera_reserved_tck 
Critical Warning (332148): Timing requirements not met
Info (332146): Worst-case removal slack is -0.010
    Info (332119):     Slack       End Point TNS Clock 
    Info (332119): ========= =================== =====================
    Info (332119):    -0.010              -0.104 MAX10_CLK1_50 
    Info (332119):     0.790               0.000 altera_reserved_tck 
Info (332146): Worst-case minimum pulse width slack is 9.560
    Info (332119):     Slack       End Point TNS Clock 
    Info (332119): ========= =================== =====================
    Info (332119):     9.560               0.000 MAX10_CLK1_50 
    Info (332119):    16.000               0.000 MAX10_CLK2_50 
    Info (332119):    49.528               0.000 altera_reserved_tck 
    Info (332119):    96.000               0.000 ADC_CLK_10 
Info (332001): The selected device family is not supported by the report_metastability command.
Info: Analyzing Fast 1200mV 0C Model
Warning (332060): Node: SPI_CTL:spi|SYS_CLK was determined to be a clock but was found without an associated clock assignment.
    Info (13166): Register SPI_CTL:spi|DATA_RDY is being clocked by SPI_CTL:spi|SYS_CLK
Info (332097): The following timing edges are non-unate.  TimeQuest will assume pos-unate behavior for these edges in the clock network.
    Info (332098): Cell: altera_internal_jtag  from: tck  to: tckutap
Info (332123): Deriving Clock Uncertainty. Please refer to report_sdc in TimeQuest to see clock uncertainties.
Info (332146): Worst-case setup slack is 17.989
    Info (332119):     Slack       End Point TNS Clock 
    Info (332119): ========= =================== =====================
    Info (332119):    17.989               0.000 MAX10_CLK1_50 
    Info (332119):    47.275               0.000 altera_reserved_tck 
Info (332146): Worst-case hold slack is 0.147
    Info (332119):     Slack       End Point TNS Clock 
    Info (332119): ========= =================== =====================
    Info (332119):     0.147               0.000 altera_reserved_tck 
    Info (332119):     0.149               0.000 MAX10_CLK1_50 
Info (332146): Worst-case recovery slack is 18.933
    Info (332119):     Slack       End Point TNS Clock 
    Info (332119): ========= =================== =====================
    Info (332119):    18.933               0.000 MAX10_CLK1_50 
    Info (332119):    49.710               0.000 altera_reserved_tck 
Critical Warning (332148): Timing requirements not met
Info (332146): Worst-case removal slack is -0.015
    Info (332119):     Slack       End Point TNS Clock 
    Info (332119): ========= =================== =====================
    Info (332119):    -0.015              -0.165 MAX10_CLK1_50 
    Info (332119):     0.410               0.000 altera_reserved_tck 
Info (332146): Worst-case minimum pulse width slack is 9.387
    Info (332119):     Slack       End Point TNS Clock 
    Info (332119): ========= =================== =====================
    Info (332119):     9.387               0.000 MAX10_CLK1_50 
    Info (332119):    16.000               0.000 MAX10_CLK2_50 
    Info (332119):    49.364               0.000 altera_reserved_tck 
    Info (332119):    96.000               0.000 ADC_CLK_10 
Info (332001): The selected device family is not supported by the report_metastability command.
Info (332102): Design is not fully constrained for setup requirements
Info (332102): Design is not fully constrained for hold requirements
Info: Quartus II 64-Bit TimeQuest Timing Analyzer was successful. 0 errors, 8 warnings
    Info: Peak virtual memory: 784 megabytes
    Info: Processing ended: Sun May 31 22:52:55 2015
    Info: Elapsed time: 00:00:07
    Info: Total CPU time (on all processors): 00:00:11


